Feb 13 16:02:14 localhost kernel: [    0.000000] Linux version 5.15.0-130-generic (buildd@lcy02-amd64-056) (gcc (Ubuntu 11.4.0-1ubuntu1~22.04) 11.4.0, GNU ld (GNU Binutils for Ubuntu) 2.38) #140-Ubuntu SMP Wed Dec 18 17:59:53 UTC 2024 (Ubuntu 5.15.0-130.140-generic 5.15.168)
Feb 13 16:02:14 localhost kernel: [    0.000000] Command line: BOOT_IMAGE=/boot/vmlinuz-5.15.0-130-generic root=UUID=c4b52a3f-818a-c891-ac4a-b949bf511e72 ro console=ttyS0,19200n8 net.ifnames=0
Feb 13 16:02:14 localhost kernel: [    0.000000] KERNEL supported cpus:
Feb 13 16:02:14 localhost kernel: [    0.000000]   Intel GenuineIntel
Feb 13 16:02:14 localhost kernel: [    0.000000]   AMD AuthenticAMD
Feb 13 16:02:14 localhost kernel: [    0.000000]   Hygon HygonGenuine
Feb 13 16:02:14 localhost kernel: [    0.000000]   Centaur CentaurHauls
Feb 13 16:02:14 localhost kernel: [    0.000000]   zhaoxin   Shanghai  
Feb 13 16:02:14 localhost kernel: [    0.000000] BIOS-provided physical RAM map:
Feb 13 16:02:14 localhost kernel: [    0.000000] BIOS-e820: [mem 0x0000000000000000-0x000000000009fbff] usable
Feb 13 16:02:14 localhost kernel: [    0.000000] BIOS-e820: [mem 0x000000000009fc00-0x000000000009ffff] reserved
Feb 13 16:02:14 localhost kernel: [    0.000000] BIOS-e820: [mem 0x00000000000f0000-0x00000000000fffff] reserved
Feb 13 16:02:14 localhost kernel: [    0.000000] BIOS-e820: [mem 0x0000000000100000-0x000000003ffd9fff] usable
Feb 13 16:02:14 localhost kernel: [    0.000000] BIOS-e820: [mem 0x000000003ffda000-0x000000003fffffff] reserved
Feb 13 16:02:14 localhost kernel: [    0.000000] BIOS-e820: [mem 0x00000000b0000000-0x00000000bfffffff] reserved
Feb 13 16:02:14 localhost kernel: [    0.000000] BIOS-e820: [mem 0x00000000fed1c000-0x00000000fed1ffff] reserved
Feb 13 16:02:14 localhost kernel: [    0.000000] BIOS-e820: [mem 0x00000000feffc000-0x00000000feffffff] reserved
Feb 13 16:02:14 localhost kernel: [    0.000000] BIOS-e820: [mem 0x00000000fffc0000-0x00000000ffffffff] reserved
Feb 13 16:02:14 localhost kernel: [    0.000000] BIOS-e820: [mem 0x000000fd00000000-0x000000ffffffffff] reserved
Feb 13 16:02:14 localhost kernel: [    0.000000] NX (Execute Disable) protection: active
Feb 13 16:02:14 localhost kernel: [    0.000000] SMBIOS 2.8 present.
Feb 13 16:02:14 localhost kernel: [    0.000000] DMI: Linode Compute Instance, BIOS Not Specified 
Feb 13 16:02:14 localhost kernel: [    0.000000] Hypervisor detected: KVM
Feb 13 16:02:14 localhost kernel: [    0.000000] kvm-clock: Using msrs 4b564d01 and 4b564d00
Feb 13 16:02:14 localhost kernel: [    0.000000] kvm-clock: cpu 0, msr 1d201001, primary cpu clock
Feb 13 16:02:14 localhost kernel: [    0.000001] kvm-clock: using sched offset of 8432611908 cycles
Feb 13 16:02:14 localhost kernel: [    0.000003] clocksource: kvm-clock: mask: 0xffffffffffffffff max_cycles: 0x1cd42e4dffb, max_idle_ns: 881590591483 ns
Feb 13 16:02:14 localhost kernel: [    0.000005] tsc: Detected 1999.998 MHz processor
Feb 13 16:02:14 localhost kernel: [    0.000970] e820: update [mem 0x00000000-0x00000fff] usable ==> reserved
Feb 13 16:02:14 localhost kernel: [    0.000973] e820: remove [mem 0x000a0000-0x000fffff] usable
Feb 13 16:02:14 localhost kernel: [    0.000978] last_pfn = 0x3ffda max_arch_pfn = 0x400000000
Feb 13 16:02:14 localhost kernel: [    0.001044] x86/PAT: Configuration [0-7]: WB  WC  UC- UC  WB  WP  UC- WT  
Feb 13 16:02:14 localhost kernel: [    0.003229] found SMP MP-table at [mem 0x000f5390-0x000f539f]
Feb 13 16:02:14 localhost kernel: [    0.003244] Using GB pages for direct mapping
Feb 13 16:02:14 localhost kernel: [    0.003335] RAMDISK: [mem 0x2b829000-0x31c0bfff]
Feb 13 16:02:14 localhost kernel: [    0.003354] ACPI: Early table checksum verification disabled
Feb 13 16:02:14 localhost kernel: [    0.003357] ACPI: RSDP 0x00000000000F51D0 000014 (v00 BOCHS )
Feb 13 16:02:14 localhost kernel: [    0.003365] ACPI: RSDT 0x000000003FFE22BD 000038 (v01 BOCHS  BXPC     00000001 BXPC 00000001)
Feb 13 16:02:14 localhost kernel: [    0.003370] ACPI: FACP 0x000000003FFE20B5 0000F4 (v03 BOCHS  BXPC     00000001 BXPC 00000001)
Feb 13 16:02:14 localhost kernel: [    0.003375] ACPI: DSDT 0x000000003FFE0040 002075 (v01 BOCHS  BXPC     00000001 BXPC 00000001)
Feb 13 16:02:14 localhost kernel: [    0.003378] ACPI: FACS 0x000000003FFE0000 000040
Feb 13 16:02:14 localhost kernel: [    0.003381] ACPI: APIC 0x000000003FFE21A9 000078 (v01 BOCHS  BXPC     00000001 BXPC 00000001)
Feb 13 16:02:14 localhost kernel: [    0.003383] ACPI: HPET 0x000000003FFE2221 000038 (v01 BOCHS  BXPC     00000001 BXPC 00000001)
Feb 13 16:02:14 localhost kernel: [    0.003386] ACPI: MCFG 0x000000003FFE2259 00003C (v01 BOCHS  BXPC     00000001 BXPC 00000001)
Feb 13 16:02:14 localhost kernel: [    0.003389] ACPI: WAET 0x000000003FFE2295 000028 (v01 BOCHS  BXPC     00000001 BXPC 00000001)
Feb 13 16:02:14 localhost kernel: [    0.003391] ACPI: Reserving FACP table memory at [mem 0x3ffe20b5-0x3ffe21a8]
Feb 13 16:02:14 localhost kernel: [    0.003393] ACPI: Reserving DSDT table memory at [mem 0x3ffe0040-0x3ffe20b4]
Feb 13 16:02:14 localhost kernel: [    0.003394] ACPI: Reserving FACS table memory at [mem 0x3ffe0000-0x3ffe003f]
Feb 13 16:02:14 localhost kernel: [    0.003395] ACPI: Reserving APIC table memory at [mem 0x3ffe21a9-0x3ffe2220]
Feb 13 16:02:14 localhost kernel: [    0.003396] ACPI: Reserving HPET table memory at [mem 0x3ffe2221-0x3ffe2258]
Feb 13 16:02:14 localhost kernel: [    0.003397] ACPI: Reserving MCFG table memory at [mem 0x3ffe2259-0x3ffe2294]
Feb 13 16:02:14 localhost kernel: [    0.003398] ACPI: Reserving WAET table memory at [mem 0x3ffe2295-0x3ffe22bc]
Feb 13 16:02:14 localhost kernel: [    0.003935] No NUMA configuration found
Feb 13 16:02:14 localhost kernel: [    0.003937] Faking a node at [mem 0x0000000000000000-0x000000003ffd9fff]
Feb 13 16:02:14 localhost kernel: [    0.003945] NODE_DATA(0) allocated [mem 0x3ffb0000-0x3ffd9fff]
Feb 13 16:02:14 localhost kernel: [    0.004287] Zone ranges:
Feb 13 16:02:14 localhost kernel: [    0.004288]   DMA      [mem 0x0000000000001000-0x0000000000ffffff]
Feb 13 16:02:14 localhost kernel: [    0.004290]   DMA32    [mem 0x0000000001000000-0x000000003ffd9fff]
Feb 13 16:02:14 localhost kernel: [    0.004292]   Normal   empty
Feb 13 16:02:14 localhost kernel: [    0.004293]   Device   empty
Feb 13 16:02:14 localhost kernel: [    0.004294] Movable zone start for each node
Feb 13 16:02:14 localhost kernel: [    0.004297] Early memory node ranges
Feb 13 16:02:14 localhost kernel: [    0.004298]   node   0: [mem 0x0000000000001000-0x000000000009efff]
Feb 13 16:02:14 localhost kernel: [    0.004300]   node   0: [mem 0x0000000000100000-0x000000003ffd9fff]
Feb 13 16:02:14 localhost kernel: [    0.004301] Initmem setup node 0 [mem 0x0000000000001000-0x000000003ffd9fff]
Feb 13 16:02:14 localhost kernel: [    0.004357] On node 0, zone DMA: 1 pages in unavailable ranges
Feb 13 16:02:14 localhost kernel: [    0.004388] On node 0, zone DMA: 97 pages in unavailable ranges
Feb 13 16:02:14 localhost kernel: [    0.006491] On node 0, zone DMA32: 38 pages in unavailable ranges
Feb 13 16:02:14 localhost kernel: [    0.006978] ACPI: PM-Timer IO Port: 0x608
Feb 13 16:02:14 localhost kernel: [    0.006987] ACPI: LAPIC_NMI (acpi_id[0xff] dfl dfl lint[0x1])
Feb 13 16:02:14 localhost kernel: [    0.007018] IOAPIC[0]: apic_id 0, version 17, address 0xfec00000, GSI 0-23
Feb 13 16:02:14 localhost kernel: [    0.007020] ACPI: INT_SRC_OVR (bus 0 bus_irq 0 global_irq 2 dfl dfl)
Feb 13 16:02:14 localhost kernel: [    0.007022] ACPI: INT_SRC_OVR (bus 0 bus_irq 5 global_irq 5 high level)
Feb 13 16:02:14 localhost kernel: [    0.007024] ACPI: INT_SRC_OVR (bus 0 bus_irq 9 global_irq 9 high level)
Feb 13 16:02:14 localhost kernel: [    0.007025] ACPI: INT_SRC_OVR (bus 0 bus_irq 10 global_irq 10 high level)
Feb 13 16:02:14 localhost kernel: [    0.007026] ACPI: INT_SRC_OVR (bus 0 bus_irq 11 global_irq 11 high level)
Feb 13 16:02:14 localhost kernel: [    0.007029] ACPI: Using ACPI (MADT) for SMP configuration information
Feb 13 16:02:14 localhost kernel: [    0.007030] ACPI: HPET id: 0x8086a201 base: 0xfed00000
Feb 13 16:02:14 localhost kernel: [    0.007033] TSC deadline timer available
Feb 13 16:02:14 localhost kernel: [    0.007037] smpboot: Allowing 1 CPUs, 0 hotplug CPUs
Feb 13 16:02:14 localhost kernel: [    0.007064] PM: hibernation: Registered nosave memory: [mem 0x00000000-0x00000fff]
Feb 13 16:02:14 localhost kernel: [    0.007066] PM: hibernation: Registered nosave memory: [mem 0x0009f000-0x0009ffff]
Feb 13 16:02:14 localhost kernel: [    0.007067] PM: hibernation: Registered nosave memory: [mem 0x000a0000-0x000effff]
Feb 13 16:02:14 localhost kernel: [    0.007068] PM: hibernation: Registered nosave memory: [mem 0x000f0000-0x000fffff]
Feb 13 16:02:14 localhost kernel: [    0.007069] [mem 0x40000000-0xafffffff] available for PCI devices
Feb 13 16:02:14 localhost kernel: [    0.007071] Booting paravirtualized kernel on KVM
Feb 13 16:02:14 localhost kernel: [    0.007072] clocksource: refined-jiffies: mask: 0xffffffff max_cycles: 0xffffffff, max_idle_ns: 7645519600211568 ns
Feb 13 16:02:14 localhost kernel: [    0.007082] setup_percpu: NR_CPUS:8192 nr_cpumask_bits:1 nr_cpu_ids:1 nr_node_ids:1
Feb 13 16:02:14 localhost kernel: [    0.007201] percpu: Embedded 62 pages/cpu s217088 r8192 d28672 u2097152
Feb 13 16:02:14 localhost kernel: [    0.007207] pcpu-alloc: s217088 r8192 d28672 u2097152 alloc=1*2097152
Feb 13 16:02:14 localhost kernel: [    0.007209] pcpu-alloc: [0] 0 
Feb 13 16:02:14 localhost kernel: [    0.007237] kvm-guest: setup async PF for cpu 0
Feb 13 16:02:14 localhost kernel: [    0.007243] kvm-guest: stealtime: cpu 0, msr 3ec34080
Feb 13 16:02:14 localhost kernel: [    0.007246] kvm-guest: PV spinlocks disabled, single CPU
Feb 13 16:02:14 localhost kernel: [    0.007250] Built 1 zonelists, mobility grouping on.  Total pages: 257754
Feb 13 16:02:14 localhost kernel: [    0.007252] Policy zone: DMA32
Feb 13 16:02:14 localhost kernel: [    0.007253] Kernel command line: BOOT_IMAGE=/boot/vmlinuz-5.15.0-130-generic root=UUID=c4b52a3f-818a-c891-ac4a-b949bf511e72 ro console=ttyS0,19200n8 net.ifnames=0
Feb 13 16:02:14 localhost kernel: [    0.007310] Unknown kernel command line parameters "BOOT_IMAGE=/boot/vmlinuz-5.15.0-130-generic", will be passed to user space.
Feb 13 16:02:14 localhost kernel: [    0.007430] Dentry cache hash table entries: 131072 (order: 8, 1048576 bytes, linear)
Feb 13 16:02:14 localhost kernel: [    0.007490] Inode-cache hash table entries: 65536 (order: 7, 524288 bytes, linear)
Feb 13 16:02:14 localhost kernel: [    0.007513] mem auto-init: stack:off, heap alloc:on, heap free:off
Feb 13 16:02:14 localhost kernel: [    0.009498] Memory: 869056K/1048032K available (16392K kernel code, 4397K rwdata, 10972K rodata, 3372K init, 18696K bss, 178716K reserved, 0K cma-reserved)
Feb 13 16:02:14 localhost kernel: [    0.010153] SLUB: HWalign=64, Order=0-3, MinObjects=0, CPUs=1, Nodes=1
Feb 13 16:02:14 localhost kernel: [    0.010426] ftrace: allocating 50800 entries in 199 pages
Feb 13 16:02:14 localhost kernel: [    0.035591] ftrace: allocated 199 pages with 5 groups
Feb 13 16:02:14 localhost kernel: [    0.035928] rcu: Hierarchical RCU implementation.
Feb 13 16:02:14 localhost kernel: [    0.035930] rcu: 	RCU restricting CPUs from NR_CPUS=8192 to nr_cpu_ids=1.
Feb 13 16:02:14 localhost kernel: [    0.035931] 	Rude variant of Tasks RCU enabled.
Feb 13 16:02:14 localhost kernel: [    0.035932] 	Tracing variant of Tasks RCU enabled.
Feb 13 16:02:14 localhost kernel: [    0.035933] rcu: RCU calculated value of scheduler-enlistment delay is 25 jiffies.
Feb 13 16:02:14 localhost kernel: [    0.035934] rcu: Adjusting geometry for rcu_fanout_leaf=16, nr_cpu_ids=1
Feb 13 16:02:14 localhost kernel: [    0.040228] NR_IRQS: 524544, nr_irqs: 256, preallocated irqs: 16
Feb 13 16:02:14 localhost kernel: [    0.040432] random: crng init done
Feb 13 16:02:14 localhost kernel: [    0.059324] Console: colour VGA+ 80x25
Feb 13 16:02:14 localhost kernel: [    0.187420] printk: console [ttyS0] enabled
Feb 13 16:02:14 localhost kernel: [    0.188199] ACPI: Core revision 20210730
Feb 13 16:02:14 localhost kernel: [    0.189093] clocksource: hpet: mask: 0xffffffff max_cycles: 0xffffffff, max_idle_ns: 19112604467 ns
Feb 13 16:02:14 localhost kernel: [    0.190873] APIC: Switch to symmetric I/O mode setup
Feb 13 16:02:14 localhost kernel: [    0.192041] x2apic enabled
Feb 13 16:02:14 localhost kernel: [    0.192811] Switched APIC routing to physical x2apic.
Feb 13 16:02:14 localhost kernel: [    0.195176] ..TIMER: vector=0x30 apic1=0 pin1=2 apic2=-1 pin2=-1
Feb 13 16:02:14 localhost kernel: [    0.196274] clocksource: tsc-early: mask: 0xffffffffffffffff max_cycles: 0x39a8595ce59, max_idle_ns: 881590778713 ns
Feb 13 16:02:14 localhost kernel: [    0.198128] Calibrating delay loop (skipped) preset value.. 3999.99 BogoMIPS (lpj=7999992)
Feb 13 16:02:14 localhost kernel: [    0.202216] x86/cpu: User Mode Instruction Prevention (UMIP) activated
Feb 13 16:02:14 localhost kernel: [    0.203478] Last level iTLB entries: 4KB 512, 2MB 255, 4MB 127
Feb 13 16:02:14 localhost kernel: [    0.204513] Last level dTLB entries: 4KB 512, 2MB 255, 4MB 127, 1GB 0
Feb 13 16:02:14 localhost kernel: [    0.206133] Spectre V1 : Mitigation: usercopy/swapgs barriers and __user pointer sanitization
Feb 13 16:02:14 localhost kernel: [    0.207632] Spectre V2 : Mitigation: Retpolines
Feb 13 16:02:14 localhost kernel: [    0.208612] Spectre V2 : Spectre v2 / SpectreRSB mitigation: Filling RSB on context switch
Feb 13 16:02:14 localhost kernel: [    0.210127] Spectre V2 : Spectre v2 / SpectreRSB : Filling RSB on VMEXIT
Feb 13 16:02:14 localhost kernel: [    0.211305] Spectre V2 : Enabling Restricted Speculation for firmware calls
Feb 13 16:02:14 localhost kernel: [    0.212524] Spectre V2 : mitigation: Enabling conditional Indirect Branch Prediction Barrier
Feb 13 16:02:14 localhost kernel: [    0.214128] Speculative Store Bypass: Mitigation: Speculative Store Bypass disabled via prctl and seccomp
Feb 13 16:02:14 localhost kernel: [    0.215807] Speculative Return Stack Overflow: IBPB-extending microcode not applied!
Feb 13 16:02:14 localhost kernel: [    0.217345] Speculative Return Stack Overflow: WARNING: See https://kernel.org/doc/html/latest/admin-guide/hw-vuln/srso.html for mitigation options.
Feb 13 16:02:14 localhost kernel: [    0.217345] Speculative Return Stack Overflow: Mitigation: safe RET, no microcode
Feb 13 16:02:14 localhost kernel: [    0.219473] x86/fpu: Supporting XSAVE feature 0x001: 'x87 floating point registers'
Feb 13 16:02:14 localhost kernel: [    0.222127] x86/fpu: Supporting XSAVE feature 0x002: 'SSE registers'
Feb 13 16:02:14 localhost kernel: [    0.223237] x86/fpu: Supporting XSAVE feature 0x004: 'AVX registers'
Feb 13 16:02:14 localhost kernel: [    0.224336] x86/fpu: Supporting XSAVE feature 0x200: 'Protection Keys User registers'
Feb 13 16:02:14 localhost kernel: [    0.226132] x86/fpu: xstate_offset[2]:  576, xstate_sizes[2]:  256
Feb 13 16:02:14 localhost kernel: [    0.227199] x86/fpu: xstate_offset[9]:  832, xstate_sizes[9]:    8
Feb 13 16:02:14 localhost kernel: [    0.228266] x86/fpu: Enabled xstate features 0x207, context size is 840 bytes, using 'compacted' format.
Feb 13 16:02:14 localhost kernel: [    0.262678] Freeing SMP alternatives memory: 44K
Feb 13 16:02:14 localhost kernel: [    0.263508] pid_max: default: 32768 minimum: 301
Feb 13 16:02:14 localhost kernel: [    0.264360] LSM: Security Framework initializing
Feb 13 16:02:14 localhost kernel: [    0.265181] landlock: Up and running.
Feb 13 16:02:14 localhost kernel: [    0.265825] Yama: becoming mindful.
Feb 13 16:02:14 localhost kernel: [    0.266205] AppArmor: AppArmor initialized
Feb 13 16:02:14 localhost kernel: [    0.266978] Mount-cache hash table entries: 2048 (order: 2, 16384 bytes, linear)
Feb 13 16:02:14 localhost kernel: [    0.268280] Mountpoint-cache hash table entries: 2048 (order: 2, 16384 bytes, linear)
Feb 13 16:02:14 localhost kernel: [    0.270564] smpboot: CPU0: AMD EPYC 7713 64-Core Processor (family: 0x19, model: 0x1, stepping: 0x1)
Feb 13 16:02:14 localhost kernel: [    0.272476] Performance Events: Fam17h+ core perfctr, AMD PMU driver.
Feb 13 16:02:14 localhost kernel: [    0.273619] ... version:                0
Feb 13 16:02:14 localhost kernel: [    0.274126] ... bit width:              48
Feb 13 16:02:14 localhost kernel: [    0.274131] ... generic registers:      6
Feb 13 16:02:14 localhost kernel: [    0.274834] ... value mask:             0000ffffffffffff
Feb 13 16:02:14 localhost kernel: [    0.275760] ... max period:             00007fffffffffff
Feb 13 16:02:14 localhost kernel: [    0.276686] ... fixed-purpose events:   0
Feb 13 16:02:14 localhost kernel: [    0.277389] ... event mask:             000000000000003f
Feb 13 16:02:14 localhost kernel: [    0.278187] signal: max sigframe size: 3376
Feb 13 16:02:14 localhost kernel: [    0.278996] rcu: Hierarchical SRCU implementation.
Feb 13 16:02:14 localhost kernel: [    0.280513] smp: Bringing up secondary CPUs ...
Feb 13 16:02:14 localhost kernel: [    0.281313] smp: Brought up 1 node, 1 CPU
Feb 13 16:02:14 localhost kernel: [    0.282015] smpboot: Max logical packages: 1
Feb 13 16:02:14 localhost kernel: [    0.282133] smpboot: Total of 1 processors activated (3999.99 BogoMIPS)
Feb 13 16:02:14 localhost kernel: [    0.283522] devtmpfs: initialized
Feb 13 16:02:14 localhost kernel: [    0.284184] x86/mm: Memory block size: 128MB
Feb 13 16:02:14 localhost kernel: [    0.285395] clocksource: jiffies: mask: 0xffffffff max_cycles: 0xffffffff, max_idle_ns: 7645041785100000 ns
Feb 13 16:02:14 localhost kernel: [    0.286145] futex hash table entries: 256 (order: 2, 16384 bytes, linear)
Feb 13 16:02:14 localhost kernel: [    0.287376] pinctrl core: initialized pinctrl subsystem
Feb 13 16:02:14 localhost kernel: [    0.288494] PM: RTC time: 16:01:59, date: 2025-02-13
Feb 13 16:02:14 localhost kernel: [    0.289558] NET: Registered PF_NETLINK/PF_ROUTE protocol family
Feb 13 16:02:14 localhost kernel: [    0.290378] DMA: preallocated 128 KiB GFP_KERNEL pool for atomic allocations
Feb 13 16:02:14 localhost kernel: [    0.291720] DMA: preallocated 128 KiB GFP_KERNEL|GFP_DMA pool for atomic allocations
Feb 13 16:02:14 localhost kernel: [    0.293159] DMA: preallocated 128 KiB GFP_KERNEL|GFP_DMA32 pool for atomic allocations
Feb 13 16:02:14 localhost kernel: [    0.294139] audit: initializing netlink subsys (disabled)
Feb 13 16:02:14 localhost kernel: [    0.295348] thermal_sys: Registered thermal governor 'fair_share'
Feb 13 16:02:14 localhost kernel: [    0.295350] thermal_sys: Registered thermal governor 'bang_bang'
Feb 13 16:02:14 localhost kernel: [    0.296416] thermal_sys: Registered thermal governor 'step_wise'
Feb 13 16:02:14 localhost kernel: [    0.297459] thermal_sys: Registered thermal governor 'user_space'
Feb 13 16:02:14 localhost kernel: [    0.298131] thermal_sys: Registered thermal governor 'power_allocator'
Feb 13 16:02:14 localhost kernel: [    0.299198] EISA bus registered
Feb 13 16:02:14 localhost kernel: [    0.300898] cpuidle: using governor ladder
Feb 13 16:02:14 localhost kernel: [    0.301615] cpuidle: using governor menu
Feb 13 16:02:14 localhost kernel: [    0.302132] audit: type=2000 audit(1739462520.494:1): state=initialized audit_enabled=0 res=1
Feb 13 16:02:14 localhost kernel: [    0.304428] ACPI: bus type PCI registered
Feb 13 16:02:14 localhost kernel: [    0.305137] acpiphp: ACPI Hot Plug PCI Controller Driver version: 0.5
Feb 13 16:02:14 localhost kernel: [    0.306318] PCI: MMCONFIG for domain 0000 [bus 00-ff] at [mem 0xb0000000-0xbfffffff] (base 0xb0000000)
Feb 13 16:02:14 localhost kernel: [    0.307931] PCI: MMCONFIG at [mem 0xb0000000-0xbfffffff] reserved in E820
Feb 13 16:02:14 localhost kernel: [    0.309126] PCI: Using configuration type 1 for base access
Feb 13 16:02:14 localhost kernel: [    0.312749] kprobes: kprobe jump-optimization is enabled. All kprobes are optimized if possible.
Feb 13 16:02:14 localhost kernel: [    0.314330] HugeTLB registered 1.00 GiB page size, pre-allocated 0 pages
Feb 13 16:02:14 localhost kernel: [    0.315503] HugeTLB registered 2.00 MiB page size, pre-allocated 0 pages
Feb 13 16:02:14 localhost kernel: [    0.318383] ACPI: Added _OSI(Module Device)
Feb 13 16:02:14 localhost kernel: [    0.319143] ACPI: Added _OSI(Processor Device)
Feb 13 16:02:14 localhost kernel: [    0.319921] ACPI: Added _OSI(3.0 _SCP Extensions)
Feb 13 16:02:14 localhost kernel: [    0.320743] ACPI: Added _OSI(Processor Aggregator Device)
Feb 13 16:02:14 localhost kernel: [    0.321698] ACPI: Added _OSI(Linux-Dell-Video)
Feb 13 16:02:14 localhost kernel: [    0.322189] ACPI: Added _OSI(Linux-Lenovo-NV-HDMI-Audio)
Feb 13 16:02:14 localhost kernel: [    0.323119] ACPI: Added _OSI(Linux-HPI-Hybrid-Graphics)
Feb 13 16:02:14 localhost kernel: [    0.327972] ACPI: 1 ACPI AML tables successfully acquired and loaded
Feb 13 16:02:14 localhost kernel: [    0.330481] ACPI: Interpreter enabled
Feb 13 16:02:14 localhost kernel: [    0.331158] ACPI: PM: (supports S0 S3 S4 S5)
Feb 13 16:02:14 localhost kernel: [    0.331908] ACPI: Using IOAPIC for interrupt routing
Feb 13 16:02:14 localhost kernel: [    0.332800] PCI: Using host bridge windows from ACPI; if necessary, use "pci=nocrs" and report a bug
Feb 13 16:02:14 localhost kernel: [    0.334131] PCI: Using E820 reservations for host bridge windows
Feb 13 16:02:14 localhost kernel: [    0.335358] ACPI: Enabled 2 GPEs in block 00 to 3F
Feb 13 16:02:14 localhost kernel: [    0.339948] ACPI: PCI Root Bridge [PCI0] (domain 0000 [bus 00-ff])
Feb 13 16:02:14 localhost kernel: [    0.341033] acpi PNP0A08:00: _OSC: OS supports [ExtendedConfig ASPM ClockPM Segments MSI EDR HPX-Type3]
Feb 13 16:02:14 localhost kernel: [    0.342341] acpi PNP0A08:00: _OSC: platform does not support [PCIeHotplug LTR DPC]
Feb 13 16:02:14 localhost kernel: [    0.343845] acpi PNP0A08:00: _OSC: OS now controls [SHPCHotplug PME AER PCIeCapability]
Feb 13 16:02:14 localhost kernel: [    0.345474] PCI host bridge to bus 0000:00
Feb 13 16:02:14 localhost kernel: [    0.346132] pci_bus 0000:00: root bus resource [bus 00-ff]
Feb 13 16:02:14 localhost kernel: [    0.347104] pci_bus 0000:00: root bus resource [io  0x0000-0x0cf7 window]
Feb 13 16:02:14 localhost kernel: [    0.348281] pci_bus 0000:00: root bus resource [io  0x0d00-0xffff window]
Feb 13 16:02:14 localhost kernel: [    0.349458] pci_bus 0000:00: root bus resource [mem 0x000a0000-0x000bffff window]
Feb 13 16:02:14 localhost kernel: [    0.350130] pci_bus 0000:00: root bus resource [mem 0x40000000-0xafffffff window]
Feb 13 16:02:14 localhost kernel: [    0.351425] pci_bus 0000:00: root bus resource [mem 0xc0000000-0xfebfffff window]
Feb 13 16:02:14 localhost kernel: [    0.352721] pci_bus 0000:00: root bus resource [mem 0x100000000-0x8ffffffff window]
Feb 13 16:02:14 localhost kernel: [    0.354155] pci 0000:00:00.0: [8086:29c0] type 00 class 0x060000
Feb 13 16:02:14 localhost kernel: [    0.356092] pci 0000:00:01.0: [1234:1111] type 00 class 0x030000
Feb 13 16:02:14 localhost kernel: [    0.358778] pci 0000:00:01.0: reg 0x10: [mem 0xfd000000-0xfdffffff pref]
Feb 13 16:02:14 localhost kernel: [    0.362618] pci 0000:00:01.0: reg 0x18: [mem 0xfebd0000-0xfebd0fff]
Feb 13 16:02:14 localhost kernel: [    0.368035] pci 0000:00:01.0: reg 0x30: [mem 0xfebc0000-0xfebcffff pref]
Feb 13 16:02:14 localhost kernel: [    0.369324] pci 0000:00:01.0: Video device with shadowed ROM at [mem 0x000c0000-0x000dffff]
Feb 13 16:02:14 localhost kernel: [    0.370879] pci 0000:00:02.0: [1af4:1004] type 00 class 0x010000
Feb 13 16:02:14 localhost kernel: [    0.374131] pci 0000:00:02.0: reg 0x10: [io  0xc000-0xc03f]
Feb 13 16:02:14 localhost kernel: [    0.376590] pci 0000:00:02.0: reg 0x14: [mem 0xfebd1000-0xfebd1fff]
Feb 13 16:02:14 localhost kernel: [    0.383313] pci 0000:00:02.0: reg 0x20: [mem 0xfe000000-0xfe003fff 64bit pref]
Feb 13 16:02:14 localhost kernel: [    0.387225] pci 0000:00:03.0: [1af4:1004] type 00 class 0x010000
Feb 13 16:02:14 localhost kernel: [    0.389798] pci 0000:00:03.0: reg 0x10: [io  0xc040-0xc07f]
Feb 13 16:02:14 localhost kernel: [    0.391584] pci 0000:00:03.0: reg 0x14: [mem 0xfebd2000-0xfebd2fff]
Feb 13 16:02:14 localhost kernel: [    0.396916] pci 0000:00:03.0: reg 0x20: [mem 0xfe004000-0xfe007fff 64bit pref]
Feb 13 16:02:14 localhost kernel: [    0.400658] pci 0000:00:04.0: [1af4:1000] type 00 class 0x020000
Feb 13 16:02:14 localhost kernel: [    0.404031] pci 0000:00:04.0: reg 0x10: [io  0xc080-0xc0bf]
Feb 13 16:02:14 localhost kernel: [    0.405859] pci 0000:00:04.0: reg 0x14: [mem 0xfebd3000-0xfebd3fff]
Feb 13 16:02:14 localhost kernel: [    0.409101] pci 0000:00:04.0: reg 0x20: [mem 0xfe008000-0xfe00bfff 64bit pref]
Feb 13 16:02:14 localhost kernel: [    0.410971] pci 0000:00:04.0: reg 0x30: [mem 0xfeb80000-0xfebbffff pref]
Feb 13 16:02:14 localhost kernel: [    0.421907] pci 0000:00:1f.0: [8086:2918] type 00 class 0x060100
Feb 13 16:02:14 localhost kernel: [    0.422722] pci 0000:00:1f.0: quirk: [io  0x0600-0x067f] claimed by ICH6 ACPI/GPIO/TCO
Feb 13 16:02:14 localhost kernel: [    0.424973] pci 0000:00:1f.2: [8086:2922] type 00 class 0x010601
Feb 13 16:02:14 localhost kernel: [    0.430583] pci 0000:00:1f.2: reg 0x20: [io  0xc100-0xc11f]
Feb 13 16:02:14 localhost kernel: [    0.432484] pci 0000:00:1f.2: reg 0x24: [mem 0xfebd4000-0xfebd4fff]
Feb 13 16:02:14 localhost kernel: [    0.434618] pci 0000:00:1f.3: [8086:2930] type 00 class 0x0c0500
Feb 13 16:02:14 localhost kernel: [    0.438501] pci 0000:00:1f.3: reg 0x20: [io  0x0700-0x073f]
Feb 13 16:02:14 localhost kernel: [    0.441035] ACPI: PCI: Interrupt link LNKA configured for IRQ 10
Feb 13 16:02:14 localhost kernel: [    0.442288] ACPI: PCI: Interrupt link LNKB configured for IRQ 10
Feb 13 16:02:14 localhost kernel: [    0.443490] ACPI: PCI: Interrupt link LNKC configured for IRQ 11
Feb 13 16:02:14 localhost kernel: [    0.444685] ACPI: PCI: Interrupt link LNKD configured for IRQ 11
Feb 13 16:02:14 localhost kernel: [    0.445879] ACPI: PCI: Interrupt link LNKE configured for IRQ 10
Feb 13 16:02:14 localhost kernel: [    0.446289] ACPI: PCI: Interrupt link LNKF configured for IRQ 10
Feb 13 16:02:14 localhost kernel: [    0.447486] ACPI: PCI: Interrupt link LNKG configured for IRQ 11
Feb 13 16:02:14 localhost kernel: [    0.448682] ACPI: PCI: Interrupt link LNKH configured for IRQ 11
Feb 13 16:02:14 localhost kernel: [    0.449778] ACPI: PCI: Interrupt link GSIA configured for IRQ 16
Feb 13 16:02:14 localhost kernel: [    0.450148] ACPI: PCI: Interrupt link GSIB configured for IRQ 17
Feb 13 16:02:14 localhost kernel: [    0.451212] ACPI: PCI: Interrupt link GSIC configured for IRQ 18
Feb 13 16:02:14 localhost kernel: [    0.452274] ACPI: PCI: Interrupt link GSID configured for IRQ 19
Feb 13 16:02:14 localhost kernel: [    0.453334] ACPI: PCI: Interrupt link GSIE configured for IRQ 20
Feb 13 16:02:14 localhost kernel: [    0.454146] ACPI: PCI: Interrupt link GSIF configured for IRQ 21
Feb 13 16:02:14 localhost kernel: [    0.455210] ACPI: PCI: Interrupt link GSIG configured for IRQ 22
Feb 13 16:02:14 localhost kernel: [    0.456274] ACPI: PCI: Interrupt link GSIH configured for IRQ 23
Feb 13 16:02:14 localhost kernel: [    0.457839] iommu: Default domain type: Translated 
Feb 13 16:02:14 localhost kernel: [    0.458130] iommu: DMA domain TLB invalidation policy: lazy mode 
Feb 13 16:02:14 localhost kernel: [    0.459514] SCSI subsystem initialized
Feb 13 16:02:14 localhost kernel: [    0.460235] libata version 3.00 loaded.
Feb 13 16:02:14 localhost kernel: [    0.460304] pci 0000:00:01.0: vgaarb: setting as boot VGA device
Feb 13 16:02:14 localhost kernel: [    0.461355] pci 0000:00:01.0: vgaarb: VGA device added: decodes=io+mem,owns=io+mem,locks=none
Feb 13 16:02:14 localhost kernel: [    0.462132] pci 0000:00:01.0: vgaarb: bridge control possible
Feb 13 16:02:14 localhost kernel: [    0.463132] vgaarb: loaded
Feb 13 16:02:14 localhost kernel: [    0.463643] ACPI: bus type USB registered
Feb 13 16:02:14 localhost kernel: [    0.464372] usbcore: registered new interface driver usbfs
Feb 13 16:02:14 localhost kernel: [    0.465332] usbcore: registered new interface driver hub
Feb 13 16:02:14 localhost kernel: [    0.466150] usbcore: registered new device driver usb
Feb 13 16:02:14 localhost kernel: [    0.467052] pps_core: LinuxPPS API ver. 1 registered
Feb 13 16:02:14 localhost kernel: [    0.467931] pps_core: Software ver. 5.3.6 - Copyright 2005-2007 Rodolfo Giometti <giometti@linux.it>
Feb 13 16:02:14 localhost kernel: [    0.469502] PTP clock support registered
Feb 13 16:02:14 localhost kernel: [    0.470189] EDAC MC: Ver: 3.0.0
Feb 13 16:02:14 localhost kernel: [    0.471281] NetLabel: Initializing
Feb 13 16:02:14 localhost kernel: [    0.471886] NetLabel:  domain hash size = 128
Feb 13 16:02:14 localhost kernel: [    0.472645] NetLabel:  protocols = UNLABELED CIPSOv4 CALIPSO
Feb 13 16:02:14 localhost kernel: [    0.473644] NetLabel:  unlabeled traffic allowed by default
Feb 13 16:02:14 localhost kernel: [    0.474185] PCI: Using ACPI for IRQ routing
Feb 13 16:02:14 localhost kernel: [    0.617391] PCI: pci_cache_line_size set to 64 bytes
Feb 13 16:02:14 localhost kernel: [    0.617551] e820: reserve RAM buffer [mem 0x0009fc00-0x0009ffff]
Feb 13 16:02:14 localhost kernel: [    0.617554] e820: reserve RAM buffer [mem 0x3ffda000-0x3fffffff]
Feb 13 16:02:14 localhost kernel: [    0.617747] hpet0: at MMIO 0xfed00000, IRQs 2, 8, 0
Feb 13 16:02:14 localhost kernel: [    0.618130] hpet0: 3 comparators, 64-bit 100.000000 MHz counter
Feb 13 16:02:14 localhost kernel: [    0.622177] clocksource: Switched to clocksource kvm-clock
Feb 13 16:02:14 localhost kernel: [    0.649793] VFS: Disk quotas dquot_6.6.0
Feb 13 16:02:14 localhost kernel: [    0.650712] VFS: Dquot-cache hash table entries: 512 (order 0, 4096 bytes)
Feb 13 16:02:14 localhost kernel: [    0.652111] AppArmor: AppArmor Filesystem Enabled
Feb 13 16:02:14 localhost kernel: [    0.652963] pnp: PnP ACPI init
Feb 13 16:02:14 localhost kernel: [    0.658656] system 00:04: [mem 0xb0000000-0xbfffffff window] has been reserved
Feb 13 16:02:14 localhost kernel: [    0.660384] pnp: PnP ACPI: found 5 devices
Feb 13 16:02:14 localhost kernel: [    0.667498] clocksource: acpi_pm: mask: 0xffffff max_cycles: 0xffffff, max_idle_ns: 2085701024 ns
Feb 13 16:02:14 localhost kernel: [    0.669102] NET: Registered PF_INET protocol family
Feb 13 16:02:14 localhost kernel: [    0.670091] IP idents hash table entries: 16384 (order: 5, 131072 bytes, linear)
Feb 13 16:02:14 localhost kernel: [    0.674651] tcp_listen_portaddr_hash hash table entries: 512 (order: 1, 8192 bytes, linear)
Feb 13 16:02:14 localhost kernel: [    0.676311] Table-perturb hash table entries: 65536 (order: 6, 262144 bytes, linear)
Feb 13 16:02:14 localhost kernel: [    0.677701] TCP established hash table entries: 8192 (order: 4, 65536 bytes, linear)
Feb 13 16:02:14 localhost kernel: [    0.679166] TCP bind hash table entries: 8192 (order: 5, 131072 bytes, linear)
Feb 13 16:02:14 localhost kernel: [    0.680422] TCP: Hash tables configured (established 8192 bind 8192)
Feb 13 16:02:14 localhost kernel: [    0.681665] MPTCP token hash table entries: 1024 (order: 2, 24576 bytes, linear)
Feb 13 16:02:14 localhost kernel: [    0.682974] UDP hash table entries: 512 (order: 2, 16384 bytes, linear)
Feb 13 16:02:14 localhost kernel: [    0.684132] UDP-Lite hash table entries: 512 (order: 2, 16384 bytes, linear)
Feb 13 16:02:14 localhost kernel: [    0.685381] NET: Registered PF_UNIX/PF_LOCAL protocol family
Feb 13 16:02:14 localhost kernel: [    0.686397] NET: Registered PF_XDP protocol family
Feb 13 16:02:14 localhost kernel: [    0.687237] pci_bus 0000:00: resource 4 [io  0x0000-0x0cf7 window]
Feb 13 16:02:14 localhost kernel: [    0.688305] pci_bus 0000:00: resource 5 [io  0x0d00-0xffff window]
Feb 13 16:02:14 localhost kernel: [    0.689372] pci_bus 0000:00: resource 6 [mem 0x000a0000-0x000bffff window]
Feb 13 16:02:14 localhost kernel: [    0.690565] pci_bus 0000:00: resource 7 [mem 0x40000000-0xafffffff window]
Feb 13 16:02:14 localhost kernel: [    0.691750] pci_bus 0000:00: resource 8 [mem 0xc0000000-0xfebfffff window]
Feb 13 16:02:14 localhost kernel: [    0.692934] pci_bus 0000:00: resource 9 [mem 0x100000000-0x8ffffffff window]
Feb 13 16:02:14 localhost kernel: [    0.694261] PCI: CLS 0 bytes, default 64
Feb 13 16:02:14 localhost kernel: [    0.695005] Trying to unpack rootfs image as initramfs...
Feb 13 16:02:14 localhost kernel: [    0.701778] clocksource: tsc: mask: 0xffffffffffffffff max_cycles: 0x39a8595ce59, max_idle_ns: 881590778713 ns
Feb 13 16:02:14 localhost kernel: [    0.703956] Initialise system trusted keyrings
Feb 13 16:02:14 localhost kernel: [    0.704751] Key type blacklist registered
Feb 13 16:02:14 localhost kernel: [    0.709784] workingset: timestamp_bits=36 max_order=18 bucket_order=0
Feb 13 16:02:14 localhost kernel: [    0.713272] zbud: loaded
Feb 13 16:02:14 localhost kernel: [    0.714165] squashfs: version 4.0 (2009/01/31) Phillip Lougher
Feb 13 16:02:14 localhost kernel: [    0.717804] fuse: init (API version 7.34)
Feb 13 16:02:14 localhost kernel: [    0.718711] integrity: Platform Keyring initialized
Feb 13 16:02:14 localhost kernel: [    0.729786] Key type asymmetric registered
Feb 13 16:02:14 localhost kernel: [    0.730538] Asymmetric key parser 'x509' registered
Feb 13 16:02:14 localhost kernel: [    0.731430] Block layer SCSI generic (bsg) driver version 0.4 loaded (major 243)
Feb 13 16:02:14 localhost kernel: [    0.732765] io scheduler mq-deadline registered
Feb 13 16:02:14 localhost kernel: [    0.733780] shpchp: Standard Hot Plug PCI Controller Driver version: 0.4
Feb 13 16:02:14 localhost kernel: [    0.735094] input: Power Button as /devices/LNXSYSTM:00/LNXPWRBN:00/input/input0
Feb 13 16:02:14 localhost kernel: [    0.741767] ACPI: button: Power Button [PWRF]
Feb 13 16:02:14 localhost kernel: [    0.743387] ACPI: \_SB_.GSIG: Enabled at IRQ 22
Feb 13 16:02:14 localhost kernel: [    0.750450] ACPI: \_SB_.GSIH: Enabled at IRQ 23
Feb 13 16:02:14 localhost kernel: [    0.753265] ACPI: \_SB_.GSIE: Enabled at IRQ 20
Feb 13 16:02:14 localhost kernel: [    0.763304] Serial: 8250/16550 driver, 32 ports, IRQ sharing enabled
Feb 13 16:02:14 localhost kernel: [    0.814048] 00:02: ttyS0 at I/O 0x3f8 (irq = 4, base_baud = 115200) is a 16550A
Feb 13 16:02:14 localhost kernel: [    0.822816] Linux agpgart interface v0.103
Feb 13 16:02:14 localhost kernel: [    0.826298] loop: module loaded
Feb 13 16:02:14 localhost kernel: [    0.829957] tun: Universal TUN/TAP device driver, 1.6
Feb 13 16:02:14 localhost kernel: [    0.830880] PPP generic driver version 2.4.2
Feb 13 16:02:14 localhost kernel: [    0.831709] VFIO - User Level meta-driver version: 0.3
Feb 13 16:02:14 localhost kernel: [    0.837791] ehci_hcd: USB 2.0 'Enhanced' Host Controller (EHCI) Driver
Feb 13 16:02:14 localhost kernel: [    0.839129] ehci-pci: EHCI PCI platform driver
Feb 13 16:02:14 localhost kernel: [    0.839901] ehci-platform: EHCI generic platform driver
Feb 13 16:02:14 localhost kernel: [    0.841184] ohci_hcd: USB 1.1 'Open' Host Controller (OHCI) Driver
Feb 13 16:02:14 localhost kernel: [    0.845851] ohci-pci: OHCI PCI platform driver
Feb 13 16:02:14 localhost kernel: [    0.846718] ohci-platform: OHCI generic platform driver
Feb 13 16:02:14 localhost kernel: [    0.847635] uhci_hcd: USB Universal Host Controller Interface driver
Feb 13 16:02:14 localhost kernel: [    0.848816] i8042: PNP: PS/2 Controller [PNP0303:KBD,PNP0f13:MOU] at 0x60,0x64 irq 1,12
Feb 13 16:02:14 localhost kernel: [    0.854806] serio: i8042 KBD port at 0x60,0x64 irq 1
Feb 13 16:02:14 localhost kernel: [    0.855686] serio: i8042 AUX port at 0x60,0x64 irq 12
Feb 13 16:02:14 localhost kernel: [    0.856736] mousedev: PS/2 mouse device common for all mice
Feb 13 16:02:14 localhost kernel: [    0.862354] input: AT Translated Set 2 keyboard as /devices/platform/i8042/serio0/input/input1
Feb 13 16:02:14 localhost kernel: [    0.864096] rtc_cmos 00:03: RTC can wake from S4
Feb 13 16:02:14 localhost kernel: [    0.865458] rtc_cmos 00:03: registered as rtc0
Feb 13 16:02:14 localhost kernel: [    0.866379] rtc_cmos 00:03: setting system clock to 2025-02-13T16:02:00 UTC (1739462520)
Feb 13 16:02:14 localhost kernel: [    0.867865] rtc_cmos 00:03: alarms up to one day, y3k, 242 bytes nvram, hpet irqs
Feb 13 16:02:14 localhost kernel: [    0.869348] i2c_dev: i2c /dev entries driver
Feb 13 16:02:14 localhost kernel: [    0.873754] device-mapper: core: CONFIG_IMA_DISABLE_HTABLE is disabled. Duplicate IMA measurements will not be recorded in the IMA log.
Feb 13 16:02:14 localhost kernel: [    0.876483] device-mapper: uevent: version 1.0.3
Feb 13 16:02:14 localhost kernel: [    0.881729] device-mapper: ioctl: 4.45.0-ioctl (2021-03-22) initialised: dm-devel@redhat.com
Feb 13 16:02:14 localhost kernel: [    0.883224] platform eisa.0: Probing EISA bus 0
Feb 13 16:02:14 localhost kernel: [    0.884019] platform eisa.0: EISA: Cannot allocate resource for mainboard
Feb 13 16:02:14 localhost kernel: [    0.885196] platform eisa.0: Cannot allocate resource for EISA slot 1
Feb 13 16:02:14 localhost kernel: [    0.893843] platform eisa.0: Cannot allocate resource for EISA slot 2
Feb 13 16:02:14 localhost kernel: [    0.894971] platform eisa.0: Cannot allocate resource for EISA slot 3
Feb 13 16:02:14 localhost kernel: [    0.896090] platform eisa.0: Cannot allocate resource for EISA slot 4
Feb 13 16:02:14 localhost kernel: [    0.897264] platform eisa.0: Cannot allocate resource for EISA slot 5
Feb 13 16:02:14 localhost kernel: [    0.901899] platform eisa.0: Cannot allocate resource for EISA slot 6
Feb 13 16:02:14 localhost kernel: [    0.903027] platform eisa.0: Cannot allocate resource for EISA slot 7
Feb 13 16:02:14 localhost kernel: [    0.904145] platform eisa.0: Cannot allocate resource for EISA slot 8
Feb 13 16:02:14 localhost kernel: [    0.905263] platform eisa.0: EISA: Detected 0 cards
Feb 13 16:02:14 localhost kernel: [    0.909768] ledtrig-cpu: registered to indicate activity on CPUs
Feb 13 16:02:14 localhost kernel: [    0.910926] drop_monitor: Initializing network drop monitor service
Feb 13 16:02:14 localhost kernel: [    0.912215] NET: Registered PF_INET6 protocol family
Feb 13 16:02:14 localhost kernel: [    1.357446] Freeing initrd memory: 102284K
Feb 13 16:02:14 localhost kernel: [    1.364043] Segment Routing with IPv6
Feb 13 16:02:14 localhost kernel: [    1.364732] In-situ OAM (IOAM) with IPv6
Feb 13 16:02:14 localhost kernel: [    1.365457] NET: Registered PF_PACKET protocol family
Feb 13 16:02:14 localhost kernel: [    1.366448] Key type dns_resolver registered
Feb 13 16:02:14 localhost kernel: [    1.367391] IPI shorthand broadcast: enabled
Feb 13 16:02:14 localhost kernel: [    1.368166] sched_clock: Marking stable (1212653965, 153709577)->(1390458950, -24095408)
Feb 13 16:02:14 localhost kernel: [    1.369692] registered taskstats version 1
Feb 13 16:02:14 localhost kernel: [    1.370499] Loading compiled-in X.509 certificates
Feb 13 16:02:14 localhost kernel: [    1.371828] Loaded X.509 cert 'Build time autogenerated kernel key: 682c6a7f321ac1add9d343d86a326ef485d32cbe'
Feb 13 16:02:14 localhost kernel: [    1.374020] Loaded X.509 cert 'Canonical Ltd. Live Patch Signing: 14df34d1a87cf37625abec039ef2bf521249b969'
Feb 13 16:02:14 localhost kernel: [    1.376121] Loaded X.509 cert 'Canonical Ltd. Kernel Module Signing: 88f752e560a1e0737e31163a466ad7b70a850c19'
Feb 13 16:02:14 localhost kernel: [    1.377886] blacklist: Loading compiled-in revocation X.509 certificates
Feb 13 16:02:14 localhost kernel: [    1.379081] Loaded X.509 cert 'Canonical Ltd. Secure Boot Signing: 61482aa2830d0ab2ad5af10b7250da9033ddcef0'
Feb 13 16:02:14 localhost kernel: [    1.380773] Loaded X.509 cert 'Canonical Ltd. Secure Boot Signing (2017): 242ade75ac4a15e50d50c84b0d45ff3eae707a03'
Feb 13 16:02:14 localhost kernel: [    1.382599] Loaded X.509 cert 'Canonical Ltd. Secure Boot Signing (ESM 2018): 365188c1d374d6b07c3c8f240f8ef722433d6a8b'
Feb 13 16:02:14 localhost kernel: [    1.384468] Loaded X.509 cert 'Canonical Ltd. Secure Boot Signing (2019): c0746fd6c5da3ae827864651ad66ae47fe24b3e8'
Feb 13 16:02:14 localhost kernel: [    1.386291] Loaded X.509 cert 'Canonical Ltd. Secure Boot Signing (2021 v1): a8d54bbb3825cfb94fa13c9f8a594a195c107b8d'
Feb 13 16:02:14 localhost kernel: [    1.388156] Loaded X.509 cert 'Canonical Ltd. Secure Boot Signing (2021 v2): 4cf046892d6fd3c9a5b03f98d845f90851dc6a8c'
Feb 13 16:02:14 localhost kernel: [    1.390019] Loaded X.509 cert 'Canonical Ltd. Secure Boot Signing (2021 v3): 100437bb6de6e469b581e61cd66bce3ef4ed53af'
Feb 13 16:02:14 localhost kernel: [    1.391864] Loaded X.509 cert 'Canonical Ltd. Secure Boot Signing (Ubuntu Core 2019): c1d57b8f6b743f23ee41f4f7ee292f06eecadfb9'
Feb 13 16:02:14 localhost kernel: [    1.393921] zswap: loaded using pool lzo/zbud
Feb 13 16:02:14 localhost kernel: [    1.394801] Key type .fscrypt registered
Feb 13 16:02:14 localhost kernel: [    1.395489] Key type fscrypt-provisioning registered
Feb 13 16:02:14 localhost kernel: [    1.399404] Key type encrypted registered
Feb 13 16:02:14 localhost kernel: [    1.400140] AppArmor: AppArmor sha1 policy hashing enabled
Feb 13 16:02:14 localhost kernel: [    1.401113] ima: No TPM chip found, activating TPM-bypass!
Feb 13 16:02:14 localhost kernel: [    1.402095] Loading compiled-in module X.509 certificates
Feb 13 16:02:14 localhost kernel: [    1.403459] Loaded X.509 cert 'Build time autogenerated kernel key: 682c6a7f321ac1add9d343d86a326ef485d32cbe'
Feb 13 16:02:14 localhost kernel: [    1.405166] ima: Allocated hash algorithm: sha1
Feb 13 16:02:14 localhost kernel: [    1.405990] ima: No architecture policies found
Feb 13 16:02:14 localhost kernel: [    1.406803] evm: Initialising EVM extended attributes:
Feb 13 16:02:14 localhost kernel: [    1.407696] evm: security.selinux
Feb 13 16:02:14 localhost kernel: [    1.408278] evm: security.SMACK64
Feb 13 16:02:14 localhost kernel: [    1.408860] evm: security.SMACK64EXEC
Feb 13 16:02:14 localhost kernel: [    1.409501] evm: security.SMACK64TRANSMUTE
Feb 13 16:02:14 localhost kernel: [    1.410233] evm: security.SMACK64MMAP
Feb 13 16:02:14 localhost kernel: [    1.410876] evm: security.apparmor
Feb 13 16:02:14 localhost kernel: [    1.411471] evm: security.ima
Feb 13 16:02:14 localhost kernel: [    1.411995] evm: security.capability
Feb 13 16:02:14 localhost kernel: [    1.412620] evm: HMAC attrs: 0x1
Feb 13 16:02:14 localhost kernel: [    1.413540] PM:   Magic number: 13:609:34
Feb 13 16:02:14 localhost kernel: [    1.414305] workqueue blkcg_punt_bio: hash matches
Feb 13 16:02:14 localhost kernel: [    1.415310] RAS: Correctable Errors collector initialized.
Feb 13 16:02:14 localhost kernel: [    1.416286] clk: Disabling unused clocks
Feb 13 16:02:14 localhost kernel: [    1.418649] Freeing unused decrypted memory: 2036K
Feb 13 16:02:14 localhost kernel: [    1.420005] Freeing unused kernel image (initmem) memory: 3372K
Feb 13 16:02:14 localhost kernel: [    1.421036] Write protecting the kernel read-only data: 30720k
Feb 13 16:02:14 localhost kernel: [    1.422589] Freeing unused kernel image (text/rodata gap) memory: 2036K
Feb 13 16:02:14 localhost kernel: [    1.423929] Freeing unused kernel image (rodata/data gap) memory: 1316K
Feb 13 16:02:14 localhost kernel: [    1.480912] x86/mm: Checked W+X mappings: passed, no W+X pages found.
Feb 13 16:02:14 localhost kernel: [    1.482042] Run /init as init process
Feb 13 16:02:14 localhost kernel: [    1.482684]   with arguments:
Feb 13 16:02:14 localhost kernel: [    1.482685]     /init
Feb 13 16:02:14 localhost kernel: [    1.482687]   with environment:
Feb 13 16:02:14 localhost kernel: [    1.482688]     HOME=/
Feb 13 16:02:14 localhost kernel: [    1.482689]     TERM=linux
Feb 13 16:02:14 localhost kernel: [    1.482690]     BOOT_IMAGE=/boot/vmlinuz-5.15.0-130-generic
Feb 13 16:02:14 localhost kernel: [    1.629932] lpc_ich 0000:00:1f.0: I/O space for GPIO uninitialized
Feb 13 16:02:14 localhost kernel: [    1.632097] input: VirtualPS/2 VMware VMMouse as /devices/platform/i8042/serio1/input/input4
Feb 13 16:02:14 localhost kernel: [    1.633872] input: VirtualPS/2 VMware VMMouse as /devices/platform/i8042/serio1/input/input3
Feb 13 16:02:14 localhost kernel: [    1.639439] ACPI: \_SB_.GSIA: Enabled at IRQ 16
Feb 13 16:02:14 localhost kernel: [    1.640388] i801_smbus 0000:00:1f.3: SMBus using PCI interrupt
Feb 13 16:02:14 localhost kernel: [    1.642836] ahci 0000:00:1f.2: version 3.0
Feb 13 16:02:14 localhost kernel: [    1.644050] ahci 0000:00:1f.2: AHCI 0001.0000 32 slots 6 ports 1.5 Gbps 0x3f impl SATA mode
Feb 13 16:02:14 localhost kernel: [    1.645505] ahci 0000:00:1f.2: flags: 64bit ncq only 
Feb 13 16:02:14 localhost kernel: [    1.673472] i2c i2c-0: 1/1 memory slots populated (from DMI)
Feb 13 16:02:14 localhost kernel: [    1.674497] i2c i2c-0: Memory type 0x07 not supported yet, not instantiating SPD
Feb 13 16:02:14 localhost kernel: [    1.675950] cryptd: max_cpu_qlen set to 1000
Feb 13 16:02:14 localhost kernel: [    1.680134] AVX2 version of gcm_enc/dec engaged.
Feb 13 16:02:14 localhost kernel: [    1.680970] AES CTR mode by8 optimization enabled
Feb 13 16:02:14 localhost kernel: [    1.704842] scsi host0: ahci
Feb 13 16:02:14 localhost kernel: [    1.709034] scsi host2: ahci
Feb 13 16:02:14 localhost kernel: [    1.710679] scsi host1: Virtio SCSI HBA
Feb 13 16:02:14 localhost kernel: [    1.712937] scsi 1:0:0:0: Direct-Access     QEMU     QEMU HARDDISK    2.5+ PQ: 0 ANSI: 5
Feb 13 16:02:14 localhost kernel: [    1.721035] scsi host3: ahci
Feb 13 16:02:14 localhost kernel: [    1.730975] scsi host4: ahci
Feb 13 16:02:14 localhost kernel: [    1.739748] sd 1:0:0:0: Power-on or device reset occurred
Feb 13 16:02:14 localhost kernel: [    1.740986] sd 1:0:0:0: [sda] 51380224 512-byte logical blocks: (26.3 GB/24.5 GiB)
Feb 13 16:02:14 localhost kernel: [    1.742691] sd 1:0:0:0: Attached scsi generic sg0 type 0
Feb 13 16:02:14 localhost kernel: [    1.743672] sd 1:0:0:0: [sda] Write Protect is off
Feb 13 16:02:14 localhost kernel: [    1.744553] sd 1:0:0:0: [sda] Mode Sense: 63 00 00 08
Feb 13 16:02:14 localhost kernel: [    1.745544] sd 1:0:0:0: [sda] Write cache: enabled, read cache: enabled, doesn't support DPO or FUA
Feb 13 16:02:14 localhost kernel: [    1.747450] scsi host5: ahci
Feb 13 16:02:14 localhost kernel: [    1.751409] sd 1:0:0:0: [sda] Attached SCSI disk
Feb 13 16:02:14 localhost kernel: [    1.753408] scsi host7: ahci
Feb 13 16:02:14 localhost kernel: [    1.754076] ata1: SATA max UDMA/133 abar m4096@0xfebd4000 port 0xfebd4100 irq 24
Feb 13 16:02:14 localhost kernel: [    1.755435] ata2: SATA max UDMA/133 abar m4096@0xfebd4000 port 0xfebd4180 irq 24
Feb 13 16:02:14 localhost kernel: [    1.756799] ata3: SATA max UDMA/133 abar m4096@0xfebd4000 port 0xfebd4200 irq 24
Feb 13 16:02:14 localhost kernel: [    1.758154] ata4: SATA max UDMA/133 abar m4096@0xfebd4000 port 0xfebd4280 irq 24
Feb 13 16:02:14 localhost kernel: [    1.759500] ata5: SATA max UDMA/133 abar m4096@0xfebd4000 port 0xfebd4300 irq 24
Feb 13 16:02:14 localhost kernel: [    1.760848] ata6: SATA max UDMA/133 abar m4096@0xfebd4000 port 0xfebd4380 irq 24
Feb 13 16:02:14 localhost kernel: [    1.763017] scsi host6: Virtio SCSI HBA
Feb 13 16:02:14 localhost kernel: [    1.770029] scsi 6:0:1:2: Direct-Access     QEMU     QEMU HARDDISK    2.5+ PQ: 0 ANSI: 5
Feb 13 16:02:14 localhost kernel: [    1.795033] sd 6:0:1:2: Power-on or device reset occurred
Feb 13 16:02:14 localhost kernel: [    1.796275] sd 6:0:1:2: [sdb] 1048576 512-byte logical blocks: (537 MB/512 MiB)
Feb 13 16:02:14 localhost kernel: [    1.798056] sd 6:0:1:2: [sdb] Write Protect is off
Feb 13 16:02:14 localhost kernel: [    1.799310] sd 6:0:1:2: [sdb] Mode Sense: 63 00 00 08
Feb 13 16:02:14 localhost kernel: [    1.799366] sd 6:0:1:2: Attached scsi generic sg1 type 0
Feb 13 16:02:14 localhost kernel: [    1.800376] sd 6:0:1:2: [sdb] Write cache: enabled, read cache: enabled, doesn't support DPO or FUA
Feb 13 16:02:14 localhost kernel: [    1.806838] sd 6:0:1:2: [sdb] Attached SCSI disk
Feb 13 16:02:14 localhost kernel: [    2.076408] ata5: SATA link down (SStatus 0 SControl 300)
Feb 13 16:02:14 localhost kernel: [    2.077575] ata3: SATA link down (SStatus 0 SControl 300)
Feb 13 16:02:14 localhost kernel: [    2.078701] ata1: SATA link down (SStatus 0 SControl 300)
Feb 13 16:02:14 localhost kernel: [    2.079883] ata4: SATA link down (SStatus 0 SControl 300)
Feb 13 16:02:14 localhost kernel: [    2.081002] ata2: SATA link down (SStatus 0 SControl 300)
Feb 13 16:02:14 localhost kernel: [    2.082175] ata6: SATA link down (SStatus 0 SControl 300)
Feb 13 16:02:14 localhost kernel: [    2.102247] bochs-drm 0000:00:01.0: vgaarb: deactivate vga console
Feb 13 16:02:14 localhost kernel: [    2.128327] Console: switching to colour dummy device 80x25
Feb 13 16:02:14 localhost kernel: [    2.129887] [drm] Found bochs VGA, ID 0xb0c5.
Feb 13 16:02:14 localhost kernel: [    2.130738] [drm] Framebuffer size 16384 kB @ 0xfd000000, mmio @ 0xfebd0000.
Feb 13 16:02:14 localhost kernel: [    2.133793] [drm] Found EDID data blob.
Feb 13 16:02:14 localhost kernel: [    2.135282] [drm] Initialized bochs-drm 1.0.0 20130925 for 0000:00:01.0 on minor 0
Feb 13 16:02:14 localhost kernel: [    2.138576] fbcon: bochs-drmdrmfb (fb0) is primary device
Feb 13 16:02:14 localhost kernel: [    2.722776] Console: switching to colour frame buffer device 160x50
Feb 13 16:02:14 localhost kernel: [    2.877271] bochs-drm 0000:00:01.0: [drm] fb0: bochs-drmdrmfb frame buffer device
Feb 13 16:02:14 localhost kernel: [    3.201715] raid6: avx2x4   gen() 31128 MB/s
Feb 13 16:02:14 localhost kernel: [    3.269715] raid6: avx2x4   xor()  4479 MB/s
Feb 13 16:02:14 localhost kernel: [    3.337714] raid6: avx2x2   gen() 26434 MB/s
Feb 13 16:02:14 localhost kernel: [    3.405715] raid6: avx2x2   xor() 27748 MB/s
Feb 13 16:02:14 localhost kernel: [    3.473714] raid6: avx2x1   gen() 19847 MB/s
Feb 13 16:02:14 localhost kernel: [    3.541715] raid6: avx2x1   xor() 25290 MB/s
Feb 13 16:02:14 localhost kernel: [    3.609714] raid6: sse2x4   gen() 15505 MB/s
Feb 13 16:02:14 localhost kernel: [    3.677717] raid6: sse2x4   xor()  2377 MB/s
Feb 13 16:02:14 localhost kernel: [    3.745714] raid6: sse2x2   gen() 14204 MB/s
Feb 13 16:02:14 localhost kernel: [    3.813714] raid6: sse2x2   xor() 14534 MB/s
Feb 13 16:02:14 localhost kernel: [    3.881727] raid6: sse2x1   gen()  1002 MB/s
Feb 13 16:02:14 localhost kernel: [    3.949714] raid6: sse2x1   xor() 13228 MB/s
Feb 13 16:02:14 localhost kernel: [    3.950482] raid6: using algorithm avx2x4 gen() 31128 MB/s
Feb 13 16:02:14 localhost kernel: [    3.951452] raid6: .... xor() 4479 MB/s, rmw enabled
Feb 13 16:02:14 localhost kernel: [    3.952334] raid6: using avx2x2 recovery algorithm
Feb 13 16:02:14 localhost kernel: [    3.954645] xor: automatically using best checksumming function   avx       
Feb 13 16:02:14 localhost kernel: [    3.956736] async_tx: api initialized (async)
Feb 13 16:02:14 localhost kernel: [    4.018141] Btrfs loaded, crc32c=crc32c-intel, zoned=yes, fsverity=yes
Feb 13 16:02:14 localhost kernel: [    4.069993] EXT4-fs (sda): mounted filesystem with ordered data mode. Opts: (null). Quota mode: none.
Feb 13 16:02:14 localhost kernel: [    4.701069] EXT4-fs (sda): re-mounted. Opts: errors=remount-ro. Quota mode: none.
Feb 13 16:02:14 localhost kernel: [    5.206265] audit: type=1400 audit(1739462524.836:2): apparmor="STATUS" operation="profile_load" profile="unconfined" name="lsb_release" pid=422 comm="apparmor_parser"
Feb 13 16:02:14 localhost kernel: [    5.408472] audit: type=1400 audit(1739462525.036:3): apparmor="STATUS" operation="profile_load" profile="unconfined" name="nvidia_modprobe" pid=441 comm="apparmor_parser"
Feb 13 16:02:14 localhost kernel: [    5.415874] audit: type=1400 audit(1739462525.044:4): apparmor="STATUS" operation="profile_load" profile="unconfined" name="nvidia_modprobe//kmod" pid=441 comm="apparmor_parser"
Feb 13 16:02:14 localhost kernel: [    5.894944] audit: type=1400 audit(1739462525.524:5): apparmor="STATUS" operation="profile_load" profile="unconfined" name="/usr/lib/NetworkManager/nm-dhcp-client.action" pid=444 comm="apparmor_parser"
Feb 13 16:02:14 localhost kernel: [    5.897294] audit: type=1400 audit(1739462525.524:6): apparmor="STATUS" operation="profile_load" profile="unconfined" name="/usr/lib/NetworkManager/nm-dhcp-helper" pid=444 comm="apparmor_parser"
Feb 13 16:02:14 localhost kernel: [    5.903173] audit: type=1400 audit(1739462525.532:7): apparmor="STATUS" operation="profile_load" profile="unconfined" name="/usr/lib/connman/scripts/dhclient-script" pid=444 comm="apparmor_parser"
Feb 13 16:02:14 localhost kernel: [    5.924113] audit: type=1400 audit(1739462525.552:8): apparmor="STATUS" operation="profile_load" profile="unconfined" name="/{,usr/}sbin/dhclient" pid=444 comm="apparmor_parser"
Feb 13 16:02:14 localhost kernel: [    6.189867] audit: type=1400 audit(1739462525.820:9): apparmor="STATUS" operation="profile_load" profile="unconfined" name="ubuntu_pro_apt_news" pid=447 comm="apparmor_parser"
Feb 13 16:02:14 localhost kernel: [    6.759943] Adding 524284k swap on /dev/sdb.  Priority:-2 extents:1 across:524284k SSFS
Feb 13 16:02:14 localhost kernel: [    7.288374] audit: type=1400 audit(1739462526.916:10): apparmor="STATUS" operation="profile_load" profile="unconfined" name="ubuntu_pro_esm_cache" pid=456 comm="apparmor_parser"
Feb 13 16:02:14 localhost kernel: [    7.291244] audit: type=1400 audit(1739462526.920:11): apparmor="STATUS" operation="profile_load" profile="unconfined" name="ubuntu_pro_esm_cache//apt_methods" pid=456 comm="apparmor_parser"
Feb 13 16:02:14 localhost kernel: [    7.294127] audit: type=1400 audit(1739462526.924:12): apparmor="STATUS" operation="profile_load" profile="unconfined" name="ubuntu_pro_esm_cache//apt_methods_gpgv" pid=456 comm="apparmor_parser"
Feb 13 16:02:14 localhost kernel: [   15.219823] loop0: detected capacity change from 0 to 8
Feb 13 16:02:15 localhost kernel: [   15.625798] kauditd_printk_skb: 13 callbacks suppressed
Feb 13 16:02:15 localhost kernel: [   15.625801] audit: type=1400 audit(1739462535.256:26): apparmor="STATUS" operation="profile_replace" profile="unconfined" name="/usr/lib/snapd/snap-confine" pid=675 comm="apparmor_parser"
Feb 13 16:02:15 localhost kernel: [   15.627070] audit: type=1400 audit(1739462535.256:27): apparmor="STATUS" operation="profile_replace" profile="unconfined" name="/usr/lib/snapd/snap-confine//mount-namespace-capture-helper" pid=675 comm="apparmor_parser"
Feb 13 16:14:13 localhost kernel: [  733.193322] [UFW BLOCK] IN=eth0 OUT= MAC=f2:3c:95:8e:18:9e:fe:ff:ff:ff:ff:ff:08:00 SRC=92.119.141.208 DST=172.233.98.113 LEN=60 TOS=0x00 PREC=0x00 TTL=46 ID=63112 DF PROTO=TCP SPT=57950 DPT=3000 WINDOW=64240 RES=0x00 SYN URGP=0 
Feb 13 16:14:14 localhost kernel: [  734.222540] [UFW BLOCK] IN=eth0 OUT= MAC=f2:3c:95:8e:18:9e:fe:ff:ff:ff:ff:ff:08:00 SRC=92.119.141.208 DST=172.233.98.113 LEN=60 TOS=0x00 PREC=0x00 TTL=46 ID=63113 DF PROTO=TCP SPT=57950 DPT=3000 WINDOW=64240 RES=0x00 SYN URGP=0 
Feb 13 16:14:15 localhost kernel: [  735.256800] [UFW BLOCK] IN=eth0 OUT= MAC=f2:3c:95:8e:18:9e:fe:ff:ff:ff:ff:ff:08:00 SRC=92.119.141.208 DST=172.233.98.113 LEN=60 TOS=0x00 PREC=0x00 TTL=46 ID=63114 DF PROTO=TCP SPT=57950 DPT=3000 WINDOW=64240 RES=0x00 SYN URGP=0 
Feb 13 16:14:16 localhost kernel: [  736.276167] [UFW BLOCK] IN=eth0 OUT= MAC=f2:3c:95:8e:18:9e:fe:ff:ff:ff:ff:ff:08:00 SRC=92.119.141.208 DST=172.233.98.113 LEN=60 TOS=0x00 PREC=0x00 TTL=46 ID=63115 DF PROTO=TCP SPT=57950 DPT=3000 WINDOW=64240 RES=0x00 SYN URGP=0 
Feb 13 16:14:17 localhost kernel: [  737.294316] [UFW BLOCK] IN=eth0 OUT= MAC=f2:3c:95:8e:18:9e:fe:ff:ff:ff:ff:ff:08:00 SRC=92.119.141.208 DST=172.233.98.113 LEN=60 TOS=0x00 PREC=0x00 TTL=46 ID=63116 DF PROTO=TCP SPT=57950 DPT=3000 WINDOW=64240 RES=0x00 SYN URGP=0 
Feb 13 16:14:18 localhost kernel: [  738.320196] [UFW BLOCK] IN=eth0 OUT= MAC=f2:3c:95:8e:18:9e:fe:ff:ff:ff:ff:ff:08:00 SRC=92.119.141.208 DST=172.233.98.113 LEN=60 TOS=0x00 PREC=0x00 TTL=46 ID=63117 DF PROTO=TCP SPT=57950 DPT=3000 WINDOW=64240 RES=0x00 SYN URGP=0 
Feb 13 16:14:20 localhost kernel: [  740.366260] [UFW BLOCK] IN=eth0 OUT= MAC=f2:3c:95:8e:18:9e:fe:ff:ff:ff:ff:ff:08:00 SRC=92.119.141.208 DST=172.233.98.113 LEN=60 TOS=0x00 PREC=0x00 TTL=46 ID=63118 DF PROTO=TCP SPT=57950 DPT=3000 WINDOW=64240 RES=0x00 SYN URGP=0 
Feb 13 16:14:24 localhost kernel: [  744.404043] [UFW BLOCK] IN=eth0 OUT= MAC=f2:3c:95:8e:18:9e:fe:ff:ff:ff:ff:ff:08:00 SRC=92.119.141.208 DST=172.233.98.113 LEN=60 TOS=0x00 PREC=0x00 TTL=46 ID=63119 DF PROTO=TCP SPT=57950 DPT=3000 WINDOW=64240 RES=0x00 SYN URGP=0 
Feb 13 16:14:26 localhost kernel: [  746.356673] [UFW BLOCK] IN=eth0 OUT= MAC=f2:3c:95:8e:18:9e:fe:ff:ff:ff:ff:ff:08:00 SRC=199.45.154.189 DST=172.233.98.113 LEN=154 TOS=0x00 PREC=0x00 TTL=32 ID=349 PROTO=UDP SPT=50577 DPT=5061 LEN=134 
Feb 13 16:14:32 localhost kernel: [  751.828204] [UFW BLOCK] IN=eth0 OUT= MAC=f2:3c:95:8e:18:9e:fe:ff:ff:ff:ff:ff:08:00 SRC=47.239.13.144 DST=172.233.98.113 LEN=74 TOS=0x00 PREC=0x00 TTL=32 ID=47641 DF PROTO=UDP SPT=33316 DPT=8083 LEN=54 
Feb 13 16:14:36 localhost kernel: [  756.406452] [UFW BLOCK] IN=eth0 OUT= MAC=f2:3c:95:8e:18:9e:fe:ff:ff:ff:ff:ff:08:00 SRC=167.94.146.25 DST=172.233.98.113 LEN=60 TOS=0x00 PREC=0x00 TTL=49 ID=39817 PROTO=TCP SPT=48507 DPT=9000 WINDOW=42340 RES=0x00 SYN URGP=0 
Feb 13 16:14:48 localhost kernel: [  768.592609] [UFW BLOCK] IN=eth0 OUT= MAC=f2:3c:95:8e:18:9e:fe:ff:ff:ff:ff:ff:08:00 SRC=92.119.141.208 DST=172.233.98.113 LEN=52 TOS=0x00 PREC=0x00 TTL=47 ID=39983 DF PROTO=TCP SPT=36510 DPT=22 WINDOW=502 RES=0x00 ACK URGP=0 
Feb 13 16:14:48 localhost kernel: [  768.592638] [UFW BLOCK] IN=eth0 OUT= MAC=f2:3c:95:8e:18:9e:fe:ff:ff:ff:ff:ff:08:00 SRC=92.119.141.208 DST=172.233.98.113 LEN=84 TOS=0x00 PREC=0x00 TTL=47 ID=39984 DF PROTO=TCP SPT=36510 DPT=22 WINDOW=502 RES=0x00 ACK PSH URGP=0 
Feb 13 16:14:49 localhost kernel: [  768.619423] [UFW BLOCK] IN=eth0 OUT= MAC=f2:3c:95:8e:18:9e:fe:ff:ff:ff:ff:ff:08:00 SRC=92.119.141.208 DST=172.233.98.113 LEN=52 TOS=0x00 PREC=0x00 TTL=47 ID=39985 DF PROTO=TCP SPT=36510 DPT=22 WINDOW=502 RES=0x00 ACK URGP=0 
Feb 13 16:14:49 localhost kernel: [  768.679760] [UFW BLOCK] IN=eth0 OUT= MAC=f2:3c:95:8e:18:9e:fe:ff:ff:ff:ff:ff:08:00 SRC=92.119.141.208 DST=172.233.98.113 LEN=52 TOS=0x00 PREC=0x00 TTL=47 ID=39988 DF PROTO=TCP SPT=36510 DPT=22 WINDOW=512 RES=0x00 ACK URGP=0 
Feb 13 16:14:49 localhost kernel: [  768.686066] [UFW BLOCK] IN=eth0 OUT= MAC=f2:3c:95:8e:18:9e:fe:ff:ff:ff:ff:ff:08:00 SRC=92.119.141.208 DST=172.233.98.113 LEN=1260 TOS=0x00 PREC=0x00 TTL=47 ID=39989 DF PROTO=TCP SPT=36510 DPT=22 WINDOW=512 RES=0x00 ACK PSH URGP=0 
Feb 13 16:14:49 localhost kernel: [  768.725034] [UFW BLOCK] IN=eth0 OUT= MAC=f2:3c:95:8e:18:9e:fe:ff:ff:ff:ff:ff:08:00 SRC=92.119.141.208 DST=172.233.98.113 LEN=64 TOS=0x00 PREC=0x00 TTL=47 ID=39990 DF PROTO=TCP SPT=36510 DPT=22 WINDOW=515 RES=0x00 ACK URGP=0 
Feb 13 16:14:49 localhost kernel: [  768.725177] [UFW BLOCK] IN=eth0 OUT= MAC=f2:3c:95:8e:18:9e:fe:ff:ff:ff:ff:ff:08:00 SRC=92.119.141.208 DST=172.233.98.113 LEN=52 TOS=0x00 PREC=0x00 TTL=47 ID=39991 DF PROTO=TCP SPT=36510 DPT=22 WINDOW=543 RES=0x00 ACK URGP=0 
Feb 13 16:14:49 localhost kernel: [  768.732257] [UFW BLOCK] IN=eth0 OUT= MAC=f2:3c:95:8e:18:9e:fe:ff:ff:ff:ff:ff:08:00 SRC=92.119.141.208 DST=172.233.98.113 LEN=68 TOS=0x00 PREC=0x00 TTL=47 ID=39992 DF PROTO=TCP SPT=36510 DPT=22 WINDOW=543 RES=0x00 ACK PSH URGP=0 
Feb 13 16:14:49 localhost kernel: [  768.800419] [UFW BLOCK] IN=eth0 OUT= MAC=f2:3c:95:8e:18:9e:fe:ff:ff:ff:ff:ff:08:00 SRC=92.119.141.208 DST=172.233.98.113 LEN=96 TOS=0x00 PREC=0x00 TTL=47 ID=39993 DF PROTO=TCP SPT=36510 DPT=22 WINDOW=543 RES=0x00 ACK PSH URGP=0 
Feb 13 16:14:49 localhost kernel: [  768.820810] [UFW BLOCK] IN=eth0 OUT= MAC=f2:3c:95:8e:18:9e:fe:ff:ff:ff:ff:ff:08:00 SRC=92.119.141.208 DST=172.233.98.113 LEN=112 TOS=0x00 PREC=0x00 TTL=47 ID=39994 DF PROTO=TCP SPT=36510 DPT=22 WINDOW=543 RES=0x00 ACK PSH URGP=0 
Feb 13 16:14:53 localhost kernel: [  773.331072] [UFW BLOCK] IN=eth0 OUT= MAC=f2:3c:95:8e:18:9e:fe:ff:ff:ff:ff:ff:08:00 SRC=92.119.141.208 DST=172.233.98.113 LEN=60 TOS=0x00 PREC=0x00 TTL=46 ID=2263 DF PROTO=TCP SPT=51816 DPT=3000 WINDOW=64240 RES=0x00 SYN URGP=0 
Feb 13 16:15:09 localhost kernel: [  789.346831] [UFW BLOCK] IN=eth0 OUT= MAC=f2:3c:95:8e:18:9e:fe:ff:ff:ff:ff:ff:08:00 SRC=92.119.141.208 DST=172.233.98.113 LEN=52 TOS=0x00 PREC=0x00 TTL=46 ID=17071 DF PROTO=TCP SPT=36546 DPT=22 WINDOW=670 RES=0x00 ACK URGP=0 
Feb 13 16:15:16 localhost kernel: [  795.948389] [UFW BLOCK] IN=eth0 OUT= MAC=f2:3c:95:8e:18:9e:fe:ff:ff:ff:ff:ff:08:00 SRC=162.216.150.213 DST=172.233.98.113 LEN=44 TOS=0x00 PREC=0x00 TTL=239 ID=54321 PROTO=TCP SPT=49467 DPT=9223 WINDOW=65535 RES=0x00 SYN URGP=0 
Feb 13 16:15:29 localhost kernel: [  809.355714] [UFW BLOCK] IN=eth0 OUT= MAC=f2:3c:95:8e:18:9e:fe:ff:ff:ff:ff:ff:08:00 SRC=92.119.141.208 DST=172.233.98.113 LEN=52 TOS=0x00 PREC=0x00 TTL=46 ID=17091 DF PROTO=TCP SPT=36546 DPT=22 WINDOW=670 RES=0x00 ACK URGP=0 
Feb 13 16:15:36 localhost kernel: [  816.402072] [UFW BLOCK] IN=eth0 OUT= MAC=f2:3c:95:8e:18:9e:fe:ff:ff:ff:ff:ff:08:00 SRC=92.119.141.208 DST=172.233.98.113 LEN=60 TOS=0x00 PREC=0x00 TTL=46 ID=21970 DF PROTO=TCP SPT=46818 DPT=3000 WINDOW=64240 RES=0x00 SYN URGP=0 
Feb 13 16:15:49 localhost kernel: [  828.609853] [UFW BLOCK] IN=eth0 OUT= MAC=f2:3c:95:8e:18:9e:fe:ff:ff:ff:ff:ff:08:00 SRC=92.119.141.208 DST=172.233.98.113 LEN=52 TOS=0x00 PREC=0x00 TTL=46 ID=17121 DF PROTO=TCP SPT=36546 DPT=22 WINDOW=670 RES=0x00 ACK URGP=0 
Feb 13 16:15:51 localhost kernel: [  831.300312] [UFW BLOCK] IN=eth0 OUT= MAC=f2:3c:95:8e:18:9e:fe:ff:ff:ff:ff:ff:08:00 SRC=206.168.34.141 DST=172.233.98.113 LEN=60 TOS=0x00 PREC=0x00 TTL=45 ID=30525 PROTO=TCP SPT=52854 DPT=14371 WINDOW=42340 RES=0x00 SYN URGP=0 
Feb 13 16:15:57 localhost kernel: [  836.710953] [UFW BLOCK] IN=eth0 OUT= MAC=f2:3c:95:8e:18:9e:fe:ff:ff:ff:ff:ff:08:00 SRC=4.151.220.126 DST=172.233.98.113 LEN=40 TOS=0x00 PREC=0x00 TTL=225 ID=54321 PROTO=TCP SPT=40647 DPT=7199 WINDOW=65535 RES=0x00 SYN URGP=0 
Feb 13 16:16:03 localhost kernel: [  843.288835] [UFW BLOCK] IN=eth0 OUT= MAC=f2:3c:95:8e:18:9e:fe:ff:ff:ff:ff:ff:08:00 SRC=46.105.70.190 DST=172.233.98.113 LEN=52 TOS=0x00 PREC=0x00 TTL=47 ID=47115 PROTO=TCP SPT=40093 DPT=9928 WINDOW=65535 RES=0x00 SYN URGP=0 
Feb 13 16:16:06 localhost kernel: [  846.039997] [UFW BLOCK] IN=eth0 OUT= MAC=f2:3c:95:8e:18:9e:fe:ff:ff:ff:ff:ff:08:00 SRC=206.168.34.155 DST=172.233.98.113 LEN=60 TOS=0x00 PREC=0x00 TTL=45 ID=61467 PROTO=TCP SPT=41306 DPT=26251 WINDOW=42340 RES=0x00 SYN URGP=0 
Feb 13 16:16:26 localhost kernel: [  865.953433] [UFW BLOCK] IN=eth0 OUT= MAC=f2:3c:95:8e:18:9e:fe:ff:ff:ff:ff:ff:08:00 SRC=170.187.165.242 DST=172.233.98.113 LEN=44 TOS=0x00 PREC=0x00 TTL=237 ID=54321 PROTO=TCP SPT=39066 DPT=515 WINDOW=65535 RES=0x00 SYN URGP=0 
Feb 13 16:16:31 localhost kernel: [  871.360018] [UFW BLOCK] IN=eth0 OUT= MAC=f2:3c:95:8e:18:9e:fe:ff:ff:ff:ff:ff:08:00 SRC=199.45.154.177 DST=172.233.98.113 LEN=60 TOS=0x00 PREC=0x00 TTL=46 ID=46161 PROTO=TCP SPT=22147 DPT=2052 WINDOW=42340 RES=0x00 SYN URGP=0 
Feb 13 16:16:39 localhost kernel: [  879.416003] [UFW BLOCK] IN=eth0 OUT= MAC=f2:3c:95:8e:18:9e:fe:ff:ff:ff:ff:ff:08:00 SRC=92.118.39.83 DST=172.233.98.113 LEN=40 TOS=0x00 PREC=0x00 TTL=234 ID=54321 PROTO=TCP SPT=53930 DPT=31315 WINDOW=65535 RES=0x00 SYN URGP=0 
Feb 13 16:16:41 localhost kernel: [  881.257430] [UFW BLOCK] IN=eth0 OUT= MAC=f2:3c:95:8e:18:9e:fe:ff:ff:ff:ff:ff:08:00 SRC=92.119.141.208 DST=172.233.98.113 LEN=60 TOS=0x00 PREC=0x00 TTL=46 ID=61153 DF PROTO=TCP SPT=36764 DPT=3000 WINDOW=64240 RES=0x00 SYN URGP=0 
Feb 13 16:16:42 localhost kernel: [  882.320745] [UFW BLOCK] IN=eth0 OUT= MAC=f2:3c:95:8e:18:9e:fe:ff:ff:ff:ff:ff:08:00 SRC=92.119.141.208 DST=172.233.98.113 LEN=60 TOS=0x00 PREC=0x00 TTL=46 ID=61154 DF PROTO=TCP SPT=36764 DPT=3000 WINDOW=64240 RES=0x00 SYN URGP=0 
Feb 13 16:16:43 localhost kernel: [  883.340628] [UFW BLOCK] IN=eth0 OUT= MAC=f2:3c:95:8e:18:9e:fe:ff:ff:ff:ff:ff:08:00 SRC=92.119.141.208 DST=172.233.98.113 LEN=60 TOS=0x00 PREC=0x00 TTL=46 ID=61155 DF PROTO=TCP SPT=36764 DPT=3000 WINDOW=64240 RES=0x00 SYN URGP=0 
Feb 13 16:16:44 localhost kernel: [  884.364218] [UFW BLOCK] IN=eth0 OUT= MAC=f2:3c:95:8e:18:9e:fe:ff:ff:ff:ff:ff:08:00 SRC=92.119.141.208 DST=172.233.98.113 LEN=60 TOS=0x00 PREC=0x00 TTL=46 ID=61156 DF PROTO=TCP SPT=36764 DPT=3000 WINDOW=64240 RES=0x00 SYN URGP=0 
Feb 13 16:16:45 localhost kernel: [  885.393242] [UFW BLOCK] IN=eth0 OUT= MAC=f2:3c:95:8e:18:9e:fe:ff:ff:ff:ff:ff:08:00 SRC=92.119.141.208 DST=172.233.98.113 LEN=60 TOS=0x00 PREC=0x00 TTL=46 ID=61157 DF PROTO=TCP SPT=36764 DPT=3000 WINDOW=64240 RES=0x00 SYN URGP=0 
Feb 13 16:16:52 localhost kernel: [  892.491638] [UFW BLOCK] IN=eth0 OUT= MAC=f2:3c:95:8e:18:9e:fe:ff:ff:ff:ff:ff:08:00 SRC=92.119.141.208 DST=172.233.98.113 LEN=60 TOS=0x00 PREC=0x00 TTL=46 ID=61160 DF PROTO=TCP SPT=36764 DPT=3000 WINDOW=64240 RES=0x00 SYN URGP=0 
Feb 13 16:17:17 localhost kernel: [  917.267338] [UFW BLOCK] IN=eth0 OUT= MAC=f2:3c:95:8e:18:9e:fe:ff:ff:ff:ff:ff:08:00 SRC=92.119.141.208 DST=172.233.98.113 LEN=60 TOS=0x00 PREC=0x00 TTL=46 ID=12876 DF PROTO=TCP SPT=51452 DPT=3000 WINDOW=64240 RES=0x00 SYN URGP=0 
Feb 13 16:17:32 localhost kernel: [  932.155536] [UFW BLOCK] IN=eth0 OUT= MAC=f2:3c:95:8e:18:9e:fe:ff:ff:ff:ff:ff:08:00 SRC=193.41.206.142 DST=172.233.98.113 LEN=40 TOS=0x00 PREC=0x00 TTL=236 ID=54321 PROTO=TCP SPT=56388 DPT=8728 WINDOW=65535 RES=0x00 SYN URGP=0 
Feb 13 16:17:53 localhost kernel: [  953.274829] [UFW BLOCK] IN=eth0 OUT= MAC=f2:3c:95:8e:18:9e:fe:ff:ff:ff:ff:ff:08:00 SRC=92.119.141.208 DST=172.233.98.113 LEN=60 TOS=0x00 PREC=0x00 TTL=46 ID=11701 DF PROTO=TCP SPT=53878 DPT=3000 WINDOW=64240 RES=0x00 SYN URGP=0 
Feb 13 16:18:17 localhost kernel: [  977.340746] [UFW BLOCK] IN=eth0 OUT= MAC=f2:3c:95:8e:18:9e:fe:ff:ff:ff:ff:ff:08:00 SRC=143.42.164.34 DST=172.233.98.113 LEN=44 TOS=0x00 PREC=0x00 TTL=233 ID=54321 PROTO=TCP SPT=50415 DPT=8894 WINDOW=65535 RES=0x00 SYN URGP=0 
Feb 13 16:18:31 localhost kernel: [  991.369833] [UFW BLOCK] IN=eth0 OUT= MAC=f2:3c:95:8e:18:9e:fe:ff:ff:ff:ff:ff:08:00 SRC=92.119.141.208 DST=172.233.98.113 LEN=60 TOS=0x00 PREC=0x00 TTL=46 ID=8265 DF PROTO=TCP SPT=51076 DPT=3000 WINDOW=64240 RES=0x00 SYN URGP=0 
Feb 13 16:18:53 localhost kernel: [ 1013.352354] [UFW BLOCK] IN=eth0 OUT= MAC=f2:3c:95:8e:18:9e:fe:ff:ff:ff:ff:ff:08:00 SRC=45.142.193.162 DST=172.233.98.113 LEN=40 TOS=0x00 PREC=0x00 TTL=241 ID=55502 PROTO=TCP SPT=47927 DPT=9060 WINDOW=1024 RES=0x00 SYN URGP=0 
Feb 13 16:19:12 localhost kernel: [ 1032.480259] [UFW BLOCK] IN=eth0 OUT= MAC=f2:3c:95:8e:18:9e:fe:ff:ff:ff:ff:ff:08:00 SRC=92.119.141.208 DST=172.233.98.113 LEN=60 TOS=0x00 PREC=0x00 TTL=46 ID=8525 DF PROTO=TCP SPT=58558 DPT=3000 WINDOW=64240 RES=0x00 SYN URGP=0 
Feb 13 16:19:35 localhost kernel: [ 1055.550304] [UFW BLOCK] IN=eth0 OUT= MAC=f2:3c:95:8e:18:9e:fe:ff:ff:ff:ff:ff:08:00 SRC=89.248.163.28 DST=172.233.98.113 LEN=40 TOS=0x00 PREC=0x00 TTL=241 ID=59878 PROTO=TCP SPT=49922 DPT=9333 WINDOW=1024 RES=0x00 SYN URGP=0 
Feb 13 16:19:52 localhost kernel: [ 1072.524753] [UFW BLOCK] IN=eth0 OUT= MAC=f2:3c:95:8e:18:9e:fe:ff:ff:ff:ff:ff:08:00 SRC=92.119.141.208 DST=172.233.98.113 LEN=60 TOS=0x00 PREC=0x00 TTL=46 ID=14689 DF PROTO=TCP SPT=44214 DPT=3000 WINDOW=64240 RES=0x00 SYN URGP=0 
Feb 13 16:20:17 localhost kernel: [ 1097.305279] [UFW BLOCK] IN=eth0 OUT= MAC=f2:3c:95:8e:18:9e:fe:ff:ff:ff:ff:ff:08:00 SRC=92.119.141.208 DST=172.233.98.113 LEN=60 TOS=0x00 PREC=0x00 TTL=46 ID=32397 DF PROTO=TCP SPT=52208 DPT=3000 WINDOW=64240 RES=0x00 SYN URGP=0 
Feb 13 16:20:32 localhost kernel: [ 1111.699714] [UFW BLOCK] IN=eth0 OUT= MAC=f2:3c:95:8e:18:9e:fe:ff:ff:ff:ff:ff:08:00 SRC=92.119.141.208 DST=172.233.98.113 LEN=60 TOS=0x00 PREC=0x00 TTL=46 ID=31001 DF PROTO=TCP SPT=57816 DPT=3000 WINDOW=64240 RES=0x00 SYN URGP=0 
Feb 13 16:21:08 localhost kernel: [ 1147.708225] [UFW BLOCK] IN=eth0 OUT= MAC=f2:3c:95:8e:18:9e:fe:ff:ff:ff:ff:ff:08:00 SRC=92.119.141.208 DST=172.233.98.113 LEN=60 TOS=0x00 PREC=0x00 TTL=46 ID=64648 DF PROTO=TCP SPT=43762 DPT=3000 WINDOW=64240 RES=0x00 SYN URGP=0 
Feb 13 16:21:12 localhost kernel: [ 1151.680653] [UFW BLOCK] IN=eth0 OUT= MAC=f2:3c:95:8e:18:9e:fe:ff:ff:ff:ff:ff:08:00 SRC=134.122.90.74 DST=172.233.98.113 LEN=40 TOS=0x00 PREC=0x00 TTL=238 ID=7653 PROTO=TCP SPT=43656 DPT=22109 WINDOW=1024 RES=0x00 SYN URGP=0 
Feb 13 16:21:35 localhost kernel: [ 1174.885413] [UFW BLOCK] IN=eth0 OUT= MAC=f2:3c:95:8e:18:9e:fe:ff:ff:ff:ff:ff:08:00 SRC=45.79.186.176 DST=172.233.98.113 LEN=44 TOS=0x00 PREC=0x00 TTL=237 ID=54321 PROTO=TCP SPT=50936 DPT=7843 WINDOW=65535 RES=0x00 SYN URGP=0 
Feb 13 16:21:52 localhost kernel: [ 1192.361538] [UFW BLOCK] IN=eth0 OUT= MAC=f2:3c:95:8e:18:9e:fe:ff:ff:ff:ff:ff:08:00 SRC=89.248.163.56 DST=172.233.98.113 LEN=40 TOS=0x00 PREC=0x00 TTL=241 ID=14617 PROTO=TCP SPT=49842 DPT=7871 WINDOW=1024 RES=0x00 SYN URGP=0 
Feb 13 16:22:12 localhost kernel: [ 1212.062234] [UFW BLOCK] IN=eth0 OUT= MAC=f2:3c:95:8e:18:9e:fe:ff:ff:ff:ff:ff:08:00 SRC=78.128.113.130 DST=172.233.98.113 LEN=40 TOS=0x00 PREC=0x00 TTL=239 ID=26189 PROTO=TCP SPT=8080 DPT=7309 WINDOW=1024 RES=0x00 SYN URGP=0 
Feb 13 16:22:52 localhost kernel: [ 1252.515561] [UFW BLOCK] IN=eth0 OUT= MAC=f2:3c:95:8e:18:9e:fe:ff:ff:ff:ff:ff:08:00 SRC=103.56.61.136 DST=172.233.98.113 LEN=52 TOS=0x00 PREC=0x00 TTL=36 ID=13798 PROTO=TCP SPT=56140 DPT=7187 WINDOW=64310 RES=0x00 SYN URGP=0 
Feb 13 16:22:56 localhost kernel: [ 1255.748110] [UFW BLOCK] IN=eth0 OUT= MAC=f2:3c:95:8e:18:9e:fe:ff:ff:ff:ff:ff:08:00 SRC=92.119.141.208 DST=172.233.98.113 LEN=60 TOS=0x00 PREC=0x00 TTL=46 ID=58624 DF PROTO=TCP SPT=54324 DPT=3000 WINDOW=64240 RES=0x00 SYN URGP=0 
Feb 13 16:23:13 localhost kernel: [ 1273.027712] [UFW BLOCK] IN=eth0 OUT= MAC=f2:3c:95:8e:18:9e:fe:ff:ff:ff:ff:ff:08:00 SRC=89.248.163.35 DST=172.233.98.113 LEN=40 TOS=0x00 PREC=0x00 TTL=241 ID=26335 PROTO=TCP SPT=49812 DPT=7092 WINDOW=1024 RES=0x00 SYN URGP=0 
Feb 13 16:23:32 localhost kernel: [ 1291.753817] [UFW BLOCK] IN=eth0 OUT= MAC=f2:3c:95:8e:18:9e:fe:ff:ff:ff:ff:ff:08:00 SRC=92.119.141.208 DST=172.233.98.113 LEN=60 TOS=0x00 PREC=0x00 TTL=46 ID=62971 DF PROTO=TCP SPT=42692 DPT=3000 WINDOW=64240 RES=0x00 SYN URGP=0 
Feb 13 16:24:02 localhost kernel: [ 1321.601967] [UFW BLOCK] IN=eth0 OUT= MAC=f2:3c:95:8e:18:9e:fe:ff:ff:ff:ff:ff:08:00 SRC=103.102.230.5 DST=172.233.98.113 LEN=40 TOS=0x00 PREC=0x00 TTL=236 ID=54321 PROTO=TCP SPT=34564 DPT=8728 WINDOW=65535 RES=0x00 SYN URGP=0 
Feb 13 16:24:12 localhost kernel: [ 1331.838799] [UFW BLOCK] IN=eth0 OUT= MAC=f2:3c:95:8e:18:9e:fe:ff:ff:ff:ff:ff:08:00 SRC=92.119.141.208 DST=172.233.98.113 LEN=60 TOS=0x00 PREC=0x00 TTL=46 ID=39149 DF PROTO=TCP SPT=56232 DPT=3000 WINDOW=64240 RES=0x00 SYN URGP=0 
Feb 13 16:24:44 localhost kernel: [ 1363.779704] [UFW BLOCK] IN=eth0 OUT= MAC=f2:3c:95:8e:18:9e:fe:ff:ff:ff:ff:ff:08:00 SRC=92.119.141.208 DST=172.233.98.113 LEN=60 TOS=0x00 PREC=0x00 TTL=46 ID=5768 DF PROTO=TCP SPT=56150 DPT=3000 WINDOW=64240 RES=0x00 SYN URGP=0 
Feb 13 16:24:55 localhost kernel: [ 1374.973748] [UFW BLOCK] IN=eth0 OUT= MAC=f2:3c:95:8e:18:9e:fe:ff:ff:ff:ff:ff:08:00 SRC=92.119.141.208 DST=172.233.98.113 LEN=60 TOS=0x00 PREC=0x00 TTL=46 ID=5775 DF PROTO=TCP SPT=56150 DPT=3000 WINDOW=64240 RES=0x00 SYN URGP=0 
Feb 13 16:25:20 localhost kernel: [ 1399.792553] [UFW BLOCK] IN=eth0 OUT= MAC=f2:3c:95:8e:18:9e:fe:ff:ff:ff:ff:ff:08:00 SRC=92.119.141.208 DST=172.233.98.113 LEN=60 TOS=0x00 PREC=0x00 TTL=46 ID=1923 DF PROTO=TCP SPT=57312 DPT=3000 WINDOW=64240 RES=0x00 SYN URGP=0 
Feb 13 16:25:32 localhost kernel: [ 1412.492790] [UFW BLOCK] IN=eth0 OUT= MAC=f2:3c:95:8e:18:9e:fe:ff:ff:ff:ff:ff:08:00 SRC=54.37.81.238 DST=172.233.98.113 LEN=52 TOS=0x00 PREC=0x00 TTL=46 ID=18156 PROTO=TCP SPT=53899 DPT=8823 WINDOW=65535 RES=0x00 SYN URGP=0 
Feb 13 16:25:56 localhost kernel: [ 1435.799976] [UFW BLOCK] IN=eth0 OUT= MAC=f2:3c:95:8e:18:9e:fe:ff:ff:ff:ff:ff:08:00 SRC=92.119.141.208 DST=172.233.98.113 LEN=60 TOS=0x00 PREC=0x00 TTL=46 ID=13446 DF PROTO=TCP SPT=49302 DPT=3000 WINDOW=64240 RES=0x00 SYN URGP=0 
Feb 13 16:26:25 localhost kernel: [ 1465.025313] [UFW BLOCK] IN=eth0 OUT= MAC=f2:3c:95:8e:18:9e:fe:ff:ff:ff:ff:ff:08:00 SRC=91.191.209.218 DST=172.233.98.113 LEN=40 TOS=0x00 PREC=0x00 TTL=240 ID=29468 PROTO=TCP SPT=8080 DPT=7396 WINDOW=1024 RES=0x00 SYN URGP=0 
Feb 13 16:26:32 localhost kernel: [ 1471.811820] [UFW BLOCK] IN=eth0 OUT= MAC=f2:3c:95:8e:18:9e:fe:ff:ff:ff:ff:ff:08:00 SRC=92.119.141.208 DST=172.233.98.113 LEN=60 TOS=0x00 PREC=0x00 TTL=46 ID=29976 DF PROTO=TCP SPT=40068 DPT=3000 WINDOW=64240 RES=0x00 SYN URGP=0 
Feb 13 16:26:52 localhost kernel: [ 1492.063836] [UFW BLOCK] IN=eth0 OUT= MAC=f2:3c:95:8e:18:9e:fe:ff:ff:ff:ff:ff:08:00 SRC=89.248.165.96 DST=172.233.98.113 LEN=44 TOS=0x00 PREC=0x00 TTL=241 ID=46652 PROTO=TCP SPT=51498 DPT=65487 WINDOW=1025 RES=0x00 SYN URGP=0 
Feb 13 16:27:12 localhost kernel: [ 1511.931375] [UFW BLOCK] IN=eth0 OUT= MAC=f2:3c:95:8e:18:9e:fe:ff:ff:ff:ff:ff:08:00 SRC=92.119.141.208 DST=172.233.98.113 LEN=60 TOS=0x00 PREC=0x00 TTL=46 ID=56378 DF PROTO=TCP SPT=46406 DPT=3000 WINDOW=64240 RES=0x00 SYN URGP=0 
Feb 13 16:27:44 localhost kernel: [ 1543.840321] [UFW BLOCK] IN=eth0 OUT= MAC=f2:3c:95:8e:18:9e:fe:ff:ff:ff:ff:ff:08:00 SRC=92.119.141.208 DST=172.233.98.113 LEN=60 TOS=0x00 PREC=0x00 TTL=46 ID=58389 DF PROTO=TCP SPT=58562 DPT=3000 WINDOW=64240 RES=0x00 SYN URGP=0 
Feb 13 16:27:55 localhost kernel: [ 1555.069951] [UFW BLOCK] IN=eth0 OUT= MAC=f2:3c:95:8e:18:9e:fe:ff:ff:ff:ff:ff:08:00 SRC=92.119.141.208 DST=172.233.98.113 LEN=60 TOS=0x00 PREC=0x00 TTL=46 ID=58396 DF PROTO=TCP SPT=58562 DPT=3000 WINDOW=64240 RES=0x00 SYN URGP=0 
Feb 13 16:28:20 localhost kernel: [ 1579.848026] [UFW BLOCK] IN=eth0 OUT= MAC=f2:3c:95:8e:18:9e:fe:ff:ff:ff:ff:ff:08:00 SRC=92.119.141.208 DST=172.233.98.113 LEN=60 TOS=0x00 PREC=0x00 TTL=46 ID=8999 DF PROTO=TCP SPT=33642 DPT=3000 WINDOW=64240 RES=0x00 SYN URGP=0 
Feb 13 16:28:54 localhost kernel: [ 1614.068308] [UFW BLOCK] IN=eth0 OUT= MAC=f2:3c:95:8e:18:9e:fe:ff:ff:ff:ff:ff:08:00 SRC=93.174.93.12 DST=172.233.98.113 LEN=40 TOS=0x00 PREC=0x00 TTL=241 ID=27580 PROTO=TCP SPT=60000 DPT=80 WINDOW=1024 RES=0x00 SYN URGP=0 
Feb 13 16:28:56 localhost kernel: [ 1615.859110] [UFW BLOCK] IN=eth0 OUT= MAC=f2:3c:95:8e:18:9e:fe:ff:ff:ff:ff:ff:08:00 SRC=92.119.141.208 DST=172.233.98.113 LEN=60 TOS=0x00 PREC=0x00 TTL=46 ID=49831 DF PROTO=TCP SPT=35358 DPT=3000 WINDOW=64240 RES=0x00 SYN URGP=0 
Feb 13 16:29:12 localhost kernel: [ 1631.687067] [UFW BLOCK] IN=eth0 OUT= MAC=f2:3c:95:8e:18:9e:fe:ff:ff:ff:ff:ff:08:00 SRC=205.210.31.173 DST=172.233.98.113 LEN=44 TOS=0x00 PREC=0x00 TTL=48 ID=0 DF PROTO=UDP SPT=35893 DPT=6969 LEN=24 
Feb 13 16:29:32 localhost kernel: [ 1651.874129] [UFW BLOCK] IN=eth0 OUT= MAC=f2:3c:95:8e:18:9e:fe:ff:ff:ff:ff:ff:08:00 SRC=92.119.141.208 DST=172.233.98.113 LEN=60 TOS=0x00 PREC=0x00 TTL=46 ID=52709 DF PROTO=TCP SPT=49712 DPT=3000 WINDOW=64240 RES=0x00 SYN URGP=0 
Feb 13 16:30:06 localhost kernel: [ 1686.457482] [UFW BLOCK] IN=eth0 OUT= MAC=f2:3c:95:8e:18:9e:fe:ff:ff:ff:ff:ff:08:00 SRC=185.196.220.253 DST=172.233.98.113 LEN=40 TOS=0x00 PREC=0x00 TTL=231 ID=54321 PROTO=TCP SPT=51002 DPT=80 WINDOW=65535 RES=0x00 SYN URGP=0 
Feb 13 16:30:12 localhost kernel: [ 1691.769573] [UFW BLOCK] IN=eth0 OUT= MAC=f2:3c:95:8e:18:9e:fe:ff:ff:ff:ff:ff:08:00 SRC=123.245.84.191 DST=172.233.98.113 LEN=44 TOS=0x00 PREC=0x00 TTL=225 ID=25301 PROTO=TCP SPT=55655 DPT=5342 WINDOW=1024 RES=0x00 SYN URGP=0 
Feb 13 16:30:37 localhost kernel: [ 1717.318822] [UFW BLOCK] IN=eth0 OUT= MAC=f2:3c:95:8e:18:9e:fe:ff:ff:ff:ff:ff:08:00 SRC=205.210.31.64 DST=172.233.98.113 LEN=44 TOS=0x00 PREC=0x00 TTL=225 ID=42317 PROTO=TCP SPT=52854 DPT=23 WINDOW=1024 RES=0x00 SYN URGP=0 
Feb 13 16:30:55 localhost kernel: [ 1735.099282] [UFW BLOCK] IN=eth0 OUT= MAC=f2:3c:95:8e:18:9e:fe:ff:ff:ff:ff:ff:08:00 SRC=92.119.141.208 DST=172.233.98.113 LEN=60 TOS=0x00 PREC=0x00 TTL=46 ID=17740 DF PROTO=TCP SPT=44070 DPT=3000 WINDOW=64240 RES=0x00 SYN URGP=0 
Feb 13 16:31:17 localhost kernel: [ 1757.183439] [UFW BLOCK] IN=eth0 OUT= MAC=f2:3c:95:8e:18:9e:fe:ff:ff:ff:ff:ff:08:00 SRC=193.163.125.7 DST=172.233.98.113 LEN=44 TOS=0x00 PREC=0x00 TTL=239 ID=11818 PROTO=TCP SPT=57963 DPT=3269 WINDOW=14600 RES=0x00 SYN URGP=0 
Feb 13 16:31:40 localhost kernel: [ 1779.618425] [UFW BLOCK] IN=eth0 OUT= MAC=f2:3c:95:8e:18:9e:fe:ff:ff:ff:ff:ff:08:00 SRC=78.128.113.38 DST=172.233.98.113 LEN=40 TOS=0x00 PREC=0x00 TTL=239 ID=44730 PROTO=TCP SPT=44980 DPT=3683 WINDOW=1024 RES=0x00 SYN URGP=0 
Feb 13 16:31:56 localhost kernel: [ 1795.923353] [UFW BLOCK] IN=eth0 OUT= MAC=f2:3c:95:8e:18:9e:fe:ff:ff:ff:ff:ff:08:00 SRC=92.119.141.208 DST=172.233.98.113 LEN=60 TOS=0x00 PREC=0x00 TTL=46 ID=57753 DF PROTO=TCP SPT=44020 DPT=3000 WINDOW=64240 RES=0x00 SYN URGP=0 
Feb 13 16:32:32 localhost kernel: [ 1831.926673] [UFW BLOCK] IN=eth0 OUT= MAC=f2:3c:95:8e:18:9e:fe:ff:ff:ff:ff:ff:08:00 SRC=92.119.141.208 DST=172.233.98.113 LEN=60 TOS=0x00 PREC=0x00 TTL=46 ID=43999 DF PROTO=TCP SPT=40438 DPT=3000 WINDOW=64240 RES=0x00 SYN URGP=0 
Feb 13 16:32:33 localhost kernel: [ 1832.954306] [UFW BLOCK] IN=eth0 OUT= MAC=f2:3c:95:8e:18:9e:fe:ff:ff:ff:ff:ff:08:00 SRC=92.119.141.208 DST=172.233.98.113 LEN=60 TOS=0x00 PREC=0x00 TTL=46 ID=44000 DF PROTO=TCP SPT=40438 DPT=3000 WINDOW=64240 RES=0x00 SYN URGP=0 
Feb 13 16:32:54 localhost kernel: [ 1854.338141] [UFW BLOCK] IN=eth0 OUT= MAC=f2:3c:95:8e:18:9e:fe:ff:ff:ff:ff:ff:08:00 SRC=193.68.89.51 DST=172.233.98.113 LEN=40 TOS=0x00 PREC=0x00 TTL=239 ID=54321 PROTO=TCP SPT=57434 DPT=80 WINDOW=65535 RES=0x00 SYN URGP=0 
Feb 13 16:33:12 localhost kernel: [ 1872.056561] [UFW BLOCK] IN=eth0 OUT= MAC=f2:3c:95:8e:18:9e:fe:ff:ff:ff:ff:ff:08:00 SRC=92.119.141.208 DST=172.233.98.113 LEN=60 TOS=0x00 PREC=0x00 TTL=46 ID=42693 DF PROTO=TCP SPT=34708 DPT=3000 WINDOW=64240 RES=0x00 SYN URGP=0 
Feb 13 16:33:41 localhost kernel: [ 1901.003344] [UFW BLOCK] IN=eth0 OUT= MAC=f2:3c:95:8e:18:9e:fe:ff:ff:ff:ff:ff:08:00 SRC=173.255.223.73 DST=172.233.98.113 LEN=52 TOS=0x00 PREC=0x00 TTL=42 ID=12759 PROTO=TCP SPT=36463 DPT=1081 WINDOW=65535 RES=0x00 SYN URGP=0 
Feb 13 16:33:55 localhost kernel: [ 1915.128191] [UFW BLOCK] IN=eth0 OUT= MAC=f2:3c:95:8e:18:9e:fe:ff:ff:ff:ff:ff:08:00 SRC=92.119.141.208 DST=172.233.98.113 LEN=60 TOS=0x00 PREC=0x00 TTL=46 ID=49974 DF PROTO=TCP SPT=50184 DPT=3000 WINDOW=64240 RES=0x00 SYN URGP=0 
Feb 13 16:34:20 localhost kernel: [ 1939.955073] [UFW BLOCK] IN=eth0 OUT= MAC=f2:3c:95:8e:18:9e:fe:ff:ff:ff:ff:ff:08:00 SRC=92.119.141.208 DST=172.233.98.113 LEN=60 TOS=0x00 PREC=0x00 TTL=46 ID=5804 DF PROTO=TCP SPT=45370 DPT=3000 WINDOW=64240 RES=0x00 SYN URGP=0 
Feb 13 16:34:35 localhost kernel: [ 1955.336576] [UFW BLOCK] IN=eth0 OUT= MAC=f2:3c:95:8e:18:9e:fe:ff:ff:ff:ff:ff:08:00 SRC=147.185.133.177 DST=172.233.98.113 LEN=44 TOS=0x00 PREC=0x00 TTL=239 ID=54321 PROTO=TCP SPT=55758 DPT=8125 WINDOW=65535 RES=0x00 SYN URGP=0 
Feb 13 16:34:56 localhost kernel: [ 1975.968614] [UFW BLOCK] IN=eth0 OUT= MAC=f2:3c:95:8e:18:9e:fe:ff:ff:ff:ff:ff:08:00 SRC=92.119.141.208 DST=172.233.98.113 LEN=60 TOS=0x00 PREC=0x00 TTL=46 ID=26429 DF PROTO=TCP SPT=40940 DPT=3000 WINDOW=64240 RES=0x00 SYN URGP=0 
Feb 13 16:35:14 localhost kernel: [ 1994.171300] [UFW BLOCK] IN=eth0 OUT= MAC=f2:3c:95:8e:18:9e:fe:ff:ff:ff:ff:ff:08:00 SRC=92.63.197.33 DST=172.233.98.113 LEN=40 TOS=0x00 PREC=0x00 TTL=241 ID=7504 PROTO=TCP SPT=48248 DPT=50068 WINDOW=1024 RES=0x00 SYN URGP=0 
Feb 13 16:35:32 localhost kernel: [ 2011.989559] [UFW BLOCK] IN=eth0 OUT= MAC=f2:3c:95:8e:18:9e:fe:ff:ff:ff:ff:ff:08:00 SRC=92.119.141.208 DST=172.233.98.113 LEN=60 TOS=0x00 PREC=0x00 TTL=46 ID=42420 DF PROTO=TCP SPT=46630 DPT=3000 WINDOW=64240 RES=0x00 SYN URGP=0 
Feb 13 16:35:54 localhost kernel: [ 2033.843460] [UFW BLOCK] IN=eth0 OUT= MAC=f2:3c:95:8e:18:9e:fe:ff:ff:ff:ff:ff:08:00 SRC=92.119.141.208 DST=172.233.98.113 LEN=52 TOS=0x00 PREC=0x00 TTL=46 ID=17140 DF PROTO=TCP SPT=36546 DPT=22 WINDOW=670 RES=0x00 ACK URGP=0 
Feb 13 16:35:54 localhost kernel: [ 2033.843476] [UFW BLOCK] IN=eth0 OUT= MAC=f2:3c:95:8e:18:9e:fe:ff:ff:ff:ff:ff:08:00 SRC=92.119.141.208 DST=172.233.98.113 LEN=52 TOS=0x00 PREC=0x00 TTL=46 ID=17141 DF PROTO=TCP SPT=36546 DPT=22 WINDOW=670 RES=0x00 ACK URGP=0 
Feb 13 16:35:54 localhost kernel: [ 2033.855353] [UFW BLOCK] IN=eth0 OUT= MAC=f2:3c:95:8e:18:9e:fe:ff:ff:ff:ff:ff:08:00 SRC=92.119.141.208 DST=172.233.98.113 LEN=52 TOS=0x00 PREC=0x00 TTL=46 ID=17142 DF PROTO=TCP SPT=36546 DPT=22 WINDOW=670 RES=0x00 ACK URGP=0 
Feb 13 16:35:54 localhost kernel: [ 2033.855564] [UFW BLOCK] IN=eth0 OUT= MAC=f2:3c:95:8e:18:9e:fe:ff:ff:ff:ff:ff:08:00 SRC=92.119.141.208 DST=172.233.98.113 LEN=52 TOS=0x00 PREC=0x00 TTL=46 ID=17143 DF PROTO=TCP SPT=36546 DPT=22 WINDOW=670 RES=0x00 ACK URGP=0 
Feb 13 16:35:54 localhost kernel: [ 2033.904911] [UFW BLOCK] IN=eth0 OUT= MAC=f2:3c:95:8e:18:9e:fe:ff:ff:ff:ff:ff:08:00 SRC=92.119.141.208 DST=172.233.98.113 LEN=52 TOS=0x00 PREC=0x00 TTL=46 ID=17144 DF PROTO=TCP SPT=36546 DPT=22 WINDOW=670 RES=0x00 ACK URGP=0 
Feb 13 16:35:54 localhost kernel: [ 2033.904921] [UFW BLOCK] IN=eth0 OUT= MAC=f2:3c:95:8e:18:9e:fe:ff:ff:ff:ff:ff:08:00 SRC=92.119.141.208 DST=172.233.98.113 LEN=52 TOS=0x00 PREC=0x00 TTL=46 ID=17145 DF PROTO=TCP SPT=36546 DPT=22 WINDOW=670 RES=0x00 ACK URGP=0 
Feb 13 16:35:54 localhost kernel: [ 2034.051523] [UFW BLOCK] IN=eth0 OUT= MAC=f2:3c:95:8e:18:9e:fe:ff:ff:ff:ff:ff:08:00 SRC=92.119.141.208 DST=172.233.98.113 LEN=52 TOS=0x00 PREC=0x00 TTL=46 ID=17146 DF PROTO=TCP SPT=36546 DPT=22 WINDOW=670 RES=0x00 ACK URGP=0 
Feb 13 16:35:54 localhost kernel: [ 2034.051587] [UFW BLOCK] IN=eth0 OUT= MAC=f2:3c:95:8e:18:9e:fe:ff:ff:ff:ff:ff:08:00 SRC=92.119.141.208 DST=172.233.98.113 LEN=52 TOS=0x00 PREC=0x00 TTL=46 ID=17147 DF PROTO=TCP SPT=36546 DPT=22 WINDOW=670 RES=0x00 ACK URGP=0 
Feb 13 16:35:54 localhost kernel: [ 2034.051608] [UFW BLOCK] IN=eth0 OUT= MAC=f2:3c:95:8e:18:9e:fe:ff:ff:ff:ff:ff:08:00 SRC=92.119.141.208 DST=172.233.98.113 LEN=52 TOS=0x00 PREC=0x00 TTL=46 ID=17148 DF PROTO=TCP SPT=36546 DPT=22 WINDOW=670 RES=0x00 ACK URGP=0 
Feb 13 16:35:54 localhost kernel: [ 2034.051646] [UFW BLOCK] IN=eth0 OUT= MAC=f2:3c:95:8e:18:9e:fe:ff:ff:ff:ff:ff:08:00 SRC=92.119.141.208 DST=172.233.98.113 LEN=52 TOS=0x00 PREC=0x00 TTL=46 ID=17149 DF PROTO=TCP SPT=36546 DPT=22 WINDOW=670 RES=0x00 ACK URGP=0 
Feb 13 16:35:59 localhost kernel: [ 2039.368426] [UFW BLOCK] IN=eth0 OUT= MAC=f2:3c:95:8e:18:9e:fe:ff:ff:ff:ff:ff:08:00 SRC=92.63.197.33 DST=172.233.98.113 LEN=40 TOS=0x00 PREC=0x00 TTL=241 ID=62536 PROTO=TCP SPT=48248 DPT=50025 WINDOW=1024 RES=0x00 SYN URGP=0 
Feb 13 16:36:12 localhost kernel: [ 2052.087740] [UFW BLOCK] IN=eth0 OUT= MAC=f2:3c:95:8e:18:9e:fe:ff:ff:ff:ff:ff:08:00 SRC=92.119.141.208 DST=172.233.98.113 LEN=60 TOS=0x00 PREC=0x00 TTL=46 ID=7602 DF PROTO=TCP SPT=60498 DPT=3000 WINDOW=64240 RES=0x00 SYN URGP=0 
Feb 13 16:36:19 localhost kernel: [ 2058.685861] [UFW BLOCK] IN=eth0 OUT= MAC=f2:3c:95:8e:18:9e:fe:ff:ff:ff:ff:ff:08:00 SRC=92.119.141.208 DST=172.233.98.113 LEN=52 TOS=0x00 PREC=0x00 TTL=46 ID=17225 DF PROTO=TCP SPT=36546 DPT=22 WINDOW=676 RES=0x00 ACK URGP=0 
Feb 13 16:36:27 localhost kernel: [ 2067.282024] Bluetooth: Core ver 2.22
Feb 13 16:36:27 localhost kernel: [ 2067.282064] NET: Registered PF_BLUETOOTH protocol family
Feb 13 16:36:27 localhost kernel: [ 2067.282066] Bluetooth: HCI device and connection manager initialized
Feb 13 16:36:27 localhost kernel: [ 2067.282727] Bluetooth: HCI socket layer initialized
Feb 13 16:36:27 localhost kernel: [ 2067.282731] Bluetooth: L2CAP socket layer initialized
Feb 13 16:36:27 localhost kernel: [ 2067.282737] Bluetooth: SCO socket layer initialized
Feb 13 16:36:28 localhost kernel: [ 2067.754397] device eth0 entered promiscuous mode
Feb 13 16:36:31 localhost kernel: [ 2070.832305] device eth0 left promiscuous mode
Feb 13 16:36:32 localhost kernel: [ 2072.297119] device eth0 entered promiscuous mode
Feb 13 16:36:35 localhost kernel: [ 2074.848565] [UFW BLOCK] IN=eth0 OUT= MAC=f2:3c:95:8e:18:9e:fe:ff:ff:ff:ff:ff:08:00 SRC=92.119.141.208 DST=172.233.98.113 LEN=88 TOS=0x00 PREC=0x00 TTL=46 ID=17354 DF PROTO=TCP SPT=36546 DPT=22 WINDOW=817 RES=0x00 ACK PSH URGP=0 
Feb 13 16:36:35 localhost kernel: [ 2074.997237] [UFW BLOCK] IN=eth0 OUT= MAC=f2:3c:95:8e:18:9e:fe:ff:ff:ff:ff:ff:08:00 SRC=118.70.12.22 DST=172.233.98.113 LEN=52 TOS=0x02 PREC=0x00 TTL=109 ID=9948 DF PROTO=TCP SPT=52025 DPT=5986 WINDOW=64240 RES=0x00 CWR ECE SYN URGP=0 
Feb 13 16:36:50 localhost kernel: [ 2089.694991] [UFW BLOCK] IN=eth0 OUT= MAC=f2:3c:95:8e:18:9e:fe:ff:ff:ff:ff:ff:08:00 SRC=92.119.141.208 DST=172.233.98.113 LEN=52 TOS=0x00 PREC=0x00 TTL=47 ID=17549 DF PROTO=TCP SPT=36546 DPT=22 WINDOW=817 RES=0x00 ACK FIN URGP=0 
Feb 13 16:36:50 localhost kernel: [ 2089.729643] [UFW BLOCK] IN=eth0 OUT= MAC=f2:3c:95:8e:18:9e:fe:ff:ff:ff:ff:ff:08:00 SRC=92.119.141.208 DST=172.233.98.113 LEN=52 TOS=0x00 PREC=0x00 TTL=47 ID=17550 DF PROTO=TCP SPT=36546 DPT=22 WINDOW=817 RES=0x00 ACK URGP=0 
Feb 13 16:36:51 localhost kernel: [ 2091.185995] [UFW BLOCK] IN=eth0 OUT= MAC=f2:3c:95:8e:18:9e:fe:ff:ff:ff:ff:ff:08:00 SRC=92.119.141.208 DST=172.233.98.113 LEN=60 TOS=0x00 PREC=0x00 TTL=46 ID=42594 DF PROTO=TCP SPT=49262 DPT=3000 WINDOW=64240 RES=0x00 SYN URGP=0 
Feb 13 16:36:55 localhost kernel: [ 2095.221187] [UFW BLOCK] IN=eth0 OUT= MAC=f2:3c:95:8e:18:9e:fe:ff:ff:ff:ff:ff:08:00 SRC=92.119.141.208 DST=172.233.98.113 LEN=60 TOS=0x00 PREC=0x00 TTL=46 ID=42595 DF PROTO=TCP SPT=49262 DPT=3000 WINDOW=64240 RES=0x00 SYN URGP=0 
Feb 13 16:36:58 localhost kernel: [ 2098.516159] [UFW BLOCK] IN=eth0 OUT= MAC=f2:3c:95:8e:18:9e:fe:ff:ff:ff:ff:ff:08:00 SRC=196.251.73.80 DST=172.233.98.113 LEN=220 TOS=0x00 PREC=0x00 TTL=240 ID=54321 PROTO=UDP SPT=41470 DPT=123 LEN=200 
Feb 13 16:37:00 localhost kernel: [ 2100.245013] [UFW BLOCK] IN=eth0 OUT= MAC=f2:3c:95:8e:18:9e:fe:ff:ff:ff:ff:ff:08:00 SRC=147.185.133.32 DST=172.233.98.113 LEN=44 TOS=0x00 PREC=0x00 TTL=239 ID=32194 PROTO=TCP SPT=54185 DPT=2325 WINDOW=1024 RES=0x00 SYN URGP=0 
Feb 13 16:37:01 localhost kernel: [ 2101.175818] [UFW BLOCK] IN=eth0 OUT= MAC=f2:3c:95:8e:18:9e:fe:ff:ff:ff:ff:ff:08:00 SRC=92.119.141.208 DST=172.233.98.113 LEN=60 TOS=0x00 PREC=0x00 TTL=47 ID=8486 DF PROTO=TCP SPT=54908 DPT=6669 WINDOW=64240 RES=0x00 SYN URGP=0 
Feb 13 16:37:01 localhost kernel: [ 2101.223188] [UFW BLOCK] IN=eth0 OUT= MAC=f2:3c:95:8e:18:9e:fe:ff:ff:ff:ff:ff:08:00 SRC=92.119.141.208 DST=172.233.98.113 LEN=84 TOS=0x00 PREC=0x00 TTL=47 ID=8488 DF PROTO=TCP SPT=54908 DPT=6669 WINDOW=502 RES=0x00 ACK PSH URGP=0 
Feb 13 16:37:01 localhost kernel: [ 2101.226513] [UFW BLOCK] IN=eth0 OUT= MAC=f2:3c:95:8e:18:9e:fe:ff:ff:ff:ff:ff:08:00 SRC=92.119.141.208 DST=172.233.98.113 LEN=52 TOS=0x00 PREC=0x00 TTL=47 ID=8487 DF PROTO=TCP SPT=54908 DPT=6669 WINDOW=502 RES=0x00 ACK URGP=0 
Feb 13 16:37:01 localhost kernel: [ 2101.260237] [UFW BLOCK] IN=eth0 OUT= MAC=f2:3c:95:8e:18:9e:fe:ff:ff:ff:ff:ff:08:00 SRC=92.119.141.208 DST=172.233.98.113 LEN=52 TOS=0x00 PREC=0x00 TTL=47 ID=8489 DF PROTO=TCP SPT=54908 DPT=6669 WINDOW=502 RES=0x00 ACK URGP=0 
Feb 13 16:37:01 localhost kernel: [ 2101.326399] [UFW BLOCK] IN=eth0 OUT= MAC=f2:3c:95:8e:18:9e:fe:ff:ff:ff:ff:ff:08:00 SRC=92.119.141.208 DST=172.233.98.113 LEN=52 TOS=0x00 PREC=0x00 TTL=47 ID=8492 DF PROTO=TCP SPT=54908 DPT=6669 WINDOW=512 RES=0x00 ACK URGP=0 
Feb 13 16:37:01 localhost kernel: [ 2101.332939] [UFW BLOCK] IN=eth0 OUT= MAC=f2:3c:95:8e:18:9e:fe:ff:ff:ff:ff:ff:08:00 SRC=92.119.141.208 DST=172.233.98.113 LEN=1260 TOS=0x00 PREC=0x00 TTL=47 ID=8493 DF PROTO=TCP SPT=54908 DPT=6669 WINDOW=512 RES=0x00 ACK PSH URGP=0 
Feb 13 16:37:01 localhost kernel: [ 2101.377500] [UFW BLOCK] IN=eth0 OUT= MAC=f2:3c:95:8e:18:9e:fe:ff:ff:ff:ff:ff:08:00 SRC=92.119.141.208 DST=172.233.98.113 LEN=64 TOS=0x00 PREC=0x00 TTL=47 ID=8494 DF PROTO=TCP SPT=54908 DPT=6669 WINDOW=515 RES=0x00 ACK URGP=0 
Feb 13 16:37:01 localhost kernel: [ 2101.377591] [UFW BLOCK] IN=eth0 OUT= MAC=f2:3c:95:8e:18:9e:fe:ff:ff:ff:ff:ff:08:00 SRC=92.119.141.208 DST=172.233.98.113 LEN=52 TOS=0x00 PREC=0x00 TTL=47 ID=8495 DF PROTO=TCP SPT=54908 DPT=6669 WINDOW=543 RES=0x00 ACK URGP=0 
Feb 13 16:37:15 localhost kernel: [ 2115.366021] [UFW BLOCK] IN=eth0 OUT= MAC=f2:3c:95:8e:18:9e:fe:ff:ff:ff:ff:ff:08:00 SRC=193.163.125.27 DST=172.233.98.113 LEN=44 TOS=0x00 PREC=0x00 TTL=239 ID=4118 PROTO=TCP SPT=56073 DPT=9521 WINDOW=14600 RES=0x00 SYN URGP=0 
Feb 13 16:37:20 localhost kernel: [ 2120.010638] [UFW BLOCK] IN=eth0 OUT= MAC=f2:3c:95:8e:18:9e:fe:ff:ff:ff:ff:ff:08:00 SRC=92.119.141.208 DST=172.233.98.113 LEN=60 TOS=0x00 PREC=0x00 TTL=46 ID=28930 DF PROTO=TCP SPT=47438 DPT=3000 WINDOW=64240 RES=0x00 SYN URGP=0 
Feb 13 16:37:21 localhost kernel: [ 2121.012131] [UFW BLOCK] IN=eth0 OUT= MAC=f2:3c:95:8e:18:9e:fe:ff:ff:ff:ff:ff:08:00 SRC=92.119.141.208 DST=172.233.98.113 LEN=60 TOS=0x00 PREC=0x00 TTL=46 ID=28931 DF PROTO=TCP SPT=47438 DPT=3000 WINDOW=64240 RES=0x00 SYN URGP=0 
Feb 13 16:37:22 localhost kernel: [ 2122.035687] [UFW BLOCK] IN=eth0 OUT= MAC=f2:3c:95:8e:18:9e:fe:ff:ff:ff:ff:ff:08:00 SRC=92.119.141.208 DST=172.233.98.113 LEN=60 TOS=0x00 PREC=0x00 TTL=46 ID=28932 DF PROTO=TCP SPT=47438 DPT=3000 WINDOW=64240 RES=0x00 SYN URGP=0 
Feb 13 16:37:23 localhost kernel: [ 2123.061522] [UFW BLOCK] IN=eth0 OUT= MAC=f2:3c:95:8e:18:9e:fe:ff:ff:ff:ff:ff:08:00 SRC=92.119.141.208 DST=172.233.98.113 LEN=60 TOS=0x00 PREC=0x00 TTL=46 ID=28933 DF PROTO=TCP SPT=47438 DPT=3000 WINDOW=64240 RES=0x00 SYN URGP=0 
Feb 13 16:37:24 localhost kernel: [ 2123.731443] [UFW BLOCK] IN=eth0 OUT= MAC=f2:3c:95:8e:18:9e:fe:ff:ff:ff:ff:ff:08:00 SRC=103.102.230.2 DST=172.233.98.113 LEN=40 TOS=0x00 PREC=0x00 TTL=236 ID=54321 PROTO=TCP SPT=52786 DPT=8728 WINDOW=65535 RES=0x00 SYN URGP=0 
Feb 13 16:37:24 localhost kernel: [ 2124.094236] [UFW BLOCK] IN=eth0 OUT= MAC=f2:3c:95:8e:18:9e:fe:ff:ff:ff:ff:ff:08:00 SRC=92.119.141.208 DST=172.233.98.113 LEN=60 TOS=0x00 PREC=0x00 TTL=46 ID=28934 DF PROTO=TCP SPT=47438 DPT=3000 WINDOW=64240 RES=0x00 SYN URGP=0 
Feb 13 16:37:35 localhost kernel: [ 2135.296726] [UFW BLOCK] IN=eth0 OUT= MAC=f2:3c:95:8e:18:9e:fe:ff:ff:ff:ff:ff:08:00 SRC=146.88.241.206 DST=172.233.98.113 LEN=53 TOS=0x00 PREC=0x00 TTL=234 ID=54321 PROTO=UDP SPT=52616 DPT=21025 LEN=33 
Feb 13 16:37:56 localhost kernel: [ 2156.012880] [UFW BLOCK] IN=eth0 OUT= MAC=f2:3c:95:8e:18:9e:fe:ff:ff:ff:ff:ff:08:00 SRC=92.119.141.208 DST=172.233.98.113 LEN=60 TOS=0x00 PREC=0x00 TTL=46 ID=65275 DF PROTO=TCP SPT=59120 DPT=3000 WINDOW=64240 RES=0x00 SYN URGP=0 
Feb 13 16:38:14 localhost kernel: [ 2174.151292] [UFW BLOCK] IN=eth0 OUT= MAC=f2:3c:95:8e:18:9e:fe:ff:ff:ff:ff:ff:08:00 SRC=134.122.92.253 DST=172.233.98.113 LEN=40 TOS=0x00 PREC=0x00 TTL=238 ID=53908 PROTO=TCP SPT=43576 DPT=8259 WINDOW=1024 RES=0x00 SYN URGP=0 
Feb 13 16:38:32 localhost kernel: [ 2192.022561] [UFW BLOCK] IN=eth0 OUT= MAC=f2:3c:95:8e:18:9e:fe:ff:ff:ff:ff:ff:08:00 SRC=92.119.141.208 DST=172.233.98.113 LEN=60 TOS=0x00 PREC=0x00 TTL=46 ID=16960 DF PROTO=TCP SPT=45074 DPT=3000 WINDOW=64240 RES=0x00 SYN URGP=0 
Feb 13 16:39:02 localhost kernel: [ 2222.294851] [UFW BLOCK] IN=eth0 OUT= MAC=f2:3c:95:8e:18:9e:fe:ff:ff:ff:ff:ff:08:00 SRC=153.127.193.55 DST=172.233.98.113 LEN=37 TOS=0x00 PREC=0x00 TTL=36 ID=0 DF PROTO=UDP SPT=36633 DPT=123 LEN=17 
Feb 13 16:39:12 localhost kernel: [ 2232.115406] [UFW BLOCK] IN=eth0 OUT= MAC=f2:3c:95:8e:18:9e:fe:ff:ff:ff:ff:ff:08:00 SRC=92.119.141.208 DST=172.233.98.113 LEN=60 TOS=0x00 PREC=0x00 TTL=46 ID=1135 DF PROTO=TCP SPT=44458 DPT=3000 WINDOW=64240 RES=0x00 SYN URGP=0 
Feb 13 16:39:37 localhost kernel: [ 2256.774837] [UFW BLOCK] IN=eth0 OUT= MAC=f2:3c:95:8e:18:9e:fe:ff:ff:ff:ff:ff:08:00 SRC=173.255.223.62 DST=172.233.98.113 LEN=52 TOS=0x00 PREC=0x00 TTL=42 ID=11331 PROTO=TCP SPT=38608 DPT=4545 WINDOW=65535 RES=0x00 SYN URGP=0 
Feb 13 16:39:51 localhost kernel: [ 2271.219066] [UFW BLOCK] IN=eth0 OUT= MAC=f2:3c:95:8e:18:9e:fe:ff:ff:ff:ff:ff:08:00 SRC=92.119.141.208 DST=172.233.98.113 LEN=60 TOS=0x00 PREC=0x00 TTL=46 ID=9704 DF PROTO=TCP SPT=44932 DPT=3000 WINDOW=64240 RES=0x00 SYN URGP=0 
Feb 13 16:40:20 localhost kernel: [ 2299.615613] [UFW BLOCK] IN=eth0 OUT= MAC=f2:3c:95:8e:18:9e:fe:ff:ff:ff:ff:ff:08:00 SRC=91.148.190.150 DST=172.233.98.113 LEN=44 TOS=0x00 PREC=0x00 TTL=241 ID=58182 PROTO=TCP SPT=47497 DPT=3120 WINDOW=1025 RES=0x00 SYN URGP=0 
Feb 13 16:40:31 localhost kernel: [ 2311.280107] [UFW BLOCK] IN=eth0 OUT= MAC=f2:3c:95:8e:18:9e:fe:ff:ff:ff:ff:ff:08:00 SRC=92.119.141.208 DST=172.233.98.113 LEN=60 TOS=0x00 PREC=0x00 TTL=46 ID=57567 DF PROTO=TCP SPT=41170 DPT=3000 WINDOW=64240 RES=0x00 SYN URGP=0 
Feb 13 16:40:52 localhost kernel: [ 2332.161471] [UFW BLOCK] IN=eth0 OUT= MAC=f2:3c:95:8e:18:9e:fe:ff:ff:ff:ff:ff:08:00 SRC=92.119.141.208 DST=172.233.98.113 LEN=44 TOS=0x00 PREC=0x00 TTL=26 ID=18488 PROTO=TCP SPT=65090 DPT=2809 WINDOW=1024 RES=0x00 SYN URGP=0 
Feb 13 16:41:10 localhost kernel: [ 2349.561201] [UFW BLOCK] IN=eth0 OUT= MAC=f2:3c:95:8e:18:9e:fe:ff:ff:ff:ff:ff:08:00 SRC=92.119.141.208 DST=172.233.98.113 LEN=120 TOS=0x00 PREC=0x00 TTL=47 ID=62064 DF PROTO=TCP SPT=42812 DPT=6669 WINDOW=543 RES=0x00 ACK PSH URGP=0 
Feb 13 16:41:10 localhost kernel: [ 2349.589619] [UFW BLOCK] IN=eth0 OUT= MAC=f2:3c:95:8e:18:9e:fe:ff:ff:ff:ff:ff:08:00 SRC=92.119.141.208 DST=172.233.98.113 LEN=680 TOS=0x00 PREC=0x00 TTL=47 ID=62065 DF PROTO=TCP SPT=42812 DPT=6669 WINDOW=543 RES=0x00 ACK PSH URGP=0 
Feb 13 16:41:10 localhost kernel: [ 2349.617602] [UFW BLOCK] IN=eth0 OUT= MAC=f2:3c:95:8e:18:9e:fe:ff:ff:ff:ff:ff:08:00 SRC=92.119.141.208 DST=172.233.98.113 LEN=52 TOS=0x00 PREC=0x00 TTL=47 ID=62066 DF PROTO=TCP SPT=42812 DPT=6669 WINDOW=543 RES=0x00 ACK FIN URGP=0 
Feb 13 16:41:10 localhost kernel: [ 2349.642797] [UFW BLOCK] IN=eth0 OUT= MAC=f2:3c:95:8e:18:9e:fe:ff:ff:ff:ff:ff:08:00 SRC=92.119.141.208 DST=172.233.98.113 LEN=52 TOS=0x00 PREC=0x00 TTL=47 ID=62067 DF PROTO=TCP SPT=42812 DPT=6669 WINDOW=543 RES=0x00 ACK URGP=0 
Feb 13 16:41:11 localhost kernel: [ 2351.185554] [UFW BLOCK] IN=eth0 OUT= MAC=f2:3c:95:8e:18:9e:fe:ff:ff:ff:ff:ff:08:00 SRC=92.119.141.208 DST=172.233.98.113 LEN=44 TOS=0x00 PREC=0x00 TTL=40 ID=36626 PROTO=TCP SPT=65086 DPT=1533 WINDOW=1024 RES=0x00 SYN URGP=0 
Feb 13 16:41:18 localhost kernel: [ 2358.257047] [UFW BLOCK] IN=eth0 OUT= MAC=f2:3c:95:8e:18:9e:fe:ff:ff:ff:ff:ff:08:00 SRC=92.119.141.208 DST=172.233.98.113 LEN=60 TOS=0x00 PREC=0x00 TTL=47 ID=26825 DF PROTO=TCP SPT=44354 DPT=22 WINDOW=64240 RES=0x00 SYN URGP=0 
Feb 13 16:41:26 localhost kernel: [ 2365.674665] [UFW BLOCK] IN=eth0 OUT= MAC=f2:3c:95:8e:18:9e:fe:ff:ff:ff:ff:ff:08:00 SRC=92.119.141.208 DST=172.233.98.113 LEN=60 TOS=0x00 PREC=0x00 TTL=47 ID=44013 DF PROTO=TCP SPT=49448 DPT=6669 WINDOW=64240 RES=0x00 SYN URGP=0 
Feb 13 16:41:26 localhost kernel: [ 2365.697332] [UFW BLOCK] IN=eth0 OUT= MAC=f2:3c:95:8e:18:9e:fe:ff:ff:ff:ff:ff:08:00 SRC=92.119.141.208 DST=172.233.98.113 LEN=52 TOS=0x00 PREC=0x00 TTL=47 ID=44014 DF PROTO=TCP SPT=49448 DPT=6669 WINDOW=502 RES=0x00 ACK URGP=0 
Feb 13 16:41:26 localhost kernel: [ 2365.699138] [UFW BLOCK] IN=eth0 OUT= MAC=f2:3c:95:8e:18:9e:fe:ff:ff:ff:ff:ff:08:00 SRC=92.119.141.208 DST=172.233.98.113 LEN=84 TOS=0x00 PREC=0x00 TTL=47 ID=44015 DF PROTO=TCP SPT=49448 DPT=6669 WINDOW=502 RES=0x00 ACK PSH URGP=0 
Feb 13 16:41:26 localhost kernel: [ 2365.726693] [UFW BLOCK] IN=eth0 OUT= MAC=f2:3c:95:8e:18:9e:fe:ff:ff:ff:ff:ff:08:00 SRC=92.119.141.208 DST=172.233.98.113 LEN=52 TOS=0x00 PREC=0x00 TTL=47 ID=44016 DF PROTO=TCP SPT=49448 DPT=6669 WINDOW=502 RES=0x00 ACK URGP=0 
Feb 13 16:41:26 localhost kernel: [ 2365.790196] [UFW BLOCK] IN=eth0 OUT= MAC=f2:3c:95:8e:18:9e:fe:ff:ff:ff:ff:ff:08:00 SRC=92.119.141.208 DST=172.233.98.113 LEN=52 TOS=0x00 PREC=0x00 TTL=47 ID=44019 DF PROTO=TCP SPT=49448 DPT=6669 WINDOW=512 RES=0x00 ACK URGP=0 
Feb 13 16:41:31 localhost kernel: [ 2371.236037] [UFW BLOCK] IN=eth0 OUT= MAC=f2:3c:95:8e:18:9e:fe:ff:ff:ff:ff:ff:08:00 SRC=92.119.141.208 DST=172.233.98.113 LEN=44 TOS=0x00 PREC=0x00 TTL=42 ID=10890 PROTO=TCP SPT=65090 DPT=1433 WINDOW=1024 RES=0x00 SYN URGP=0 
Feb 13 16:41:51 localhost kernel: [ 2391.274791] [UFW BLOCK] IN=eth0 OUT= MAC=f2:3c:95:8e:18:9e:fe:ff:ff:ff:ff:ff:08:00 SRC=92.119.141.208 DST=172.233.98.113 LEN=44 TOS=0x00 PREC=0x00 TTL=39 ID=16957 PROTO=TCP SPT=65086 DPT=1805 WINDOW=1024 RES=0x00 SYN URGP=0 
Feb 13 16:42:11 localhost kernel: [ 2411.178623] [UFW BLOCK] IN=eth0 OUT= MAC=f2:3c:95:8e:18:9e:fe:ff:ff:ff:ff:ff:08:00 SRC=92.119.141.208 DST=172.233.98.113 LEN=60 TOS=0x00 PREC=0x00 TTL=46 ID=42898 DF PROTO=TCP SPT=46088 DPT=3000 WINDOW=64240 RES=0x00 SYN URGP=0 
Feb 13 16:42:24 localhost kernel: [ 2424.105078] [UFW BLOCK] IN=eth0 OUT= MAC=f2:3c:95:8e:18:9e:fe:ff:ff:ff:ff:ff:08:00 SRC=92.119.141.208 DST=172.233.98.113 LEN=84 TOS=0x00 PREC=0x00 TTL=47 ID=37769 DF PROTO=TCP SPT=50244 DPT=6669 WINDOW=502 RES=0x00 ACK PSH URGP=0 
Feb 13 16:42:24 localhost kernel: [ 2424.137747] [UFW BLOCK] IN=eth0 OUT= MAC=f2:3c:95:8e:18:9e:fe:ff:ff:ff:ff:ff:08:00 SRC=92.119.141.208 DST=172.233.98.113 LEN=52 TOS=0x00 PREC=0x00 TTL=47 ID=37770 DF PROTO=TCP SPT=50244 DPT=6669 WINDOW=502 RES=0x00 ACK URGP=0 
Feb 13 16:42:24 localhost kernel: [ 2424.208038] [UFW BLOCK] IN=eth0 OUT= MAC=f2:3c:95:8e:18:9e:fe:ff:ff:ff:ff:ff:08:00 SRC=92.119.141.208 DST=172.233.98.113 LEN=52 TOS=0x00 PREC=0x00 TTL=47 ID=37773 DF PROTO=TCP SPT=50244 DPT=6669 WINDOW=512 RES=0x00 ACK URGP=0 
Feb 13 16:42:31 localhost kernel: [ 2431.347124] [UFW BLOCK] IN=eth0 OUT= MAC=f2:3c:95:8e:18:9e:fe:ff:ff:ff:ff:ff:08:00 SRC=92.119.141.208 DST=172.233.98.113 LEN=44 TOS=0x00 PREC=0x00 TTL=36 ID=59361 PROTO=TCP SPT=65086 DPT=5910 WINDOW=1024 RES=0x00 SYN URGP=0 
Feb 13 16:42:51 localhost kernel: [ 2451.175878] [UFW BLOCK] IN=eth0 OUT= MAC=f2:3c:95:8e:18:9e:fe:ff:ff:ff:ff:ff:08:00 SRC=92.119.141.208 DST=172.233.98.113 LEN=44 TOS=0x00 PREC=0x00 TTL=39 ID=50293 PROTO=TCP SPT=36311 DPT=1079 WINDOW=1024 RES=0x00 SYN URGP=0 
Feb 13 16:43:13 localhost kernel: [ 2473.484171] [UFW BLOCK] IN=eth0 OUT= MAC=f2:3c:95:8e:18:9e:fe:ff:ff:ff:ff:ff:08:00 SRC=92.119.141.208 DST=172.233.98.113 LEN=60 TOS=0x00 PREC=0x00 TTL=47 ID=11480 DF PROTO=TCP SPT=49814 DPT=3000 WINDOW=64240 RES=0x00 SYN URGP=0 
Feb 13 16:43:31 localhost kernel: [ 2491.308065] [UFW BLOCK] IN=eth0 OUT= MAC=f2:3c:95:8e:18:9e:fe:ff:ff:ff:ff:ff:08:00 SRC=92.119.141.208 DST=172.233.98.113 LEN=60 TOS=0x00 PREC=0x00 TTL=46 ID=56174 DF PROTO=TCP SPT=57858 DPT=3000 WINDOW=64240 RES=0x00 SYN URGP=0 
Feb 13 16:44:20 localhost kernel: [    0.000000] Linux version 5.15.0-130-generic (buildd@lcy02-amd64-056) (gcc (Ubuntu 11.4.0-1ubuntu1~22.04) 11.4.0, GNU ld (GNU Binutils for Ubuntu) 2.38) #140-Ubuntu SMP Wed Dec 18 17:59:53 UTC 2024 (Ubuntu 5.15.0-130.140-generic 5.15.168)
Feb 13 16:44:20 localhost kernel: [    0.000000] Command line: BOOT_IMAGE=/boot/vmlinuz-5.15.0-130-generic root=UUID=c4b52a3f-818a-c891-ac4a-b949bf511e72 ro console=ttyS0,19200n8 net.ifnames=0
Feb 13 16:44:20 localhost kernel: [    0.000000] KERNEL supported cpus:
Feb 13 16:44:20 localhost kernel: [    0.000000]   Intel GenuineIntel
Feb 13 16:44:20 localhost kernel: [    0.000000]   AMD AuthenticAMD
Feb 13 16:44:20 localhost kernel: [    0.000000]   Hygon HygonGenuine
Feb 13 16:44:20 localhost kernel: [    0.000000]   Centaur CentaurHauls
Feb 13 16:44:20 localhost kernel: [    0.000000]   zhaoxin   Shanghai  
