Feb 13 16:02:14 localhost systemd-modules-load[392]: Inserted module 'msr'
Feb 13 16:02:14 localhost systemd[1]: Mounted Huge Pages File System.
Feb 13 16:02:14 localhost systemd[1]: Mounted POSIX Message Queue File System.
Feb 13 16:02:14 localhost systemd[1]: Mounted Kernel Debug File System.
Feb 13 16:02:14 localhost systemd[1]: Mounted Kernel Trace File System.
Feb 13 16:02:14 localhost systemd[1]: Finished Set the console keyboard layout.
Feb 13 16:02:14 localhost systemd[1]: Finished Create List of Static Device Nodes.
Feb 13 16:02:14 localhost systemd[1]: Finished Monitoring of LVM2 mirrors, snapshots etc. using dmeventd or progress polling.
Feb 13 16:02:14 localhost systemd[1]: modprobe@configfs.service: Deactivated successfully.
Feb 13 16:02:14 localhost systemd[1]: Finished Load Kernel Module configfs.
Feb 13 16:02:14 localhost systemd[1]: modprobe@drm.service: Deactivated successfully.
Feb 13 16:02:14 localhost systemd[1]: Finished Load Kernel Module drm.
Feb 13 16:02:14 localhost systemd[1]: modprobe@efi_pstore.service: Deactivated successfully.
Feb 13 16:02:14 localhost systemd[1]: Finished Load Kernel Module efi_pstore.
Feb 13 16:02:14 localhost systemd[1]: modprobe@fuse.service: Deactivated successfully.
Feb 13 16:02:14 localhost systemd[1]: Finished Load Kernel Module fuse.
Feb 13 16:02:14 localhost systemd[1]: Finished Load Kernel Modules.
Feb 13 16:02:14 localhost systemd[1]: Finished Generate network units from Kernel command line.
Feb 13 16:02:14 localhost systemd[1]: Finished Remount Root and Kernel File Systems.
Feb 13 16:02:14 localhost systemd[1]: Mounting FUSE Control File System...
Feb 13 16:02:14 localhost systemd[1]: Mounting Kernel Configuration File System...
Feb 13 16:02:14 localhost systemd[1]: Starting Cloud-init: Local Stage (pre-network)...
Feb 13 16:02:14 localhost systemd[1]: Starting Flush Journal to Persistent Storage...
Feb 13 16:02:14 localhost systemd[1]: Condition check resulted in Platform Persistent Storage Archival being skipped.
Feb 13 16:02:14 localhost systemd[1]: Starting Load/Save Random Seed...
Feb 13 16:02:14 localhost systemd[1]: Starting Apply Kernel Variables...
Feb 13 16:02:14 localhost systemd[1]: Starting Create System Users...
Feb 13 16:02:14 localhost systemd[1]: Mounted FUSE Control File System.
Feb 13 16:02:14 localhost systemd[1]: Mounted Kernel Configuration File System.
Feb 13 16:02:14 localhost systemd[1]: Finished Flush Journal to Persistent Storage.
Feb 13 16:02:14 localhost systemd[1]: Finished Load/Save Random Seed.
Feb 13 16:02:14 localhost systemd[1]: Finished Apply Kernel Variables.
Feb 13 16:02:14 localhost systemd[1]: Finished Create System Users.
Feb 13 16:02:14 localhost systemd[1]: Condition check resulted in First Boot Complete being skipped.
Feb 13 16:02:14 localhost systemd[1]: Starting Create Static Device Nodes in /dev...
Feb 13 16:02:14 localhost systemd[1]: Finished Create Static Device Nodes in /dev.
Feb 13 16:02:14 localhost systemd[1]: Reached target Preparation for Local File Systems.
Feb 13 16:02:14 localhost systemd[1]: Reached target Local File Systems.
Feb 13 16:02:14 localhost systemd[1]: Starting Load AppArmor profiles...
Feb 13 16:02:14 localhost systemd[1]: Starting Set console font and keymap...
Feb 13 16:02:14 localhost systemd[1]: Starting Create final runtime dir for shutdown pivot root...
Feb 13 16:02:14 localhost apparmor.systemd[410]: Restarting AppArmor
Feb 13 16:02:14 localhost apparmor.systemd[410]: Reloading AppArmor profiles
Feb 13 16:02:14 localhost systemd[1]: Starting Tell Plymouth To Write Out Runtime Data...
Feb 13 16:02:14 localhost systemd[1]: Starting Set Up Additional Binary Formats...
Feb 13 16:02:14 localhost systemd[1]: Condition check resulted in Store a System Token in an EFI Variable being skipped.
Feb 13 16:02:14 localhost systemd[1]: Starting Commit a transient machine-id on disk...
Feb 13 16:02:14 localhost systemd[1]: Starting Create Volatile Files and Directories...
Feb 13 16:02:14 localhost systemd[1]: Starting Rule-based Manager for Device Events and Files...
Feb 13 16:02:14 localhost systemd[1]: Starting Uncomplicated firewall...
Feb 13 16:02:14 localhost systemd[1]: etc-machine\x2did.mount: Deactivated successfully.
Feb 13 16:02:14 localhost systemd[1]: Finished Coldplug All udev Devices.
Feb 13 16:02:14 localhost systemd[1]: Finished Set console font and keymap.
Feb 13 16:02:14 localhost systemd[1]: Finished Create final runtime dir for shutdown pivot root.
Feb 13 16:02:14 localhost systemd[1]: Finished Tell Plymouth To Write Out Runtime Data.
Feb 13 16:02:14 localhost systemd[1]: Finished Commit a transient machine-id on disk.
Feb 13 16:02:14 localhost systemd[1]: Finished Create Volatile Files and Directories.
Feb 13 16:02:14 localhost systemd[1]: Finished Uncomplicated firewall.
Feb 13 16:02:14 localhost systemd[1]: proc-sys-fs-binfmt_misc.automount: Got automount request for /proc/sys/fs/binfmt_misc, triggered by 421 (systemd-binfmt)
Feb 13 16:02:14 localhost systemd[1]: Mounting Arbitrary Executable File Formats File System...
Feb 13 16:02:14 localhost systemd[1]: Starting Network Time Synchronization...
Feb 13 16:02:14 localhost systemd-udevd[425]: Network interface NamePolicy= disabled on kernel command line, ignoring.
Feb 13 16:02:14 localhost systemd[1]: Starting Record System Boot/Shutdown in UTMP...
Feb 13 16:02:14 localhost systemd[1]: Mounted Arbitrary Executable File Formats File System.
Feb 13 16:02:14 localhost systemd[1]: Finished Set Up Additional Binary Formats.
Feb 13 16:02:14 localhost systemd[1]: Finished Record System Boot/Shutdown in UTMP.
Feb 13 16:02:14 localhost systemd[1]: Started Rule-based Manager for Device Events and Files.
Feb 13 16:02:14 localhost systemd[1]: Condition check resulted in Show Plymouth Boot Screen being skipped.
Feb 13 16:02:14 localhost systemd[1]: Started Dispatch Password Requests to Console Directory Watch.
Feb 13 16:02:14 localhost systemd[1]: Condition check resulted in Forward Password Requests to Plymouth Directory Watch being skipped.
Feb 13 16:02:14 localhost systemd[1]: Reached target Local Encrypted Volumes.
Feb 13 16:02:14 localhost systemd[1]: Started Network Time Synchronization.
Feb 13 16:02:14 localhost systemd[1]: Reached target System Time Set.
Feb 13 16:02:14 localhost cloud-init[449]: Cloud-init v. 24.4-0ubuntu1~22.04.1 running 'init-local' at Thu, 13 Feb 2025 16:02:05 +0000. Up 5.76 seconds.
Feb 13 16:02:14 localhost systemd-udevd[436]: Using default interface naming scheme 'v249'.
Feb 13 16:02:14 localhost systemd[1]: Found device /dev/ttyS0.
Feb 13 16:02:14 localhost systemd-udevd[442]: sda: Process '/usr/bin/unshare -m /usr/bin/snap auto-import --mount=/dev/sda' failed with exit code 1.
Feb 13 16:02:14 localhost systemd-udevd[433]: sdb: Process '/usr/bin/unshare -m /usr/bin/snap auto-import --mount=/dev/sdb' failed with exit code 1.
Feb 13 16:02:14 localhost systemd[1]: Listening on Load/Save RF Kill Switch Status /dev/rfkill Watch.
Feb 13 16:02:14 localhost systemd[1]: Found device QEMU_HARDDISK linode-swap.
Feb 13 16:02:14 localhost systemd[1]: Activating swap /dev/disk/by-uuid/f1408ea6-59a0-11ed-bc9d-525400000001...
Feb 13 16:02:14 localhost systemd[1]: Activated swap /dev/disk/by-uuid/f1408ea6-59a0-11ed-bc9d-525400000001.
Feb 13 16:02:14 localhost systemd[1]: Reached target Swaps.
Feb 13 16:02:14 localhost apparmor.systemd[556]: Skipping profile in /etc/apparmor.d/disable: usr.sbin.rsyslogd
Feb 13 16:02:14 localhost systemd[1]: Finished Load AppArmor profiles.
Feb 13 16:02:14 localhost systemd[1]: Started Entropy Daemon based on the HAVEGE algorithm.
Feb 13 16:02:14 localhost systemd[1]: Starting Load AppArmor profiles managed internally by snapd...
Feb 13 16:02:14 localhost snapd-apparmor[558]: main.go:143: No profiles to load
Feb 13 16:02:14 localhost systemd[1]: Finished Load AppArmor profiles managed internally by snapd.
Feb 13 16:02:14 localhost haveged[557]: haveged: command socket is listening at fd 3
Feb 13 16:02:14 localhost haveged[557]: haveged starting up
Feb 13 16:02:14 localhost haveged[557]: haveged: ver: 1.9.14; arch: x86; vend: ; build: (gcc 11.2.0 ITV); collect: 128K
Feb 13 16:02:14 localhost haveged[557]: haveged: cpu: (VC); data: 64K (V); inst: 64K (V); idx: 39/40; sz: 55167/55167
Feb 13 16:02:14 localhost haveged[557]: haveged: tot tests(BA8): A:1/1 B:1/1 continuous tests(B):  last entropy estimate 7.99911
Feb 13 16:02:14 localhost haveged[557]: haveged: fills: 0, generated: 0
Feb 13 16:02:14 localhost systemd[1]: Finished Cloud-init: Local Stage (pre-network).
Feb 13 16:02:14 localhost systemd[1]: Reached target Preparation for Network.
Feb 13 16:02:14 localhost systemd[1]: Starting Network Configuration...
Feb 13 16:02:14 localhost systemd-networkd[564]: eth0: Link UP
Feb 13 16:02:14 localhost systemd-networkd[564]: eth0: Gained carrier
Feb 13 16:02:14 localhost systemd-networkd[564]: lo: Link UP
Feb 13 16:02:14 localhost systemd-networkd[564]: lo: Gained carrier
Feb 13 16:02:14 localhost systemd-networkd[564]: eth0: Gained IPv6LL
Feb 13 16:02:14 localhost systemd-timesyncd[430]: Network configuration changed, trying to establish connection.
Feb 13 16:02:14 localhost systemd-timesyncd[430]: Network configuration changed, trying to establish connection.
Feb 13 16:02:14 localhost systemd-networkd[564]: Enumeration completed
Feb 13 16:02:14 localhost systemd[1]: Started Network Configuration.
Feb 13 16:02:14 localhost systemd[1]: Starting Wait for Network to be Configured...
Feb 13 16:02:14 localhost systemd-timesyncd[430]: Network configuration changed, trying to establish connection.
Feb 13 16:02:14 localhost systemd-timesyncd[430]: message repeated 5 times: [ Network configuration changed, trying to establish connection.]
Feb 13 16:02:14 localhost systemd[1]: Starting Network Name Resolution...
Feb 13 16:02:14 localhost systemd-resolved[566]: Positive Trust Anchors:
Feb 13 16:02:14 localhost systemd-resolved[566]: . IN DS 20326 8 2 e06d44b80b8f1d39a95c0b0d7c65d08458e880409bbc683457104237c7f8ec8d
Feb 13 16:02:14 localhost systemd-resolved[566]: Negative trust anchors: home.arpa 10.in-addr.arpa 16.172.in-addr.arpa 17.172.in-addr.arpa 18.172.in-addr.arpa 19.172.in-addr.arpa 20.172.in-addr.arpa 21.172.in-addr.arpa 22.172.in-addr.arpa 23.172.in-addr.arpa 24.172.in-addr.arpa 25.172.in-addr.arpa 26.172.in-addr.arpa 27.172.in-addr.arpa 28.172.in-addr.arpa 29.172.in-addr.arpa 30.172.in-addr.arpa 31.172.in-addr.arpa 168.192.in-addr.arpa d.f.ip6.arpa corp home internal intranet lan local private test
Feb 13 16:02:14 localhost systemd-resolved[566]: Defaulting to hostname 'linux'.
Feb 13 16:02:14 localhost systemd[1]: Started Network Name Resolution.
Feb 13 16:02:14 localhost systemd[1]: Reached target Network.
Feb 13 16:02:14 localhost systemd[1]: Reached target Host and Network Name Lookups.
Feb 13 16:02:14 localhost systemd-timesyncd[430]: Network configuration changed, trying to establish connection.
Feb 13 16:02:14 localhost systemd[1]: Finished Wait for Network to be Configured.
Feb 13 16:02:14 localhost systemd[1]: Starting Cloud-init: Network Stage...
Feb 13 16:02:14 localhost cloud-init[571]: Cloud-init v. 24.4-0ubuntu1~22.04.1 running 'init' at Thu, 13 Feb 2025 16:02:13 +0000. Up 13.53 seconds.
Feb 13 16:02:14 localhost cloud-init[571]: ci-info: +++++++++++++++++++++++++++++++++++++++++Net device info++++++++++++++++++++++++++++++++++++++++++
Feb 13 16:02:14 localhost cloud-init[571]: ci-info: +--------+------+-----------------------------------+---------------+--------+-------------------+
Feb 13 16:02:14 localhost cloud-init[571]: ci-info: | Device |  Up  |              Address              |      Mask     | Scope  |     Hw-Address    |
Feb 13 16:02:14 localhost cloud-init[571]: ci-info: +--------+------+-----------------------------------+---------------+--------+-------------------+
Feb 13 16:02:14 localhost cloud-init[571]: ci-info: |  eth0  | True |           172.233.98.113          | 255.255.255.0 | global | f2:3c:95:8e:18:9e |
Feb 13 16:02:14 localhost cloud-init[571]: ci-info: |  eth0  | True | 2a01:7e02::f03c:95ff:fe8e:189e/64 |       .       | global | f2:3c:95:8e:18:9e |
Feb 13 16:02:14 localhost cloud-init[571]: ci-info: |  eth0  | True |    fe80::f03c:95ff:fe8e:189e/64   |       .       |  link  | f2:3c:95:8e:18:9e |
Feb 13 16:02:14 localhost cloud-init[571]: ci-info: |   lo   | True |             127.0.0.1             |   255.0.0.0   |  host  |         .         |
Feb 13 16:02:14 localhost cloud-init[571]: ci-info: |   lo   | True |              ::1/128              |       .       |  host  |         .         |
Feb 13 16:02:14 localhost cloud-init[571]: ci-info: +--------+------+-----------------------------------+---------------+--------+-------------------+
Feb 13 16:02:14 localhost cloud-init[571]: ci-info: ++++++++++++++++++++++++++++++Route IPv4 info++++++++++++++++++++++++++++++
Feb 13 16:02:14 localhost cloud-init[571]: ci-info: +-------+--------------+--------------+---------------+-----------+-------+
Feb 13 16:02:14 localhost cloud-init[571]: ci-info: | Route | Destination  |   Gateway    |    Genmask    | Interface | Flags |
Feb 13 16:02:14 localhost cloud-init[571]: ci-info: +-------+--------------+--------------+---------------+-----------+-------+
Feb 13 16:02:14 localhost cloud-init[571]: ci-info: |   0   |   0.0.0.0    | 172.233.98.1 |    0.0.0.0    |    eth0   |   UG  |
Feb 13 16:02:14 localhost cloud-init[571]: ci-info: |   1   | 172.233.98.0 |   0.0.0.0    | 255.255.255.0 |    eth0   |   U   |
Feb 13 16:02:14 localhost cloud-init[571]: ci-info: +-------+--------------+--------------+---------------+-----------+-------+
Feb 13 16:02:14 localhost cloud-init[571]: ci-info: +++++++++++++++++++Route IPv6 info+++++++++++++++++++
Feb 13 16:02:14 localhost cloud-init[571]: ci-info: +-------+-------------+---------+-----------+-------+
Feb 13 16:02:14 localhost cloud-init[571]: ci-info: | Route | Destination | Gateway | Interface | Flags |
Feb 13 16:02:14 localhost cloud-init[571]: ci-info: +-------+-------------+---------+-----------+-------+
Feb 13 16:02:14 localhost cloud-init[571]: ci-info: |   1   |  fe80::/64  |    ::   |    eth0   |   U   |
Feb 13 16:02:14 localhost cloud-init[571]: ci-info: |   2   |     ::/0    | fe80::1 |    eth0   |  UGe  |
Feb 13 16:02:14 localhost cloud-init[571]: ci-info: |   4   |    local    |    ::   |    eth0   |   U   |
Feb 13 16:02:14 localhost cloud-init[571]: ci-info: |   5   |    local    |    ::   |    eth0   |   U   |
Feb 13 16:02:14 localhost cloud-init[571]: ci-info: |   6   |  multicast  |    ::   |    eth0   |   U   |
Feb 13 16:02:14 localhost cloud-init[571]: ci-info: +-------+-------------+---------+-----------+-------+
Feb 13 16:02:14 localhost cloud-init[571]: Generating public/private rsa key pair.
Feb 13 16:02:14 localhost cloud-init[571]: Your identification has been saved in /etc/ssh/ssh_host_rsa_key
Feb 13 16:02:14 localhost cloud-init[571]: Your public key has been saved in /etc/ssh/ssh_host_rsa_key.pub
Feb 13 16:02:14 localhost cloud-init[571]: The key fingerprint is:
Feb 13 16:02:14 localhost cloud-init[571]: SHA256:DFqccWagXUJKUvntm/gi/oIIRcRBdLmVv1dJ0PPU7SU root@localhost
Feb 13 16:02:14 localhost cloud-init[571]: The key's randomart image is:
Feb 13 16:02:14 localhost cloud-init[571]: +---[RSA 3072]----+
Feb 13 16:02:14 localhost cloud-init[571]: | =*o++=o= .o   ..|
Feb 13 16:02:14 localhost cloud-init[571]: |  o+o=oO    + E +|
Feb 13 16:02:14 localhost cloud-init[571]: | .  o+*o   . = o.|
Feb 13 16:02:14 localhost cloud-init[571]: |  . .o.oo   o . .|
Feb 13 16:02:14 localhost cloud-init[571]: | .  .  .S. .     |
Feb 13 16:02:14 localhost cloud-init[571]: |.       o .      |
Feb 13 16:02:14 localhost cloud-init[571]: |.. .   . +       |
Feb 13 16:02:14 localhost cloud-init[571]: |. . o o o        |
Feb 13 16:02:14 localhost cloud-init[571]: |   ..+.o.        |
Feb 13 16:02:14 localhost cloud-init[571]: +----[SHA256]-----+
Feb 13 16:02:14 localhost cloud-init[571]: Generating public/private ecdsa key pair.
Feb 13 16:02:14 localhost cloud-init[571]: Your identification has been saved in /etc/ssh/ssh_host_ecdsa_key
Feb 13 16:02:14 localhost cloud-init[571]: Your public key has been saved in /etc/ssh/ssh_host_ecdsa_key.pub
Feb 13 16:02:14 localhost cloud-init[571]: The key fingerprint is:
Feb 13 16:02:14 localhost cloud-init[571]: SHA256:Rl++DDWH4e/EG+dlDi+p98hqLUur5fjyyWVHZsbTTrA root@localhost
Feb 13 16:02:14 localhost cloud-init[571]: The key's randomart image is:
Feb 13 16:02:14 localhost cloud-init[571]: +---[ECDSA 256]---+
Feb 13 16:02:14 localhost cloud-init[571]: |            .    |
Feb 13 16:02:14 localhost cloud-init[571]: |           . o   |
Feb 13 16:02:14 localhost cloud-init[571]: |        .   * o  |
Feb 13 16:02:14 localhost cloud-init[571]: |       . . + = +.|
Feb 13 16:02:14 localhost cloud-init[571]: |        S o . E.%|
Feb 13 16:02:14 localhost cloud-init[571]: |       .   o + ^o|
Feb 13 16:02:14 localhost cloud-init[571]: |            =.B *|
Feb 13 16:02:14 localhost cloud-init[571]: |          .*oBo+ |
Feb 13 16:02:14 localhost cloud-init[571]: |          o*@=o..|
Feb 13 16:02:14 localhost cloud-init[571]: +----[SHA256]-----+
Feb 13 16:02:14 localhost cloud-init[571]: Generating public/private ed25519 key pair.
Feb 13 16:02:14 localhost cloud-init[571]: Your identification has been saved in /etc/ssh/ssh_host_ed25519_key
Feb 13 16:02:14 localhost cloud-init[571]: Your public key has been saved in /etc/ssh/ssh_host_ed25519_key.pub
Feb 13 16:02:14 localhost cloud-init[571]: The key fingerprint is:
Feb 13 16:02:14 localhost cloud-init[571]: SHA256:x7pwOb4BNPucf0IkfVqWk2iJ1NipvLwvi/K9E/cU4f4 root@localhost
Feb 13 16:02:14 localhost cloud-init[571]: The key's randomart image is:
Feb 13 16:02:14 localhost cloud-init[571]: +--[ED25519 256]--+
Feb 13 16:02:14 localhost cloud-init[571]: |         + .     |
Feb 13 16:02:14 localhost cloud-init[571]: |        o + .    |
Feb 13 16:02:14 localhost cloud-init[571]: |      oo + + +   |
Feb 13 16:02:14 localhost cloud-init[571]: |     . o=.* X    |
Feb 13 16:02:14 localhost cloud-init[571]: |      o.S=o* o   |
Feb 13 16:02:14 localhost cloud-init[571]: |       ++=+ o    |
Feb 13 16:02:14 localhost cloud-init[571]: |      . X= o .   |
Feb 13 16:02:14 localhost cloud-init[571]: |    .  *+=. o E  |
Feb 13 16:02:14 localhost cloud-init[571]: |     oo BBoo     |
Feb 13 16:02:14 localhost cloud-init[571]: +----[SHA256]-----+
Feb 13 16:02:14 localhost systemd[1]: Finished Cloud-init: Network Stage.
Feb 13 16:02:14 localhost systemd[1]: Reached target Cloud-config availability.
Feb 13 16:02:14 localhost systemd[1]: Reached target Network is Online.
Feb 13 16:02:14 localhost systemd[1]: Reached target System Initialization.
Feb 13 16:02:14 localhost systemd[1]: Condition check resulted in Process error reports when automatic reporting is enabled (file watch) being skipped.
Feb 13 16:02:14 localhost systemd[1]: Condition check resulted in Process error reports when automatic reporting is enabled (timer based) being skipped.
Feb 13 16:02:14 localhost systemd[1]: Started Daily apt download activities.
Feb 13 16:02:14 localhost systemd[1]: Started Daily apt upgrade and clean activities.
Feb 13 16:02:14 localhost systemd[1]: Started Daily dpkg database backup timer.
Feb 13 16:02:14 localhost systemd[1]: Started Periodic ext4 Online Metadata Check for All Filesystems.
Feb 13 16:02:14 localhost systemd[1]: Started Discard unused blocks once a week.
Feb 13 16:02:14 localhost systemd[1]: Started Refresh fwupd metadata regularly.
Feb 13 16:02:14 localhost systemd[1]: Started Daily rotation of log files.
Feb 13 16:02:14 localhost systemd[1]: Started Daily man-db regeneration.
Feb 13 16:02:14 localhost systemd[1]: Condition check resulted in Timer to automatically fetch and run repair assertions being skipped.
Feb 13 16:02:14 localhost systemd[1]: Started Run system activity accounting tool every 10 minutes.
Feb 13 16:02:14 localhost systemd[1]: Started Generate summary of yesterday's process accounting.
Feb 13 16:02:14 localhost systemd[1]: Started Daily Cleanup of Temporary Directories.
Feb 13 16:02:14 localhost systemd[1]: Condition check resulted in Ubuntu Pro Timer for running repeated jobs being skipped.
Feb 13 16:02:14 localhost systemd[1]: Started Download data for packages that failed at package install time.
Feb 13 16:02:14 localhost systemd[1]: Started Check to see whether there is a new version of Ubuntu available.
Feb 13 16:02:14 localhost systemd[1]: Reached target Path Units.
Feb 13 16:02:14 localhost systemd[1]: Reached target Timer Units.
Feb 13 16:02:14 localhost systemd[1]: Condition check resulted in Unix socket for apport crash forwarding being skipped.
Feb 13 16:02:14 localhost systemd[1]: Listening on cloud-init hotplug hook socket.
Feb 13 16:02:14 localhost systemd[1]: Listening on D-Bus System Message Bus Socket.
Feb 13 16:02:14 localhost systemd[1]: Listening on Open-iSCSI iscsid Socket.
Feb 13 16:02:14 localhost systemd[1]: Starting Socket activation for snappy daemon...
Feb 13 16:02:14 localhost systemd[1]: Listening on UUID daemon activation socket.
Feb 13 16:02:14 localhost systemd[1]: Listening on Socket activation for snappy daemon.
Feb 13 16:02:14 localhost systemd[1]: Reached target Socket Units.
Feb 13 16:02:14 localhost systemd[1]: Reached target Basic System.
Feb 13 16:02:14 localhost systemd[1]: Starting LSB: automatic crash report generation...
Feb 13 16:02:14 localhost systemd[1]: Starting Cloud-init: Config Stage...
Feb 13 16:02:14 localhost systemd[1]: Started Regular background program processing daemon.
Feb 13 16:02:14 localhost cron[590]: (CRON) INFO (pidfile fd = 3)
Feb 13 16:02:14 localhost systemd[1]: Started D-Bus System Message Bus.
Feb 13 16:02:14 localhost cron[590]: (CRON) INFO (Running @reboot jobs)
Feb 13 16:02:14 localhost systemd[1]: Started Save initial kernel messages after boot.
Feb 13 16:02:14 localhost systemd[1]: Starting Remove Stale Online ext4 Metadata Check Snapshots...
Feb 13 16:02:14 localhost dbus-daemon[593]: dbus[593]: Unknown group "power" in message bus configuration file
Feb 13 16:02:14 localhost systemd[1]: Condition check resulted in getty on tty2-tty6 if dbus and logind are not available being skipped.
Feb 13 16:02:14 localhost systemd[1]: Starting Record successful boot for GRUB...
Feb 13 16:02:14 localhost dbus-daemon[593]: [system] AppArmor D-Bus mediation is enabled
Feb 13 16:02:14 localhost systemd[1]: Starting Dispatcher daemon for systemd-networkd...
Feb 13 16:02:14 localhost systemd[1]: Starting System Logging Service...
Feb 13 16:02:14 localhost systemd[1]: Condition check resulted in Secure Boot updates for DB and DBX being skipped.
Feb 13 16:02:14 localhost systemd[1]: Condition check resulted in Automatically repair incorrect owner/permissions on core devices being skipped.
Feb 13 16:02:14 localhost systemd[1]: Condition check resulted in Wait for the Ubuntu Core chooser trigger being skipped.
Feb 13 16:02:14 localhost systemd[1]: Reached target Preparation for Logins.
Feb 13 16:02:14 localhost systemd[1]: Starting Snap Daemon...
Feb 13 16:02:14 localhost systemd[1]: Starting OpenBSD Secure Shell server...
Feb 13 16:02:14 localhost systemd[1]: Starting Resets System Activity Logs...
Feb 13 16:02:14 localhost systemd[1]: Starting User Login Management...
Feb 13 16:02:14 localhost systemd[1]: Starting Permit User Sessions...
Feb 13 16:02:14 localhost systemd[1]: Condition check resulted in Thermal Daemon Service being skipped.
Feb 13 16:02:14 localhost systemd[1]: Condition check resulted in Ubuntu Pro reboot cmds being skipped.
Feb 13 16:02:14 localhost systemd[1]: Condition check resulted in Ubuntu Pro Background Auto Attach being skipped.
Feb 13 16:02:14 localhost systemd[1]: e2scrub_reap.service: Deactivated successfully.
Feb 13 16:02:14 localhost systemd[1]: Finished Remove Stale Online ext4 Metadata Check Snapshots.
Feb 13 16:02:14 localhost systemd[1]: Finished Resets System Activity Logs.
Feb 13 16:02:14 localhost systemd[1]: Finished Permit User Sessions.
Feb 13 16:02:14 localhost kernel: [    0.000000] Linux version 5.15.0-130-generic (buildd@lcy02-amd64-056) (gcc (Ubuntu 11.4.0-1ubuntu1~22.04) 11.4.0, GNU ld (GNU Binutils for Ubuntu) 2.38) #140-Ubuntu SMP Wed Dec 18 17:59:53 UTC 2024 (Ubuntu 5.15.0-130.140-generic 5.15.168)
Feb 13 16:02:14 localhost kernel: [    0.000000] Command line: BOOT_IMAGE=/boot/vmlinuz-5.15.0-130-generic root=UUID=c4b52a3f-818a-c891-ac4a-b949bf511e72 ro console=ttyS0,19200n8 net.ifnames=0
Feb 13 16:02:14 localhost kernel: [    0.000000] KERNEL supported cpus:
Feb 13 16:02:14 localhost kernel: [    0.000000]   Intel GenuineIntel
Feb 13 16:02:14 localhost kernel: [    0.000000]   AMD AuthenticAMD
Feb 13 16:02:14 localhost kernel: [    0.000000]   Hygon HygonGenuine
Feb 13 16:02:14 localhost kernel: [    0.000000]   Centaur CentaurHauls
Feb 13 16:02:14 localhost kernel: [    0.000000]   zhaoxin   Shanghai  
Feb 13 16:02:14 localhost kernel: [    0.000000] BIOS-provided physical RAM map:
Feb 13 16:02:14 localhost kernel: [    0.000000] BIOS-e820: [mem 0x0000000000000000-0x000000000009fbff] usable
Feb 13 16:02:14 localhost kernel: [    0.000000] BIOS-e820: [mem 0x000000000009fc00-0x000000000009ffff] reserved
Feb 13 16:02:14 localhost kernel: [    0.000000] BIOS-e820: [mem 0x00000000000f0000-0x00000000000fffff] reserved
Feb 13 16:02:14 localhost kernel: [    0.000000] BIOS-e820: [mem 0x0000000000100000-0x000000003ffd9fff] usable
Feb 13 16:02:14 localhost kernel: [    0.000000] BIOS-e820: [mem 0x000000003ffda000-0x000000003fffffff] reserved
Feb 13 16:02:14 localhost kernel: [    0.000000] BIOS-e820: [mem 0x00000000b0000000-0x00000000bfffffff] reserved
Feb 13 16:02:14 localhost kernel: [    0.000000] BIOS-e820: [mem 0x00000000fed1c000-0x00000000fed1ffff] reserved
Feb 13 16:02:14 localhost kernel: [    0.000000] BIOS-e820: [mem 0x00000000feffc000-0x00000000feffffff] reserved
Feb 13 16:02:14 localhost kernel: [    0.000000] BIOS-e820: [mem 0x00000000fffc0000-0x00000000ffffffff] reserved
Feb 13 16:02:14 localhost kernel: [    0.000000] BIOS-e820: [mem 0x000000fd00000000-0x000000ffffffffff] reserved
Feb 13 16:02:14 localhost kernel: [    0.000000] NX (Execute Disable) protection: active
Feb 13 16:02:14 localhost kernel: [    0.000000] SMBIOS 2.8 present.
Feb 13 16:02:14 localhost kernel: [    0.000000] DMI: Linode Compute Instance, BIOS Not Specified 
Feb 13 16:02:14 localhost kernel: [    0.000000] Hypervisor detected: KVM
Feb 13 16:02:14 localhost kernel: [    0.000000] kvm-clock: Using msrs 4b564d01 and 4b564d00
Feb 13 16:02:14 localhost kernel: [    0.000000] kvm-clock: cpu 0, msr 1d201001, primary cpu clock
Feb 13 16:02:14 localhost kernel: [    0.000001] kvm-clock: using sched offset of 8432611908 cycles
Feb 13 16:02:14 localhost kernel: [    0.000003] clocksource: kvm-clock: mask: 0xffffffffffffffff max_cycles: 0x1cd42e4dffb, max_idle_ns: 881590591483 ns
Feb 13 16:02:14 localhost kernel: [    0.000005] tsc: Detected 1999.998 MHz processor
Feb 13 16:02:14 localhost kernel: [    0.000970] e820: update [mem 0x00000000-0x00000fff] usable ==> reserved
Feb 13 16:02:14 localhost kernel: [    0.000973] e820: remove [mem 0x000a0000-0x000fffff] usable
Feb 13 16:02:14 localhost kernel: [    0.000978] last_pfn = 0x3ffda max_arch_pfn = 0x400000000
Feb 13 16:02:14 localhost kernel: [    0.001044] x86/PAT: Configuration [0-7]: WB  WC  UC- UC  WB  WP  UC- WT  
Feb 13 16:02:14 localhost kernel: [    0.003229] found SMP MP-table at [mem 0x000f5390-0x000f539f]
Feb 13 16:02:14 localhost kernel: [    0.003244] Using GB pages for direct mapping
Feb 13 16:02:14 localhost kernel: [    0.003335] RAMDISK: [mem 0x2b829000-0x31c0bfff]
Feb 13 16:02:14 localhost kernel: [    0.003354] ACPI: Early table checksum verification disabled
Feb 13 16:02:14 localhost kernel: [    0.003357] ACPI: RSDP 0x00000000000F51D0 000014 (v00 BOCHS )
Feb 13 16:02:14 localhost kernel: [    0.003365] ACPI: RSDT 0x000000003FFE22BD 000038 (v01 BOCHS  BXPC     00000001 BXPC 00000001)
Feb 13 16:02:14 localhost kernel: [    0.003370] ACPI: FACP 0x000000003FFE20B5 0000F4 (v03 BOCHS  BXPC     00000001 BXPC 00000001)
Feb 13 16:02:14 localhost kernel: [    0.003375] ACPI: DSDT 0x000000003FFE0040 002075 (v01 BOCHS  BXPC     00000001 BXPC 00000001)
Feb 13 16:02:14 localhost kernel: [    0.003378] ACPI: FACS 0x000000003FFE0000 000040
Feb 13 16:02:14 localhost kernel: [    0.003381] ACPI: APIC 0x000000003FFE21A9 000078 (v01 BOCHS  BXPC     00000001 BXPC 00000001)
Feb 13 16:02:14 localhost kernel: [    0.003383] ACPI: HPET 0x000000003FFE2221 000038 (v01 BOCHS  BXPC     00000001 BXPC 00000001)
Feb 13 16:02:14 localhost kernel: [    0.003386] ACPI: MCFG 0x000000003FFE2259 00003C (v01 BOCHS  BXPC     00000001 BXPC 00000001)
Feb 13 16:02:14 localhost kernel: [    0.003389] ACPI: WAET 0x000000003FFE2295 000028 (v01 BOCHS  BXPC     00000001 BXPC 00000001)
Feb 13 16:02:14 localhost kernel: [    0.003391] ACPI: Reserving FACP table memory at [mem 0x3ffe20b5-0x3ffe21a8]
Feb 13 16:02:14 localhost kernel: [    0.003393] ACPI: Reserving DSDT table memory at [mem 0x3ffe0040-0x3ffe20b4]
Feb 13 16:02:14 localhost kernel: [    0.003394] ACPI: Reserving FACS table memory at [mem 0x3ffe0000-0x3ffe003f]
Feb 13 16:02:14 localhost kernel: [    0.003395] ACPI: Reserving APIC table memory at [mem 0x3ffe21a9-0x3ffe2220]
Feb 13 16:02:14 localhost kernel: [    0.003396] ACPI: Reserving HPET table memory at [mem 0x3ffe2221-0x3ffe2258]
Feb 13 16:02:14 localhost kernel: [    0.003397] ACPI: Reserving MCFG table memory at [mem 0x3ffe2259-0x3ffe2294]
Feb 13 16:02:14 localhost kernel: [    0.003398] ACPI: Reserving WAET table memory at [mem 0x3ffe2295-0x3ffe22bc]
Feb 13 16:02:14 localhost kernel: [    0.003935] No NUMA configuration found
Feb 13 16:02:14 localhost kernel: [    0.003937] Faking a node at [mem 0x0000000000000000-0x000000003ffd9fff]
Feb 13 16:02:14 localhost kernel: [    0.003945] NODE_DATA(0) allocated [mem 0x3ffb0000-0x3ffd9fff]
Feb 13 16:02:14 localhost kernel: [    0.004287] Zone ranges:
Feb 13 16:02:14 localhost kernel: [    0.004288]   DMA      [mem 0x0000000000001000-0x0000000000ffffff]
Feb 13 16:02:14 localhost kernel: [    0.004290]   DMA32    [mem 0x0000000001000000-0x000000003ffd9fff]
Feb 13 16:02:14 localhost kernel: [    0.004292]   Normal   empty
Feb 13 16:02:14 localhost kernel: [    0.004293]   Device   empty
Feb 13 16:02:14 localhost kernel: [    0.004294] Movable zone start for each node
Feb 13 16:02:14 localhost kernel: [    0.004297] Early memory node ranges
Feb 13 16:02:14 localhost kernel: [    0.004298]   node   0: [mem 0x0000000000001000-0x000000000009efff]
Feb 13 16:02:14 localhost kernel: [    0.004300]   node   0: [mem 0x0000000000100000-0x000000003ffd9fff]
Feb 13 16:02:14 localhost kernel: [    0.004301] Initmem setup node 0 [mem 0x0000000000001000-0x000000003ffd9fff]
Feb 13 16:02:14 localhost kernel: [    0.004357] On node 0, zone DMA: 1 pages in unavailable ranges
Feb 13 16:02:14 localhost kernel: [    0.004388] On node 0, zone DMA: 97 pages in unavailable ranges
Feb 13 16:02:14 localhost kernel: [    0.006491] On node 0, zone DMA32: 38 pages in unavailable ranges
Feb 13 16:02:14 localhost kernel: [    0.006978] ACPI: PM-Timer IO Port: 0x608
Feb 13 16:02:14 localhost kernel: [    0.006987] ACPI: LAPIC_NMI (acpi_id[0xff] dfl dfl lint[0x1])
Feb 13 16:02:14 localhost kernel: [    0.007018] IOAPIC[0]: apic_id 0, version 17, address 0xfec00000, GSI 0-23
Feb 13 16:02:14 localhost kernel: [    0.007020] ACPI: INT_SRC_OVR (bus 0 bus_irq 0 global_irq 2 dfl dfl)
Feb 13 16:02:14 localhost kernel: [    0.007022] ACPI: INT_SRC_OVR (bus 0 bus_irq 5 global_irq 5 high level)
Feb 13 16:02:14 localhost kernel: [    0.007024] ACPI: INT_SRC_OVR (bus 0 bus_irq 9 global_irq 9 high level)
Feb 13 16:02:14 localhost kernel: [    0.007025] ACPI: INT_SRC_OVR (bus 0 bus_irq 10 global_irq 10 high level)
Feb 13 16:02:14 localhost kernel: [    0.007026] ACPI: INT_SRC_OVR (bus 0 bus_irq 11 global_irq 11 high level)
Feb 13 16:02:14 localhost kernel: [    0.007029] ACPI: Using ACPI (MADT) for SMP configuration information
Feb 13 16:02:14 localhost kernel: [    0.007030] ACPI: HPET id: 0x8086a201 base: 0xfed00000
Feb 13 16:02:14 localhost kernel: [    0.007033] TSC deadline timer available
Feb 13 16:02:14 localhost kernel: [    0.007037] smpboot: Allowing 1 CPUs, 0 hotplug CPUs
Feb 13 16:02:14 localhost kernel: [    0.007064] PM: hibernation: Registered nosave memory: [mem 0x00000000-0x00000fff]
Feb 13 16:02:14 localhost kernel: [    0.007066] PM: hibernation: Registered nosave memory: [mem 0x0009f000-0x0009ffff]
Feb 13 16:02:14 localhost kernel: [    0.007067] PM: hibernation: Registered nosave memory: [mem 0x000a0000-0x000effff]
Feb 13 16:02:14 localhost kernel: [    0.007068] PM: hibernation: Registered nosave memory: [mem 0x000f0000-0x000fffff]
Feb 13 16:02:14 localhost kernel: [    0.007069] [mem 0x40000000-0xafffffff] available for PCI devices
Feb 13 16:02:14 localhost kernel: [    0.007071] Booting paravirtualized kernel on KVM
Feb 13 16:02:14 localhost kernel: [    0.007072] clocksource: refined-jiffies: mask: 0xffffffff max_cycles: 0xffffffff, max_idle_ns: 7645519600211568 ns
Feb 13 16:02:14 localhost kernel: [    0.007082] setup_percpu: NR_CPUS:8192 nr_cpumask_bits:1 nr_cpu_ids:1 nr_node_ids:1
Feb 13 16:02:14 localhost kernel: [    0.007201] percpu: Embedded 62 pages/cpu s217088 r8192 d28672 u2097152
Feb 13 16:02:14 localhost kernel: [    0.007207] pcpu-alloc: s217088 r8192 d28672 u2097152 alloc=1*2097152
Feb 13 16:02:14 localhost kernel: [    0.007209] pcpu-alloc: [0] 0 
Feb 13 16:02:14 localhost kernel: [    0.007237] kvm-guest: setup async PF for cpu 0
Feb 13 16:02:14 localhost kernel: [    0.007243] kvm-guest: stealtime: cpu 0, msr 3ec34080
Feb 13 16:02:14 localhost kernel: [    0.007246] kvm-guest: PV spinlocks disabled, single CPU
Feb 13 16:02:14 localhost kernel: [    0.007250] Built 1 zonelists, mobility grouping on.  Total pages: 257754
Feb 13 16:02:14 localhost kernel: [    0.007252] Policy zone: DMA32
Feb 13 16:02:14 localhost kernel: [    0.007253] Kernel command line: BOOT_IMAGE=/boot/vmlinuz-5.15.0-130-generic root=UUID=c4b52a3f-818a-c891-ac4a-b949bf511e72 ro console=ttyS0,19200n8 net.ifnames=0
Feb 13 16:02:14 localhost kernel: [    0.007310] Unknown kernel command line parameters "BOOT_IMAGE=/boot/vmlinuz-5.15.0-130-generic", will be passed to user space.
Feb 13 16:02:14 localhost kernel: [    0.007430] Dentry cache hash table entries: 131072 (order: 8, 1048576 bytes, linear)
Feb 13 16:02:14 localhost kernel: [    0.007490] Inode-cache hash table entries: 65536 (order: 7, 524288 bytes, linear)
Feb 13 16:02:14 localhost kernel: [    0.007513] mem auto-init: stack:off, heap alloc:on, heap free:off
Feb 13 16:02:14 localhost kernel: [    0.009498] Memory: 869056K/1048032K available (16392K kernel code, 4397K rwdata, 10972K rodata, 3372K init, 18696K bss, 178716K reserved, 0K cma-reserved)
Feb 13 16:02:14 localhost kernel: [    0.010153] SLUB: HWalign=64, Order=0-3, MinObjects=0, CPUs=1, Nodes=1
Feb 13 16:02:14 localhost kernel: [    0.010426] ftrace: allocating 50800 entries in 199 pages
Feb 13 16:02:14 localhost kernel: [    0.035591] ftrace: allocated 199 pages with 5 groups
Feb 13 16:02:14 localhost kernel: [    0.035928] rcu: Hierarchical RCU implementation.
Feb 13 16:02:14 localhost kernel: [    0.035930] rcu: 	RCU restricting CPUs from NR_CPUS=8192 to nr_cpu_ids=1.
Feb 13 16:02:14 localhost kernel: [    0.035931] 	Rude variant of Tasks RCU enabled.
Feb 13 16:02:14 localhost kernel: [    0.035932] 	Tracing variant of Tasks RCU enabled.
Feb 13 16:02:14 localhost kernel: [    0.035933] rcu: RCU calculated value of scheduler-enlistment delay is 25 jiffies.
Feb 13 16:02:14 localhost kernel: [    0.035934] rcu: Adjusting geometry for rcu_fanout_leaf=16, nr_cpu_ids=1
Feb 13 16:02:14 localhost kernel: [    0.040228] NR_IRQS: 524544, nr_irqs: 256, preallocated irqs: 16
Feb 13 16:02:14 localhost kernel: [    0.040432] random: crng init done
Feb 13 16:02:14 localhost kernel: [    0.059324] Console: colour VGA+ 80x25
Feb 13 16:02:14 localhost kernel: [    0.187420] printk: console [ttyS0] enabled
Feb 13 16:02:14 localhost kernel: [    0.188199] ACPI: Core revision 20210730
Feb 13 16:02:14 localhost kernel: [    0.189093] clocksource: hpet: mask: 0xffffffff max_cycles: 0xffffffff, max_idle_ns: 19112604467 ns
Feb 13 16:02:14 localhost kernel: [    0.190873] APIC: Switch to symmetric I/O mode setup
Feb 13 16:02:14 localhost kernel: [    0.192041] x2apic enabled
Feb 13 16:02:14 localhost kernel: [    0.192811] Switched APIC routing to physical x2apic.
Feb 13 16:02:14 localhost kernel: [    0.195176] ..TIMER: vector=0x30 apic1=0 pin1=2 apic2=-1 pin2=-1
Feb 13 16:02:14 localhost kernel: [    0.196274] clocksource: tsc-early: mask: 0xffffffffffffffff max_cycles: 0x39a8595ce59, max_idle_ns: 881590778713 ns
Feb 13 16:02:14 localhost kernel: [    0.198128] Calibrating delay loop (skipped) preset value.. 3999.99 BogoMIPS (lpj=7999992)
Feb 13 16:02:14 localhost kernel: [    0.202216] x86/cpu: User Mode Instruction Prevention (UMIP) activated
Feb 13 16:02:14 localhost kernel: [    0.203478] Last level iTLB entries: 4KB 512, 2MB 255, 4MB 127
Feb 13 16:02:14 localhost kernel: [    0.204513] Last level dTLB entries: 4KB 512, 2MB 255, 4MB 127, 1GB 0
Feb 13 16:02:14 localhost kernel: [    0.206133] Spectre V1 : Mitigation: usercopy/swapgs barriers and __user pointer sanitization
Feb 13 16:02:14 localhost kernel: [    0.207632] Spectre V2 : Mitigation: Retpolines
Feb 13 16:02:14 localhost kernel: [    0.208612] Spectre V2 : Spectre v2 / SpectreRSB mitigation: Filling RSB on context switch
Feb 13 16:02:14 localhost kernel: [    0.210127] Spectre V2 : Spectre v2 / SpectreRSB : Filling RSB on VMEXIT
Feb 13 16:02:14 localhost kernel: [    0.211305] Spectre V2 : Enabling Restricted Speculation for firmware calls
Feb 13 16:02:14 localhost kernel: [    0.212524] Spectre V2 : mitigation: Enabling conditional Indirect Branch Prediction Barrier
Feb 13 16:02:14 localhost kernel: [    0.214128] Speculative Store Bypass: Mitigation: Speculative Store Bypass disabled via prctl and seccomp
Feb 13 16:02:14 localhost kernel: [    0.215807] Speculative Return Stack Overflow: IBPB-extending microcode not applied!
Feb 13 16:02:14 localhost kernel: [    0.217345] Speculative Return Stack Overflow: WARNING: See https://kernel.org/doc/html/latest/admin-guide/hw-vuln/srso.html for mitigation options.
Feb 13 16:02:14 localhost kernel: [    0.217345] Speculative Return Stack Overflow: Mitigation: safe RET, no microcode
Feb 13 16:02:14 localhost kernel: [    0.219473] x86/fpu: Supporting XSAVE feature 0x001: 'x87 floating point registers'
Feb 13 16:02:14 localhost kernel: [    0.222127] x86/fpu: Supporting XSAVE feature 0x002: 'SSE registers'
Feb 13 16:02:14 localhost kernel: [    0.223237] x86/fpu: Supporting XSAVE feature 0x004: 'AVX registers'
Feb 13 16:02:14 localhost kernel: [    0.224336] x86/fpu: Supporting XSAVE feature 0x200: 'Protection Keys User registers'
Feb 13 16:02:14 localhost kernel: [    0.226132] x86/fpu: xstate_offset[2]:  576, xstate_sizes[2]:  256
Feb 13 16:02:14 localhost kernel: [    0.227199] x86/fpu: xstate_offset[9]:  832, xstate_sizes[9]:    8
Feb 13 16:02:14 localhost kernel: [    0.228266] x86/fpu: Enabled xstate features 0x207, context size is 840 bytes, using 'compacted' format.
Feb 13 16:02:14 localhost kernel: [    0.262678] Freeing SMP alternatives memory: 44K
Feb 13 16:02:14 localhost kernel: [    0.263508] pid_max: default: 32768 minimum: 301
Feb 13 16:02:14 localhost kernel: [    0.264360] LSM: Security Framework initializing
Feb 13 16:02:14 localhost kernel: [    0.265181] landlock: Up and running.
Feb 13 16:02:14 localhost kernel: [    0.265825] Yama: becoming mindful.
Feb 13 16:02:14 localhost kernel: [    0.266205] AppArmor: AppArmor initialized
Feb 13 16:02:14 localhost kernel: [    0.266978] Mount-cache hash table entries: 2048 (order: 2, 16384 bytes, linear)
Feb 13 16:02:14 localhost kernel: [    0.268280] Mountpoint-cache hash table entries: 2048 (order: 2, 16384 bytes, linear)
Feb 13 16:02:14 localhost kernel: [    0.270564] smpboot: CPU0: AMD EPYC 7713 64-Core Processor (family: 0x19, model: 0x1, stepping: 0x1)
Feb 13 16:02:14 localhost kernel: [    0.272476] Performance Events: Fam17h+ core perfctr, AMD PMU driver.
Feb 13 16:02:14 localhost kernel: [    0.273619] ... version:                0
Feb 13 16:02:14 localhost kernel: [    0.274126] ... bit width:              48
Feb 13 16:02:14 localhost kernel: [    0.274131] ... generic registers:      6
Feb 13 16:02:14 localhost kernel: [    0.274834] ... value mask:             0000ffffffffffff
Feb 13 16:02:14 localhost kernel: [    0.275760] ... max period:             00007fffffffffff
Feb 13 16:02:14 localhost kernel: [    0.276686] ... fixed-purpose events:   0
Feb 13 16:02:14 localhost kernel: [    0.277389] ... event mask:             000000000000003f
Feb 13 16:02:14 localhost kernel: [    0.278187] signal: max sigframe size: 3376
Feb 13 16:02:14 localhost kernel: [    0.278996] rcu: Hierarchical SRCU implementation.
Feb 13 16:02:14 localhost kernel: [    0.280513] smp: Bringing up secondary CPUs ...
Feb 13 16:02:14 localhost kernel: [    0.281313] smp: Brought up 1 node, 1 CPU
Feb 13 16:02:14 localhost kernel: [    0.282015] smpboot: Max logical packages: 1
Feb 13 16:02:14 localhost kernel: [    0.282133] smpboot: Total of 1 processors activated (3999.99 BogoMIPS)
Feb 13 16:02:14 localhost kernel: [    0.283522] devtmpfs: initialized
Feb 13 16:02:14 localhost kernel: [    0.284184] x86/mm: Memory block size: 128MB
Feb 13 16:02:14 localhost kernel: [    0.285395] clocksource: jiffies: mask: 0xffffffff max_cycles: 0xffffffff, max_idle_ns: 7645041785100000 ns
Feb 13 16:02:14 localhost kernel: [    0.286145] futex hash table entries: 256 (order: 2, 16384 bytes, linear)
Feb 13 16:02:14 localhost kernel: [    0.287376] pinctrl core: initialized pinctrl subsystem
Feb 13 16:02:14 localhost kernel: [    0.288494] PM: RTC time: 16:01:59, date: 2025-02-13
Feb 13 16:02:14 localhost kernel: [    0.289558] NET: Registered PF_NETLINK/PF_ROUTE protocol family
Feb 13 16:02:14 localhost kernel: [    0.290378] DMA: preallocated 128 KiB GFP_KERNEL pool for atomic allocations
Feb 13 16:02:14 localhost kernel: [    0.291720] DMA: preallocated 128 KiB GFP_KERNEL|GFP_DMA pool for atomic allocations
Feb 13 16:02:14 localhost kernel: [    0.293159] DMA: preallocated 128 KiB GFP_KERNEL|GFP_DMA32 pool for atomic allocations
Feb 13 16:02:14 localhost kernel: [    0.294139] audit: initializing netlink subsys (disabled)
Feb 13 16:02:14 localhost kernel: [    0.295348] thermal_sys: Registered thermal governor 'fair_share'
Feb 13 16:02:14 localhost kernel: [    0.295350] thermal_sys: Registered thermal governor 'bang_bang'
Feb 13 16:02:14 localhost kernel: [    0.296416] thermal_sys: Registered thermal governor 'step_wise'
Feb 13 16:02:14 localhost kernel: [    0.297459] thermal_sys: Registered thermal governor 'user_space'
Feb 13 16:02:14 localhost kernel: [    0.298131] thermal_sys: Registered thermal governor 'power_allocator'
Feb 13 16:02:14 localhost kernel: [    0.299198] EISA bus registered
Feb 13 16:02:14 localhost kernel: [    0.300898] cpuidle: using governor ladder
Feb 13 16:02:14 localhost kernel: [    0.301615] cpuidle: using governor menu
Feb 13 16:02:14 localhost kernel: [    0.302132] audit: type=2000 audit(1739462520.494:1): state=initialized audit_enabled=0 res=1
Feb 13 16:02:14 localhost kernel: [    0.304428] ACPI: bus type PCI registered
Feb 13 16:02:14 localhost kernel: [    0.305137] acpiphp: ACPI Hot Plug PCI Controller Driver version: 0.5
Feb 13 16:02:14 localhost kernel: [    0.306318] PCI: MMCONFIG for domain 0000 [bus 00-ff] at [mem 0xb0000000-0xbfffffff] (base 0xb0000000)
Feb 13 16:02:14 localhost kernel: [    0.307931] PCI: MMCONFIG at [mem 0xb0000000-0xbfffffff] reserved in E820
Feb 13 16:02:14 localhost kernel: [    0.309126] PCI: Using configuration type 1 for base access
Feb 13 16:02:14 localhost kernel: [    0.312749] kprobes: kprobe jump-optimization is enabled. All kprobes are optimized if possible.
Feb 13 16:02:14 localhost kernel: [    0.314330] HugeTLB registered 1.00 GiB page size, pre-allocated 0 pages
Feb 13 16:02:14 localhost kernel: [    0.315503] HugeTLB registered 2.00 MiB page size, pre-allocated 0 pages
Feb 13 16:02:14 localhost kernel: [    0.318383] ACPI: Added _OSI(Module Device)
Feb 13 16:02:14 localhost kernel: [    0.319143] ACPI: Added _OSI(Processor Device)
Feb 13 16:02:14 localhost kernel: [    0.319921] ACPI: Added _OSI(3.0 _SCP Extensions)
Feb 13 16:02:14 localhost kernel: [    0.320743] ACPI: Added _OSI(Processor Aggregator Device)
Feb 13 16:02:14 localhost kernel: [    0.321698] ACPI: Added _OSI(Linux-Dell-Video)
Feb 13 16:02:14 localhost kernel: [    0.322189] ACPI: Added _OSI(Linux-Lenovo-NV-HDMI-Audio)
Feb 13 16:02:14 localhost kernel: [    0.323119] ACPI: Added _OSI(Linux-HPI-Hybrid-Graphics)
Feb 13 16:02:14 localhost kernel: [    0.327972] ACPI: 1 ACPI AML tables successfully acquired and loaded
Feb 13 16:02:14 localhost kernel: [    0.330481] ACPI: Interpreter enabled
Feb 13 16:02:14 localhost kernel: [    0.331158] ACPI: PM: (supports S0 S3 S4 S5)
Feb 13 16:02:14 localhost kernel: [    0.331908] ACPI: Using IOAPIC for interrupt routing
Feb 13 16:02:14 localhost kernel: [    0.332800] PCI: Using host bridge windows from ACPI; if necessary, use "pci=nocrs" and report a bug
Feb 13 16:02:14 localhost kernel: [    0.334131] PCI: Using E820 reservations for host bridge windows
Feb 13 16:02:14 localhost kernel: [    0.335358] ACPI: Enabled 2 GPEs in block 00 to 3F
Feb 13 16:02:14 localhost kernel: [    0.339948] ACPI: PCI Root Bridge [PCI0] (domain 0000 [bus 00-ff])
Feb 13 16:02:14 localhost kernel: [    0.341033] acpi PNP0A08:00: _OSC: OS supports [ExtendedConfig ASPM ClockPM Segments MSI EDR HPX-Type3]
Feb 13 16:02:14 localhost kernel: [    0.342341] acpi PNP0A08:00: _OSC: platform does not support [PCIeHotplug LTR DPC]
Feb 13 16:02:14 localhost kernel: [    0.343845] acpi PNP0A08:00: _OSC: OS now controls [SHPCHotplug PME AER PCIeCapability]
Feb 13 16:02:14 localhost kernel: [    0.345474] PCI host bridge to bus 0000:00
Feb 13 16:02:14 localhost kernel: [    0.346132] pci_bus 0000:00: root bus resource [bus 00-ff]
Feb 13 16:02:14 localhost kernel: [    0.347104] pci_bus 0000:00: root bus resource [io  0x0000-0x0cf7 window]
Feb 13 16:02:14 localhost kernel: [    0.348281] pci_bus 0000:00: root bus resource [io  0x0d00-0xffff window]
Feb 13 16:02:14 localhost kernel: [    0.349458] pci_bus 0000:00: root bus resource [mem 0x000a0000-0x000bffff window]
Feb 13 16:02:14 localhost kernel: [    0.350130] pci_bus 0000:00: root bus resource [mem 0x40000000-0xafffffff window]
Feb 13 16:02:14 localhost kernel: [    0.351425] pci_bus 0000:00: root bus resource [mem 0xc0000000-0xfebfffff window]
Feb 13 16:02:14 localhost kernel: [    0.352721] pci_bus 0000:00: root bus resource [mem 0x100000000-0x8ffffffff window]
Feb 13 16:02:14 localhost kernel: [    0.354155] pci 0000:00:00.0: [8086:29c0] type 00 class 0x060000
Feb 13 16:02:14 localhost kernel: [    0.356092] pci 0000:00:01.0: [1234:1111] type 00 class 0x030000
Feb 13 16:02:14 localhost kernel: [    0.358778] pci 0000:00:01.0: reg 0x10: [mem 0xfd000000-0xfdffffff pref]
Feb 13 16:02:14 localhost kernel: [    0.362618] pci 0000:00:01.0: reg 0x18: [mem 0xfebd0000-0xfebd0fff]
Feb 13 16:02:14 localhost kernel: [    0.368035] pci 0000:00:01.0: reg 0x30: [mem 0xfebc0000-0xfebcffff pref]
Feb 13 16:02:14 localhost kernel: [    0.369324] pci 0000:00:01.0: Video device with shadowed ROM at [mem 0x000c0000-0x000dffff]
Feb 13 16:02:14 localhost kernel: [    0.370879] pci 0000:00:02.0: [1af4:1004] type 00 class 0x010000
Feb 13 16:02:14 localhost kernel: [    0.374131] pci 0000:00:02.0: reg 0x10: [io  0xc000-0xc03f]
Feb 13 16:02:14 localhost kernel: [    0.376590] pci 0000:00:02.0: reg 0x14: [mem 0xfebd1000-0xfebd1fff]
Feb 13 16:02:14 localhost kernel: [    0.383313] pci 0000:00:02.0: reg 0x20: [mem 0xfe000000-0xfe003fff 64bit pref]
Feb 13 16:02:14 localhost kernel: [    0.387225] pci 0000:00:03.0: [1af4:1004] type 00 class 0x010000
Feb 13 16:02:14 localhost kernel: [    0.389798] pci 0000:00:03.0: reg 0x10: [io  0xc040-0xc07f]
Feb 13 16:02:14 localhost kernel: [    0.391584] pci 0000:00:03.0: reg 0x14: [mem 0xfebd2000-0xfebd2fff]
Feb 13 16:02:14 localhost kernel: [    0.396916] pci 0000:00:03.0: reg 0x20: [mem 0xfe004000-0xfe007fff 64bit pref]
Feb 13 16:02:14 localhost kernel: [    0.400658] pci 0000:00:04.0: [1af4:1000] type 00 class 0x020000
Feb 13 16:02:14 localhost kernel: [    0.404031] pci 0000:00:04.0: reg 0x10: [io  0xc080-0xc0bf]
Feb 13 16:02:14 localhost kernel: [    0.405859] pci 0000:00:04.0: reg 0x14: [mem 0xfebd3000-0xfebd3fff]
Feb 13 16:02:14 localhost kernel: [    0.409101] pci 0000:00:04.0: reg 0x20: [mem 0xfe008000-0xfe00bfff 64bit pref]
Feb 13 16:02:14 localhost kernel: [    0.410971] pci 0000:00:04.0: reg 0x30: [mem 0xfeb80000-0xfebbffff pref]
Feb 13 16:02:14 localhost kernel: [    0.421907] pci 0000:00:1f.0: [8086:2918] type 00 class 0x060100
Feb 13 16:02:14 localhost kernel: [    0.422722] pci 0000:00:1f.0: quirk: [io  0x0600-0x067f] claimed by ICH6 ACPI/GPIO/TCO
Feb 13 16:02:14 localhost kernel: [    0.424973] pci 0000:00:1f.2: [8086:2922] type 00 class 0x010601
Feb 13 16:02:14 localhost kernel: [    0.430583] pci 0000:00:1f.2: reg 0x20: [io  0xc100-0xc11f]
Feb 13 16:02:14 localhost kernel: [    0.432484] pci 0000:00:1f.2: reg 0x24: [mem 0xfebd4000-0xfebd4fff]
Feb 13 16:02:14 localhost kernel: [    0.434618] pci 0000:00:1f.3: [8086:2930] type 00 class 0x0c0500
Feb 13 16:02:14 localhost kernel: [    0.438501] pci 0000:00:1f.3: reg 0x20: [io  0x0700-0x073f]
Feb 13 16:02:14 localhost kernel: [    0.441035] ACPI: PCI: Interrupt link LNKA configured for IRQ 10
Feb 13 16:02:14 localhost kernel: [    0.442288] ACPI: PCI: Interrupt link LNKB configured for IRQ 10
Feb 13 16:02:14 localhost kernel: [    0.443490] ACPI: PCI: Interrupt link LNKC configured for IRQ 11
Feb 13 16:02:14 localhost kernel: [    0.444685] ACPI: PCI: Interrupt link LNKD configured for IRQ 11
Feb 13 16:02:14 localhost kernel: [    0.445879] ACPI: PCI: Interrupt link LNKE configured for IRQ 10
Feb 13 16:02:14 localhost kernel: [    0.446289] ACPI: PCI: Interrupt link LNKF configured for IRQ 10
Feb 13 16:02:14 localhost kernel: [    0.447486] ACPI: PCI: Interrupt link LNKG configured for IRQ 11
Feb 13 16:02:14 localhost kernel: [    0.448682] ACPI: PCI: Interrupt link LNKH configured for IRQ 11
Feb 13 16:02:14 localhost kernel: [    0.449778] ACPI: PCI: Interrupt link GSIA configured for IRQ 16
Feb 13 16:02:14 localhost kernel: [    0.450148] ACPI: PCI: Interrupt link GSIB configured for IRQ 17
Feb 13 16:02:14 localhost kernel: [    0.451212] ACPI: PCI: Interrupt link GSIC configured for IRQ 18
Feb 13 16:02:14 localhost kernel: [    0.452274] ACPI: PCI: Interrupt link GSID configured for IRQ 19
Feb 13 16:02:14 localhost kernel: [    0.453334] ACPI: PCI: Interrupt link GSIE configured for IRQ 20
Feb 13 16:02:14 localhost kernel: [    0.454146] ACPI: PCI: Interrupt link GSIF configured for IRQ 21
Feb 13 16:02:14 localhost kernel: [    0.455210] ACPI: PCI: Interrupt link GSIG configured for IRQ 22
Feb 13 16:02:14 localhost kernel: [    0.456274] ACPI: PCI: Interrupt link GSIH configured for IRQ 23
Feb 13 16:02:14 localhost kernel: [    0.457839] iommu: Default domain type: Translated 
Feb 13 16:02:14 localhost kernel: [    0.458130] iommu: DMA domain TLB invalidation policy: lazy mode 
Feb 13 16:02:14 localhost kernel: [    0.459514] SCSI subsystem initialized
Feb 13 16:02:14 localhost kernel: [    0.460235] libata version 3.00 loaded.
Feb 13 16:02:14 localhost kernel: [    0.460304] pci 0000:00:01.0: vgaarb: setting as boot VGA device
Feb 13 16:02:14 localhost kernel: [    0.461355] pci 0000:00:01.0: vgaarb: VGA device added: decodes=io+mem,owns=io+mem,locks=none
Feb 13 16:02:14 localhost kernel: [    0.462132] pci 0000:00:01.0: vgaarb: bridge control possible
Feb 13 16:02:14 localhost kernel: [    0.463132] vgaarb: loaded
Feb 13 16:02:14 localhost kernel: [    0.463643] ACPI: bus type USB registered
Feb 13 16:02:14 localhost kernel: [    0.464372] usbcore: registered new interface driver usbfs
Feb 13 16:02:14 localhost kernel: [    0.465332] usbcore: registered new interface driver hub
Feb 13 16:02:14 localhost kernel: [    0.466150] usbcore: registered new device driver usb
Feb 13 16:02:14 localhost kernel: [    0.467052] pps_core: LinuxPPS API ver. 1 registered
Feb 13 16:02:14 localhost kernel: [    0.467931] pps_core: Software ver. 5.3.6 - Copyright 2005-2007 Rodolfo Giometti <giometti@linux.it>
Feb 13 16:02:14 localhost kernel: [    0.469502] PTP clock support registered
Feb 13 16:02:14 localhost kernel: [    0.470189] EDAC MC: Ver: 3.0.0
Feb 13 16:02:14 localhost kernel: [    0.471281] NetLabel: Initializing
Feb 13 16:02:14 localhost kernel: [    0.471886] NetLabel:  domain hash size = 128
Feb 13 16:02:14 localhost kernel: [    0.472645] NetLabel:  protocols = UNLABELED CIPSOv4 CALIPSO
Feb 13 16:02:14 localhost kernel: [    0.473644] NetLabel:  unlabeled traffic allowed by default
Feb 13 16:02:14 localhost kernel: [    0.474185] PCI: Using ACPI for IRQ routing
Feb 13 16:02:14 localhost kernel: [    0.617391] PCI: pci_cache_line_size set to 64 bytes
Feb 13 16:02:14 localhost kernel: [    0.617551] e820: reserve RAM buffer [mem 0x0009fc00-0x0009ffff]
Feb 13 16:02:14 localhost kernel: [    0.617554] e820: reserve RAM buffer [mem 0x3ffda000-0x3fffffff]
Feb 13 16:02:14 localhost kernel: [    0.617747] hpet0: at MMIO 0xfed00000, IRQs 2, 8, 0
Feb 13 16:02:14 localhost kernel: [    0.618130] hpet0: 3 comparators, 64-bit 100.000000 MHz counter
Feb 13 16:02:14 localhost kernel: [    0.622177] clocksource: Switched to clocksource kvm-clock
Feb 13 16:02:14 localhost kernel: [    0.649793] VFS: Disk quotas dquot_6.6.0
Feb 13 16:02:14 localhost kernel: [    0.650712] VFS: Dquot-cache hash table entries: 512 (order 0, 4096 bytes)
Feb 13 16:02:14 localhost kernel: [    0.652111] AppArmor: AppArmor Filesystem Enabled
Feb 13 16:02:14 localhost kernel: [    0.652963] pnp: PnP ACPI init
Feb 13 16:02:14 localhost kernel: [    0.658656] system 00:04: [mem 0xb0000000-0xbfffffff window] has been reserved
Feb 13 16:02:14 localhost kernel: [    0.660384] pnp: PnP ACPI: found 5 devices
Feb 13 16:02:14 localhost kernel: [    0.667498] clocksource: acpi_pm: mask: 0xffffff max_cycles: 0xffffff, max_idle_ns: 2085701024 ns
Feb 13 16:02:14 localhost kernel: [    0.669102] NET: Registered PF_INET protocol family
Feb 13 16:02:14 localhost kernel: [    0.670091] IP idents hash table entries: 16384 (order: 5, 131072 bytes, linear)
Feb 13 16:02:14 localhost kernel: [    0.674651] tcp_listen_portaddr_hash hash table entries: 512 (order: 1, 8192 bytes, linear)
Feb 13 16:02:14 localhost kernel: [    0.676311] Table-perturb hash table entries: 65536 (order: 6, 262144 bytes, linear)
Feb 13 16:02:14 localhost kernel: [    0.677701] TCP established hash table entries: 8192 (order: 4, 65536 bytes, linear)
Feb 13 16:02:14 localhost kernel: [    0.679166] TCP bind hash table entries: 8192 (order: 5, 131072 bytes, linear)
Feb 13 16:02:14 localhost kernel: [    0.680422] TCP: Hash tables configured (established 8192 bind 8192)
Feb 13 16:02:14 localhost kernel: [    0.681665] MPTCP token hash table entries: 1024 (order: 2, 24576 bytes, linear)
Feb 13 16:02:14 localhost kernel: [    0.682974] UDP hash table entries: 512 (order: 2, 16384 bytes, linear)
Feb 13 16:02:14 localhost kernel: [    0.684132] UDP-Lite hash table entries: 512 (order: 2, 16384 bytes, linear)
Feb 13 16:02:14 localhost kernel: [    0.685381] NET: Registered PF_UNIX/PF_LOCAL protocol family
Feb 13 16:02:14 localhost kernel: [    0.686397] NET: Registered PF_XDP protocol family
Feb 13 16:02:14 localhost kernel: [    0.687237] pci_bus 0000:00: resource 4 [io  0x0000-0x0cf7 window]
Feb 13 16:02:14 localhost kernel: [    0.688305] pci_bus 0000:00: resource 5 [io  0x0d00-0xffff window]
Feb 13 16:02:14 localhost kernel: [    0.689372] pci_bus 0000:00: resource 6 [mem 0x000a0000-0x000bffff window]
Feb 13 16:02:14 localhost kernel: [    0.690565] pci_bus 0000:00: resource 7 [mem 0x40000000-0xafffffff window]
Feb 13 16:02:14 localhost kernel: [    0.691750] pci_bus 0000:00: resource 8 [mem 0xc0000000-0xfebfffff window]
Feb 13 16:02:14 localhost kernel: [    0.692934] pci_bus 0000:00: resource 9 [mem 0x100000000-0x8ffffffff window]
Feb 13 16:02:14 localhost kernel: [    0.694261] PCI: CLS 0 bytes, default 64
Feb 13 16:02:14 localhost kernel: [    0.695005] Trying to unpack rootfs image as initramfs...
Feb 13 16:02:14 localhost kernel: [    0.701778] clocksource: tsc: mask: 0xffffffffffffffff max_cycles: 0x39a8595ce59, max_idle_ns: 881590778713 ns
Feb 13 16:02:14 localhost kernel: [    0.703956] Initialise system trusted keyrings
Feb 13 16:02:14 localhost kernel: [    0.704751] Key type blacklist registered
Feb 13 16:02:14 localhost kernel: [    0.709784] workingset: timestamp_bits=36 max_order=18 bucket_order=0
Feb 13 16:02:14 localhost kernel: [    0.713272] zbud: loaded
Feb 13 16:02:14 localhost kernel: [    0.714165] squashfs: version 4.0 (2009/01/31) Phillip Lougher
Feb 13 16:02:14 localhost kernel: [    0.717804] fuse: init (API version 7.34)
Feb 13 16:02:14 localhost kernel: [    0.718711] integrity: Platform Keyring initialized
Feb 13 16:02:14 localhost kernel: [    0.729786] Key type asymmetric registered
Feb 13 16:02:14 localhost kernel: [    0.730538] Asymmetric key parser 'x509' registered
Feb 13 16:02:14 localhost kernel: [    0.731430] Block layer SCSI generic (bsg) driver version 0.4 loaded (major 243)
Feb 13 16:02:14 localhost kernel: [    0.732765] io scheduler mq-deadline registered
Feb 13 16:02:14 localhost kernel: [    0.733780] shpchp: Standard Hot Plug PCI Controller Driver version: 0.4
Feb 13 16:02:14 localhost kernel: [    0.735094] input: Power Button as /devices/LNXSYSTM:00/LNXPWRBN:00/input/input0
Feb 13 16:02:14 localhost kernel: [    0.741767] ACPI: button: Power Button [PWRF]
Feb 13 16:02:14 localhost kernel: [    0.743387] ACPI: \_SB_.GSIG: Enabled at IRQ 22
Feb 13 16:02:14 localhost kernel: [    0.750450] ACPI: \_SB_.GSIH: Enabled at IRQ 23
Feb 13 16:02:14 localhost kernel: [    0.753265] ACPI: \_SB_.GSIE: Enabled at IRQ 20
Feb 13 16:02:14 localhost kernel: [    0.763304] Serial: 8250/16550 driver, 32 ports, IRQ sharing enabled
Feb 13 16:02:14 localhost kernel: [    0.814048] 00:02: ttyS0 at I/O 0x3f8 (irq = 4, base_baud = 115200) is a 16550A
Feb 13 16:02:14 localhost kernel: [    0.822816] Linux agpgart interface v0.103
Feb 13 16:02:14 localhost kernel: [    0.826298] loop: module loaded
Feb 13 16:02:14 localhost kernel: [    0.829957] tun: Universal TUN/TAP device driver, 1.6
Feb 13 16:02:14 localhost kernel: [    0.830880] PPP generic driver version 2.4.2
Feb 13 16:02:14 localhost kernel: [    0.831709] VFIO - User Level meta-driver version: 0.3
Feb 13 16:02:14 localhost kernel: [    0.837791] ehci_hcd: USB 2.0 'Enhanced' Host Controller (EHCI) Driver
Feb 13 16:02:14 localhost kernel: [    0.839129] ehci-pci: EHCI PCI platform driver
Feb 13 16:02:14 localhost kernel: [    0.839901] ehci-platform: EHCI generic platform driver
Feb 13 16:02:14 localhost kernel: [    0.841184] ohci_hcd: USB 1.1 'Open' Host Controller (OHCI) Driver
Feb 13 16:02:14 localhost kernel: [    0.845851] ohci-pci: OHCI PCI platform driver
Feb 13 16:02:14 localhost kernel: [    0.846718] ohci-platform: OHCI generic platform driver
Feb 13 16:02:14 localhost kernel: [    0.847635] uhci_hcd: USB Universal Host Controller Interface driver
Feb 13 16:02:14 localhost kernel: [    0.848816] i8042: PNP: PS/2 Controller [PNP0303:KBD,PNP0f13:MOU] at 0x60,0x64 irq 1,12
Feb 13 16:02:14 localhost kernel: [    0.854806] serio: i8042 KBD port at 0x60,0x64 irq 1
Feb 13 16:02:14 localhost kernel: [    0.855686] serio: i8042 AUX port at 0x60,0x64 irq 12
Feb 13 16:02:14 localhost kernel: [    0.856736] mousedev: PS/2 mouse device common for all mice
Feb 13 16:02:14 localhost kernel: [    0.862354] input: AT Translated Set 2 keyboard as /devices/platform/i8042/serio0/input/input1
Feb 13 16:02:14 localhost kernel: [    0.864096] rtc_cmos 00:03: RTC can wake from S4
Feb 13 16:02:14 localhost kernel: [    0.865458] rtc_cmos 00:03: registered as rtc0
Feb 13 16:02:14 localhost kernel: [    0.866379] rtc_cmos 00:03: setting system clock to 2025-02-13T16:02:00 UTC (1739462520)
Feb 13 16:02:14 localhost kernel: [    0.867865] rtc_cmos 00:03: alarms up to one day, y3k, 242 bytes nvram, hpet irqs
Feb 13 16:02:14 localhost kernel: [    0.869348] i2c_dev: i2c /dev entries driver
Feb 13 16:02:14 localhost kernel: [    0.873754] device-mapper: core: CONFIG_IMA_DISABLE_HTABLE is disabled. Duplicate IMA measurements will not be recorded in the IMA log.
Feb 13 16:02:14 localhost kernel: [    0.876483] device-mapper: uevent: version 1.0.3
Feb 13 16:02:14 localhost kernel: [    0.881729] device-mapper: ioctl: 4.45.0-ioctl (2021-03-22) initialised: dm-devel@redhat.com
Feb 13 16:02:14 localhost kernel: [    0.883224] platform eisa.0: Probing EISA bus 0
Feb 13 16:02:14 localhost kernel: [    0.884019] platform eisa.0: EISA: Cannot allocate resource for mainboard
Feb 13 16:02:14 localhost kernel: [    0.885196] platform eisa.0: Cannot allocate resource for EISA slot 1
Feb 13 16:02:14 localhost kernel: [    0.893843] platform eisa.0: Cannot allocate resource for EISA slot 2
Feb 13 16:02:14 localhost kernel: [    0.894971] platform eisa.0: Cannot allocate resource for EISA slot 3
Feb 13 16:02:14 localhost kernel: [    0.896090] platform eisa.0: Cannot allocate resource for EISA slot 4
Feb 13 16:02:14 localhost kernel: [    0.897264] platform eisa.0: Cannot allocate resource for EISA slot 5
Feb 13 16:02:14 localhost kernel: [    0.901899] platform eisa.0: Cannot allocate resource for EISA slot 6
Feb 13 16:02:14 localhost kernel: [    0.903027] platform eisa.0: Cannot allocate resource for EISA slot 7
Feb 13 16:02:14 localhost kernel: [    0.904145] platform eisa.0: Cannot allocate resource for EISA slot 8
Feb 13 16:02:14 localhost kernel: [    0.905263] platform eisa.0: EISA: Detected 0 cards
Feb 13 16:02:14 localhost kernel: [    0.909768] ledtrig-cpu: registered to indicate activity on CPUs
Feb 13 16:02:14 localhost kernel: [    0.910926] drop_monitor: Initializing network drop monitor service
Feb 13 16:02:14 localhost kernel: [    0.912215] NET: Registered PF_INET6 protocol family
Feb 13 16:02:14 localhost kernel: [    1.357446] Freeing initrd memory: 102284K
Feb 13 16:02:14 localhost kernel: [    1.364043] Segment Routing with IPv6
Feb 13 16:02:14 localhost kernel: [    1.364732] In-situ OAM (IOAM) with IPv6
Feb 13 16:02:14 localhost kernel: [    1.365457] NET: Registered PF_PACKET protocol family
Feb 13 16:02:14 localhost kernel: [    1.366448] Key type dns_resolver registered
Feb 13 16:02:14 localhost kernel: [    1.367391] IPI shorthand broadcast: enabled
Feb 13 16:02:14 localhost kernel: [    1.368166] sched_clock: Marking stable (1212653965, 153709577)->(1390458950, -24095408)
Feb 13 16:02:14 localhost kernel: [    1.369692] registered taskstats version 1
Feb 13 16:02:14 localhost kernel: [    1.370499] Loading compiled-in X.509 certificates
Feb 13 16:02:14 localhost kernel: [    1.371828] Loaded X.509 cert 'Build time autogenerated kernel key: 682c6a7f321ac1add9d343d86a326ef485d32cbe'
Feb 13 16:02:14 localhost kernel: [    1.374020] Loaded X.509 cert 'Canonical Ltd. Live Patch Signing: 14df34d1a87cf37625abec039ef2bf521249b969'
Feb 13 16:02:14 localhost kernel: [    1.376121] Loaded X.509 cert 'Canonical Ltd. Kernel Module Signing: 88f752e560a1e0737e31163a466ad7b70a850c19'
Feb 13 16:02:14 localhost kernel: [    1.377886] blacklist: Loading compiled-in revocation X.509 certificates
Feb 13 16:02:14 localhost kernel: [    1.379081] Loaded X.509 cert 'Canonical Ltd. Secure Boot Signing: 61482aa2830d0ab2ad5af10b7250da9033ddcef0'
Feb 13 16:02:14 localhost kernel: [    1.380773] Loaded X.509 cert 'Canonical Ltd. Secure Boot Signing (2017): 242ade75ac4a15e50d50c84b0d45ff3eae707a03'
Feb 13 16:02:14 localhost kernel: [    1.382599] Loaded X.509 cert 'Canonical Ltd. Secure Boot Signing (ESM 2018): 365188c1d374d6b07c3c8f240f8ef722433d6a8b'
Feb 13 16:02:14 localhost kernel: [    1.384468] Loaded X.509 cert 'Canonical Ltd. Secure Boot Signing (2019): c0746fd6c5da3ae827864651ad66ae47fe24b3e8'
Feb 13 16:02:14 localhost kernel: [    1.386291] Loaded X.509 cert 'Canonical Ltd. Secure Boot Signing (2021 v1): a8d54bbb3825cfb94fa13c9f8a594a195c107b8d'
Feb 13 16:02:14 localhost kernel: [    1.388156] Loaded X.509 cert 'Canonical Ltd. Secure Boot Signing (2021 v2): 4cf046892d6fd3c9a5b03f98d845f90851dc6a8c'
Feb 13 16:02:14 localhost kernel: [    1.390019] Loaded X.509 cert 'Canonical Ltd. Secure Boot Signing (2021 v3): 100437bb6de6e469b581e61cd66bce3ef4ed53af'
Feb 13 16:02:14 localhost kernel: [    1.391864] Loaded X.509 cert 'Canonical Ltd. Secure Boot Signing (Ubuntu Core 2019): c1d57b8f6b743f23ee41f4f7ee292f06eecadfb9'
Feb 13 16:02:14 localhost kernel: [    1.393921] zswap: loaded using pool lzo/zbud
Feb 13 16:02:14 localhost kernel: [    1.394801] Key type .fscrypt registered
Feb 13 16:02:14 localhost kernel: [    1.395489] Key type fscrypt-provisioning registered
Feb 13 16:02:14 localhost kernel: [    1.399404] Key type encrypted registered
Feb 13 16:02:14 localhost kernel: [    1.400140] AppArmor: AppArmor sha1 policy hashing enabled
Feb 13 16:02:14 localhost kernel: [    1.401113] ima: No TPM chip found, activating TPM-bypass!
Feb 13 16:02:14 localhost kernel: [    1.402095] Loading compiled-in module X.509 certificates
Feb 13 16:02:14 localhost kernel: [    1.403459] Loaded X.509 cert 'Build time autogenerated kernel key: 682c6a7f321ac1add9d343d86a326ef485d32cbe'
Feb 13 16:02:14 localhost kernel: [    1.405166] ima: Allocated hash algorithm: sha1
Feb 13 16:02:14 localhost kernel: [    1.405990] ima: No architecture policies found
Feb 13 16:02:14 localhost kernel: [    1.406803] evm: Initialising EVM extended attributes:
Feb 13 16:02:14 localhost kernel: [    1.407696] evm: security.selinux
Feb 13 16:02:14 localhost kernel: [    1.408278] evm: security.SMACK64
Feb 13 16:02:14 localhost kernel: [    1.408860] evm: security.SMACK64EXEC
Feb 13 16:02:14 localhost kernel: [    1.409501] evm: security.SMACK64TRANSMUTE
Feb 13 16:02:14 localhost kernel: [    1.410233] evm: security.SMACK64MMAP
Feb 13 16:02:14 localhost kernel: [    1.410876] evm: security.apparmor
Feb 13 16:02:14 localhost kernel: [    1.411471] evm: security.ima
Feb 13 16:02:14 localhost kernel: [    1.411995] evm: security.capability
Feb 13 16:02:14 localhost kernel: [    1.412620] evm: HMAC attrs: 0x1
Feb 13 16:02:14 localhost kernel: [    1.413540] PM:   Magic number: 13:609:34
Feb 13 16:02:14 localhost kernel: [    1.414305] workqueue blkcg_punt_bio: hash matches
Feb 13 16:02:14 localhost kernel: [    1.415310] RAS: Correctable Errors collector initialized.
Feb 13 16:02:14 localhost kernel: [    1.416286] clk: Disabling unused clocks
Feb 13 16:02:14 localhost kernel: [    1.418649] Freeing unused decrypted memory: 2036K
Feb 13 16:02:14 localhost kernel: [    1.420005] Freeing unused kernel image (initmem) memory: 3372K
Feb 13 16:02:14 localhost kernel: [    1.421036] Write protecting the kernel read-only data: 30720k
Feb 13 16:02:14 localhost kernel: [    1.422589] Freeing unused kernel image (text/rodata gap) memory: 2036K
Feb 13 16:02:14 localhost kernel: [    1.423929] Freeing unused kernel image (rodata/data gap) memory: 1316K
Feb 13 16:02:14 localhost kernel: [    1.480912] x86/mm: Checked W+X mappings: passed, no W+X pages found.
Feb 13 16:02:14 localhost kernel: [    1.482042] Run /init as init process
Feb 13 16:02:14 localhost kernel: [    1.482684]   with arguments:
Feb 13 16:02:14 localhost kernel: [    1.482685]     /init
Feb 13 16:02:14 localhost kernel: [    1.482687]   with environment:
Feb 13 16:02:14 localhost kernel: [    1.482688]     HOME=/
Feb 13 16:02:14 localhost kernel: [    1.482689]     TERM=linux
Feb 13 16:02:14 localhost kernel: [    1.482690]     BOOT_IMAGE=/boot/vmlinuz-5.15.0-130-generic
Feb 13 16:02:14 localhost kernel: [    1.629932] lpc_ich 0000:00:1f.0: I/O space for GPIO uninitialized
Feb 13 16:02:14 localhost kernel: [    1.632097] input: VirtualPS/2 VMware VMMouse as /devices/platform/i8042/serio1/input/input4
Feb 13 16:02:14 localhost kernel: [    1.633872] input: VirtualPS/2 VMware VMMouse as /devices/platform/i8042/serio1/input/input3
Feb 13 16:02:14 localhost kernel: [    1.639439] ACPI: \_SB_.GSIA: Enabled at IRQ 16
Feb 13 16:02:14 localhost kernel: [    1.640388] i801_smbus 0000:00:1f.3: SMBus using PCI interrupt
Feb 13 16:02:14 localhost kernel: [    1.642836] ahci 0000:00:1f.2: version 3.0
Feb 13 16:02:14 localhost kernel: [    1.644050] ahci 0000:00:1f.2: AHCI 0001.0000 32 slots 6 ports 1.5 Gbps 0x3f impl SATA mode
Feb 13 16:02:14 localhost kernel: [    1.645505] ahci 0000:00:1f.2: flags: 64bit ncq only 
Feb 13 16:02:14 localhost kernel: [    1.673472] i2c i2c-0: 1/1 memory slots populated (from DMI)
Feb 13 16:02:14 localhost kernel: [    1.674497] i2c i2c-0: Memory type 0x07 not supported yet, not instantiating SPD
Feb 13 16:02:14 localhost kernel: [    1.675950] cryptd: max_cpu_qlen set to 1000
Feb 13 16:02:14 localhost kernel: [    1.680134] AVX2 version of gcm_enc/dec engaged.
Feb 13 16:02:14 localhost kernel: [    1.680970] AES CTR mode by8 optimization enabled
Feb 13 16:02:14 localhost kernel: [    1.704842] scsi host0: ahci
Feb 13 16:02:14 localhost kernel: [    1.709034] scsi host2: ahci
Feb 13 16:02:14 localhost kernel: [    1.710679] scsi host1: Virtio SCSI HBA
Feb 13 16:02:14 localhost kernel: [    1.712937] scsi 1:0:0:0: Direct-Access     QEMU     QEMU HARDDISK    2.5+ PQ: 0 ANSI: 5
Feb 13 16:02:14 localhost kernel: [    1.721035] scsi host3: ahci
Feb 13 16:02:14 localhost kernel: [    1.730975] scsi host4: ahci
Feb 13 16:02:14 localhost kernel: [    1.739748] sd 1:0:0:0: Power-on or device reset occurred
Feb 13 16:02:14 localhost kernel: [    1.740986] sd 1:0:0:0: [sda] 51380224 512-byte logical blocks: (26.3 GB/24.5 GiB)
Feb 13 16:02:14 localhost kernel: [    1.742691] sd 1:0:0:0: Attached scsi generic sg0 type 0
Feb 13 16:02:14 localhost kernel: [    1.743672] sd 1:0:0:0: [sda] Write Protect is off
Feb 13 16:02:14 localhost kernel: [    1.744553] sd 1:0:0:0: [sda] Mode Sense: 63 00 00 08
Feb 13 16:02:14 localhost kernel: [    1.745544] sd 1:0:0:0: [sda] Write cache: enabled, read cache: enabled, doesn't support DPO or FUA
Feb 13 16:02:14 localhost kernel: [    1.747450] scsi host5: ahci
Feb 13 16:02:14 localhost kernel: [    1.751409] sd 1:0:0:0: [sda] Attached SCSI disk
Feb 13 16:02:14 localhost kernel: [    1.753408] scsi host7: ahci
Feb 13 16:02:14 localhost kernel: [    1.754076] ata1: SATA max UDMA/133 abar m4096@0xfebd4000 port 0xfebd4100 irq 24
Feb 13 16:02:14 localhost kernel: [    1.755435] ata2: SATA max UDMA/133 abar m4096@0xfebd4000 port 0xfebd4180 irq 24
Feb 13 16:02:14 localhost kernel: [    1.756799] ata3: SATA max UDMA/133 abar m4096@0xfebd4000 port 0xfebd4200 irq 24
Feb 13 16:02:14 localhost kernel: [    1.758154] ata4: SATA max UDMA/133 abar m4096@0xfebd4000 port 0xfebd4280 irq 24
Feb 13 16:02:14 localhost kernel: [    1.759500] ata5: SATA max UDMA/133 abar m4096@0xfebd4000 port 0xfebd4300 irq 24
Feb 13 16:02:14 localhost kernel: [    1.760848] ata6: SATA max UDMA/133 abar m4096@0xfebd4000 port 0xfebd4380 irq 24
Feb 13 16:02:14 localhost kernel: [    1.763017] scsi host6: Virtio SCSI HBA
Feb 13 16:02:14 localhost kernel: [    1.770029] scsi 6:0:1:2: Direct-Access     QEMU     QEMU HARDDISK    2.5+ PQ: 0 ANSI: 5
Feb 13 16:02:14 localhost kernel: [    1.795033] sd 6:0:1:2: Power-on or device reset occurred
Feb 13 16:02:14 localhost kernel: [    1.796275] sd 6:0:1:2: [sdb] 1048576 512-byte logical blocks: (537 MB/512 MiB)
Feb 13 16:02:14 localhost kernel: [    1.798056] sd 6:0:1:2: [sdb] Write Protect is off
Feb 13 16:02:14 localhost kernel: [    1.799310] sd 6:0:1:2: [sdb] Mode Sense: 63 00 00 08
Feb 13 16:02:14 localhost kernel: [    1.799366] sd 6:0:1:2: Attached scsi generic sg1 type 0
Feb 13 16:02:14 localhost kernel: [    1.800376] sd 6:0:1:2: [sdb] Write cache: enabled, read cache: enabled, doesn't support DPO or FUA
Feb 13 16:02:14 localhost kernel: [    1.806838] sd 6:0:1:2: [sdb] Attached SCSI disk
Feb 13 16:02:14 localhost kernel: [    2.076408] ata5: SATA link down (SStatus 0 SControl 300)
Feb 13 16:02:14 localhost kernel: [    2.077575] ata3: SATA link down (SStatus 0 SControl 300)
Feb 13 16:02:14 localhost kernel: [    2.078701] ata1: SATA link down (SStatus 0 SControl 300)
Feb 13 16:02:14 localhost kernel: [    2.079883] ata4: SATA link down (SStatus 0 SControl 300)
Feb 13 16:02:14 localhost kernel: [    2.081002] ata2: SATA link down (SStatus 0 SControl 300)
Feb 13 16:02:14 localhost kernel: [    2.082175] ata6: SATA link down (SStatus 0 SControl 300)
Feb 13 16:02:14 localhost kernel: [    2.102247] bochs-drm 0000:00:01.0: vgaarb: deactivate vga console
Feb 13 16:02:14 localhost kernel: [    2.128327] Console: switching to colour dummy device 80x25
Feb 13 16:02:14 localhost kernel: [    2.129887] [drm] Found bochs VGA, ID 0xb0c5.
Feb 13 16:02:14 localhost kernel: [    2.130738] [drm] Framebuffer size 16384 kB @ 0xfd000000, mmio @ 0xfebd0000.
Feb 13 16:02:14 localhost kernel: [    2.133793] [drm] Found EDID data blob.
Feb 13 16:02:14 localhost kernel: [    2.135282] [drm] Initialized bochs-drm 1.0.0 20130925 for 0000:00:01.0 on minor 0
Feb 13 16:02:14 localhost kernel: [    2.138576] fbcon: bochs-drmdrmfb (fb0) is primary device
Feb 13 16:02:14 localhost kernel: [    2.722776] Console: switching to colour frame buffer device 160x50
Feb 13 16:02:14 localhost kernel: [    2.877271] bochs-drm 0000:00:01.0: [drm] fb0: bochs-drmdrmfb frame buffer device
Feb 13 16:02:14 localhost kernel: [    3.201715] raid6: avx2x4   gen() 31128 MB/s
Feb 13 16:02:14 localhost kernel: [    3.269715] raid6: avx2x4   xor()  4479 MB/s
Feb 13 16:02:14 localhost kernel: [    3.337714] raid6: avx2x2   gen() 26434 MB/s
Feb 13 16:02:14 localhost kernel: [    3.405715] raid6: avx2x2   xor() 27748 MB/s
Feb 13 16:02:14 localhost kernel: [    3.473714] raid6: avx2x1   gen() 19847 MB/s
Feb 13 16:02:14 localhost kernel: [    3.541715] raid6: avx2x1   xor() 25290 MB/s
Feb 13 16:02:14 localhost kernel: [    3.609714] raid6: sse2x4   gen() 15505 MB/s
Feb 13 16:02:14 localhost kernel: [    3.677717] raid6: sse2x4   xor()  2377 MB/s
Feb 13 16:02:14 localhost kernel: [    3.745714] raid6: sse2x2   gen() 14204 MB/s
Feb 13 16:02:14 localhost kernel: [    3.813714] raid6: sse2x2   xor() 14534 MB/s
Feb 13 16:02:14 localhost kernel: [    3.881727] raid6: sse2x1   gen()  1002 MB/s
Feb 13 16:02:14 localhost kernel: [    3.949714] raid6: sse2x1   xor() 13228 MB/s
Feb 13 16:02:14 localhost kernel: [    3.950482] raid6: using algorithm avx2x4 gen() 31128 MB/s
Feb 13 16:02:14 localhost kernel: [    3.951452] raid6: .... xor() 4479 MB/s, rmw enabled
Feb 13 16:02:14 localhost kernel: [    3.952334] raid6: using avx2x2 recovery algorithm
Feb 13 16:02:14 localhost kernel: [    3.954645] xor: automatically using best checksumming function   avx       
Feb 13 16:02:14 localhost kernel: [    3.956736] async_tx: api initialized (async)
Feb 13 16:02:14 localhost kernel: [    4.018141] Btrfs loaded, crc32c=crc32c-intel, zoned=yes, fsverity=yes
Feb 13 16:02:14 localhost kernel: [    4.069993] EXT4-fs (sda): mounted filesystem with ordered data mode. Opts: (null). Quota mode: none.
Feb 13 16:02:14 localhost kernel: [    4.250445] systemd[1]: Inserted module 'autofs4'
Feb 13 16:02:14 localhost kernel: [    4.265181] systemd[1]: systemd 249.11-0ubuntu3.12 running in system mode (+PAM +AUDIT +SELINUX +APPARMOR +IMA +SMACK +SECCOMP +GCRYPT +GNUTLS +OPENSSL +ACL +BLKID +CURL +ELFUTILS +FIDO2 +IDN2 -IDN +IPTC +KMOD +LIBCRYPTSETUP +LIBFDISK +PCRE2 -PWQUALITY -P11KIT -QRENCODE +BZIP2 +LZ4 +XZ +ZLIB +ZSTD -XKBCOMMON +UTMP +SYSVINIT default-hierarchy=unified)
Feb 13 16:02:14 localhost kernel: [    4.270752] systemd[1]: Detected virtualization kvm.
Feb 13 16:02:14 localhost kernel: [    4.271640] systemd[1]: Detected architecture x86-64.
Feb 13 16:02:14 localhost kernel: [    4.274248] systemd[1]: Hostname set to <localhost>.
Feb 13 16:02:14 localhost kernel: [    4.276534] systemd[1]: Initializing machine ID from random generator.
Feb 13 16:02:14 localhost kernel: [    4.277793] systemd[1]: Installed transient /etc/machine-id file.
Feb 13 16:02:14 localhost kernel: [    4.401897] systemd[1]: Configuration file /run/systemd/system/netplan-ovs-cleanup.service is marked world-inaccessible. This has no effect as configuration data is accessible via APIs without restrictions. Proceeding anyway.
Feb 13 16:02:14 localhost kernel: [    4.422135] systemd[1]: /lib/systemd/system/snapd.service:23: Unknown key name 'RestartMode' in section 'Service', ignoring.
Feb 13 16:02:14 localhost kernel: [    4.469296] systemd[1]: Queued start job for default target Multi-User System.
Feb 13 16:02:14 localhost kernel: [    4.471499] systemd[1]: Created slice Slice /system/modprobe.
Feb 13 16:02:14 localhost kernel: [    4.473923] systemd[1]: Created slice Slice /system/serial-getty.
Feb 13 16:02:14 localhost kernel: [    4.476364] systemd[1]: Created slice User and Session Slice.
Feb 13 16:02:14 localhost kernel: [    4.478513] systemd[1]: Started Forward Password Requests to Wall Directory Watch.
Feb 13 16:02:14 localhost kernel: [    4.481303] systemd[1]: Set up automount Arbitrary Executable File Formats File System Automount Point.
Feb 13 16:02:14 localhost kernel: [    4.484327] systemd[1]: Reached target Remote File Systems.
Feb 13 16:02:14 localhost kernel: [    4.486365] systemd[1]: Reached target Slice Units.
Feb 13 16:02:14 localhost kernel: [    4.488157] systemd[1]: Reached target Mounting snaps.
Feb 13 16:02:14 localhost kernel: [    4.490040] systemd[1]: Reached target Mounted snaps.
Feb 13 16:02:14 localhost kernel: [    4.491878] systemd[1]: Reached target Local Verity Protected Volumes.
Feb 13 16:02:14 localhost kernel: [    4.494253] systemd[1]: Listening on Device-mapper event daemon FIFOs.
Feb 13 16:02:14 localhost kernel: [    4.496652] systemd[1]: Listening on LVM2 poll daemon socket.
Feb 13 16:02:14 localhost kernel: [    4.498826] systemd[1]: Listening on Syslog Socket.
Feb 13 16:02:14 localhost kernel: [    4.500697] systemd[1]: Listening on fsck to fsckd communication Socket.
Feb 13 16:02:14 localhost kernel: [    4.503129] systemd[1]: Listening on initctl Compatibility Named Pipe.
Feb 13 16:02:14 localhost kernel: [    4.505580] systemd[1]: Listening on Journal Audit Socket.
Feb 13 16:02:14 localhost kernel: [    4.507695] systemd[1]: Listening on Journal Socket (/dev/log).
Feb 13 16:02:14 localhost kernel: [    4.509950] systemd[1]: Listening on Journal Socket.
Feb 13 16:02:14 localhost kernel: [    4.511878] systemd[1]: Listening on Network Service Netlink Socket.
Feb 13 16:02:14 localhost kernel: [    4.514476] systemd[1]: Listening on udev Control Socket.
Feb 13 16:02:14 localhost kernel: [    4.516526] systemd[1]: Listening on udev Kernel Socket.
Feb 13 16:02:14 localhost kernel: [    4.519140] systemd[1]: Mounting Huge Pages File System...
Feb 13 16:02:14 localhost kernel: [    4.521695] systemd[1]: Mounting POSIX Message Queue File System...
Feb 13 16:02:14 localhost kernel: [    4.527846] systemd[1]: Mounting Kernel Debug File System...
Feb 13 16:02:14 localhost kernel: [    4.531966] systemd[1]: Mounting Kernel Trace File System...
Feb 13 16:02:14 localhost kernel: [    4.535560] systemd[1]: Starting Journal Service...
Feb 13 16:02:14 localhost kernel: [    4.550833] systemd[1]: Finished Availability of block devices.
Feb 13 16:02:14 localhost kernel: [    4.557360] systemd[1]: Starting Set the console keyboard layout...
Feb 13 16:02:14 localhost kernel: [    4.567272] systemd[1]: Starting Create List of Static Device Nodes...
Feb 13 16:02:14 localhost kernel: [    4.579263] systemd[1]: Starting Monitoring of LVM2 mirrors, snapshots etc. using dmeventd or progress polling...
Feb 13 16:02:14 localhost kernel: [    4.597904] systemd[1]: Condition check resulted in LXD - agent being skipped.
Feb 13 16:02:14 localhost kernel: [    4.605897] systemd[1]: Starting Load Kernel Module configfs...
Feb 13 16:02:14 localhost kernel: [    4.622392] systemd[1]: Starting Load Kernel Module drm...
Feb 13 16:02:14 localhost kernel: [    4.629849] systemd[1]: Starting Load Kernel Module efi_pstore...
Feb 13 16:02:14 localhost kernel: [    4.644089] systemd[1]: Starting Load Kernel Module fuse...
Feb 13 16:02:14 localhost kernel: [    4.653418] systemd[1]: Condition check resulted in OpenVSwitch configuration for cleanup being skipped.
Feb 13 16:02:14 localhost kernel: [    4.657875] systemd[1]: Condition check resulted in File System Check on Root Device being skipped.
Feb 13 16:02:14 localhost kernel: [    4.662837] systemd[1]: Starting Load Kernel Modules...
Feb 13 16:02:14 localhost kernel: [    4.670616] systemd[1]: Starting Generate network units from Kernel command line...
Feb 13 16:02:14 localhost kernel: [    4.685857] systemd[1]: Starting Remount Root and Kernel File Systems...
Feb 13 16:02:14 localhost kernel: [    4.698414] systemd[1]: Starting Coldplug All udev Devices...
Feb 13 16:02:14 localhost kernel: [    4.701069] EXT4-fs (sda): re-mounted. Opts: errors=remount-ro. Quota mode: none.
Feb 13 16:02:14 localhost kernel: [    4.713929] systemd[1]: Started Journal Service.
Feb 13 16:02:14 localhost kernel: [    4.790639] systemd-journald[374]: Received client request to flush runtime journal.
Feb 13 16:02:14 localhost kernel: [    5.206265] audit: type=1400 audit(1739462524.836:2): apparmor="STATUS" operation="profile_load" profile="unconfined" name="lsb_release" pid=422 comm="apparmor_parser"
Feb 13 16:02:14 localhost kernel: [    5.408472] audit: type=1400 audit(1739462525.036:3): apparmor="STATUS" operation="profile_load" profile="unconfined" name="nvidia_modprobe" pid=441 comm="apparmor_parser"
Feb 13 16:02:14 localhost kernel: [    5.415874] audit: type=1400 audit(1739462525.044:4): apparmor="STATUS" operation="profile_load" profile="unconfined" name="nvidia_modprobe//kmod" pid=441 comm="apparmor_parser"
Feb 13 16:02:14 localhost kernel: [    5.894944] audit: type=1400 audit(1739462525.524:5): apparmor="STATUS" operation="profile_load" profile="unconfined" name="/usr/lib/NetworkManager/nm-dhcp-client.action" pid=444 comm="apparmor_parser"
Feb 13 16:02:14 localhost kernel: [    5.897294] audit: type=1400 audit(1739462525.524:6): apparmor="STATUS" operation="profile_load" profile="unconfined" name="/usr/lib/NetworkManager/nm-dhcp-helper" pid=444 comm="apparmor_parser"
Feb 13 16:02:14 localhost kernel: [    5.903173] audit: type=1400 audit(1739462525.532:7): apparmor="STATUS" operation="profile_load" profile="unconfined" name="/usr/lib/connman/scripts/dhclient-script" pid=444 comm="apparmor_parser"
Feb 13 16:02:14 localhost kernel: [    5.924113] audit: type=1400 audit(1739462525.552:8): apparmor="STATUS" operation="profile_load" profile="unconfined" name="/{,usr/}sbin/dhclient" pid=444 comm="apparmor_parser"
Feb 13 16:02:14 localhost kernel: [    6.189867] audit: type=1400 audit(1739462525.820:9): apparmor="STATUS" operation="profile_load" profile="unconfined" name="ubuntu_pro_apt_news" pid=447 comm="apparmor_parser"
Feb 13 16:02:14 localhost kernel: [    6.759943] Adding 524284k swap on /dev/sdb.  Priority:-2 extents:1 across:524284k SSFS
Feb 13 16:02:14 localhost kernel: [    7.288374] audit: type=1400 audit(1739462526.916:10): apparmor="STATUS" operation="profile_load" profile="unconfined" name="ubuntu_pro_esm_cache" pid=456 comm="apparmor_parser"
Feb 13 16:02:14 localhost kernel: [    7.291244] audit: type=1400 audit(1739462526.920:11): apparmor="STATUS" operation="profile_load" profile="unconfined" name="ubuntu_pro_esm_cache//apt_methods" pid=456 comm="apparmor_parser"
Feb 13 16:02:14 localhost kernel: [    7.294127] audit: type=1400 audit(1739462526.924:12): apparmor="STATUS" operation="profile_load" profile="unconfined" name="ubuntu_pro_esm_cache//apt_methods_gpgv" pid=456 comm="apparmor_parser"
Feb 13 16:02:14 localhost rsyslogd: imuxsock: Acquired UNIX socket '/run/systemd/journal/syslog' (fd 3) from systemd.  [v8.2112.0]
Feb 13 16:02:14 localhost rsyslogd: rsyslogd's groupid changed to 111
Feb 13 16:02:14 localhost rsyslogd: rsyslogd's userid changed to 104
Feb 13 16:02:14 localhost rsyslogd: [origin software="rsyslogd" swVersion="8.2112.0" x-pid="599" x-info="https://www.rsyslog.com"] start
Feb 13 16:02:14 localhost systemd[1]: Started System Logging Service.
Feb 13 16:02:14 localhost systemd[1]: grub-common.service: Deactivated successfully.
Feb 13 16:02:14 localhost systemd[1]: Finished Record successful boot for GRUB.
Feb 13 16:02:14 localhost systemd[1]: Started OpenBSD Secure Shell server.
Feb 13 16:02:14 localhost systemd[1]: Starting GRUB failed boot detection...
Feb 13 16:02:14 localhost apport[588]:  * Starting automatic crash report generation: apport
Feb 13 16:02:14 localhost systemd[1]: Starting Hold until boot process finishes up...
Feb 13 16:02:14 localhost apport[588]:    ...done.
Feb 13 16:02:14 localhost systemd[1]: Starting Terminate Plymouth Boot Screen...
Feb 13 16:02:14 localhost systemd[1]: Started LSB: automatic crash report generation.
Feb 13 16:02:14 localhost systemd[1]: Finished Hold until boot process finishes up.
Feb 13 16:02:14 localhost systemd[1]: Finished Terminate Plymouth Boot Screen.
Feb 13 16:02:14 localhost systemd[1]: grub-initrd-fallback.service: Deactivated successfully.
Feb 13 16:02:14 localhost systemd[1]: Finished GRUB failed boot detection.
Feb 13 16:02:14 localhost systemd[1]: Started Serial Getty on ttyS0.
Feb 13 16:02:14 localhost systemd[1]: Starting Set console scheme...
Feb 13 16:02:14 localhost systemd[1]: Finished Set console scheme.
Feb 13 16:02:14 localhost systemd[1]: Started User Login Management.
Feb 13 16:02:14 localhost systemd[1]: Created slice Slice /system/getty.
Feb 13 16:02:14 localhost snapd[600]: overlord.go:274: Acquiring state lock file
Feb 13 16:02:14 localhost snapd[600]: overlord.go:279: Acquired state lock file
Feb 13 16:02:14 localhost systemd[1]: Started Getty on tty1.
Feb 13 16:02:14 localhost systemd[1]: Reached target Login Prompts.
Feb 13 16:02:14 localhost networkd-dispatcher[598]: No valid path found for iwconfig
Feb 13 16:02:14 localhost networkd-dispatcher[598]: No valid path found for iw
Feb 13 16:02:14 localhost systemd[1]: Started Unattended Upgrades Shutdown.
Feb 13 16:02:14 localhost snapd[600]: daemon.go:250: started snapd/2.66.1+22.04 (series 16; classic) ubuntu/22.04 (amd64) linux/5.15.0-130-generic.
Feb 13 16:02:14 localhost systemd[1]: Started Dispatcher daemon for systemd-networkd.
Feb 13 16:02:14 localhost kernel: [   15.219823] loop0: detected capacity change from 0 to 8
Feb 13 16:02:14 localhost systemd[1]: tmp-syscheck\x2dmountpoint\x2d680820839.mount: Deactivated successfully.
Feb 13 16:02:14 localhost snapd[600]: daemon.go:353: adjusting startup timeout by 30s (pessimistic estimate of 30s plus 5s per snap)
Feb 13 16:02:14 localhost snapd[600]: backends.go:58: AppArmor status: apparmor is enabled and all features are available
Feb 13 16:02:15 localhost kernel: [   15.625798] kauditd_printk_skb: 13 callbacks suppressed
Feb 13 16:02:15 localhost kernel: [   15.625801] audit: type=1400 audit(1739462535.256:26): apparmor="STATUS" operation="profile_replace" profile="unconfined" name="/usr/lib/snapd/snap-confine" pid=675 comm="apparmor_parser"
Feb 13 16:02:15 localhost kernel: [   15.627070] audit: type=1400 audit(1739462535.256:27): apparmor="STATUS" operation="profile_replace" profile="unconfined" name="/usr/lib/snapd/snap-confine//mount-namespace-capture-helper" pid=675 comm="apparmor_parser"
Feb 13 16:02:15 localhost snapd[600]: helpers.go:160: error trying to compare the snap system key: system-key missing on disk
Feb 13 16:02:15 localhost systemd[1]: Started Snap Daemon.
Feb 13 16:02:15 localhost systemd[1]: Condition check resulted in Auto import assertions from block devices being skipped.
Feb 13 16:02:15 localhost systemd[1]: Reached target Multi-User System.
Feb 13 16:02:15 localhost systemd[1]: Starting Record Runlevel Change in UTMP...
Feb 13 16:02:15 localhost systemd[1]: systemd-update-utmp-runlevel.service: Deactivated successfully.
Feb 13 16:02:15 localhost systemd[1]: Finished Record Runlevel Change in UTMP.
Feb 13 16:02:15 localhost dbus-daemon[593]: [system] Activating via systemd: service name='org.freedesktop.timedate1' unit='dbus-org.freedesktop.timedate1.service' requested by ':1.8' (uid=0 pid=600 comm="/usr/lib/snapd/snapd " label="unconfined")
Feb 13 16:02:15 localhost systemd[1]: Starting Time & Date Service...
Feb 13 16:02:15 localhost cloud-init[693]: Cloud-init v. 24.4-0ubuntu1~22.04.1 running 'modules:config' at Thu, 13 Feb 2025 16:02:15 +0000. Up 15.49 seconds.
Feb 13 16:02:15 localhost dbus-daemon[593]: [system] Successfully activated service 'org.freedesktop.timedate1'
Feb 13 16:02:15 localhost systemd[1]: Started Time & Date Service.
Feb 13 16:02:16 localhost systemd[1]: Finished Cloud-init: Config Stage.
Feb 13 16:02:16 localhost systemd[1]: Starting Cloud-init: Final Stage...
Feb 13 16:02:16 localhost cloud-init[705]: Cloud-init v. 24.4-0ubuntu1~22.04.1 running 'modules:final' at Thu, 13 Feb 2025 16:02:16 +0000. Up 16.72 seconds.
Feb 13 16:02:16 localhost cloud-init: #############################################################
Feb 13 16:02:16 localhost cloud-init: -----BEGIN SSH HOST KEY FINGERPRINTS-----
Feb 13 16:02:16 localhost cloud-init: 256 SHA256:Rl++DDWH4e/EG+dlDi+p98hqLUur5fjyyWVHZsbTTrA root@localhost (ECDSA)
Feb 13 16:02:16 localhost cloud-init: 256 SHA256:x7pwOb4BNPucf0IkfVqWk2iJ1NipvLwvi/K9E/cU4f4 root@localhost (ED25519)
Feb 13 16:02:16 localhost cloud-init: 3072 SHA256:DFqccWagXUJKUvntm/gi/oIIRcRBdLmVv1dJ0PPU7SU root@localhost (RSA)
Feb 13 16:02:16 localhost cloud-init: -----END SSH HOST KEY FINGERPRINTS-----
Feb 13 16:02:16 localhost cloud-init: #############################################################
Feb 13 16:02:16 localhost cloud-init[705]: Cloud-init v. 24.4-0ubuntu1~22.04.1 finished at Thu, 13 Feb 2025 16:02:16 +0000. Datasource DataSourceAkamaiLocal.  Up 16.85 seconds
Feb 13 16:02:16 localhost systemd[1]: Finished Cloud-init: Final Stage.
Feb 13 16:02:16 localhost systemd[1]: Reached target Cloud-init target.
Feb 13 16:02:16 localhost systemd[1]: Startup finished in 4.080s (kernel) + 12.964s (userspace) = 17.045s.
Feb 13 16:02:16 localhost systemd[1]: serial-getty@ttyS0.service: Deactivated successfully.
Feb 13 16:02:16 localhost systemd[1]: dmesg.service: Deactivated successfully.
Feb 13 16:02:17 localhost systemd[1]: serial-getty@ttyS0.service: Scheduled restart job, restart counter is at 1.
Feb 13 16:02:17 localhost systemd[1]: Stopped Serial Getty on ttyS0.
Feb 13 16:02:17 localhost systemd[1]: Started Serial Getty on ttyS0.
Feb 13 16:02:18 localhost agetty[733]: #033[H#033[J#033[3J
Feb 13 16:02:18 localhost agetty[657]: Welcome to StackScripts. Starting up...
Feb 13 16:02:20 localhost snapd[600]: daemon.go:548: gracefully waiting for running hooks
Feb 13 16:02:20 localhost snapd[600]: daemon.go:550: done waiting for running hooks
Feb 13 16:02:20 localhost agetty[736]: WARNING: apt does not have a stable CLI interface. Use with caution in scripts.
Feb 13 16:02:20 localhost systemd[1]: Starting Update APT News...
Feb 13 16:02:20 localhost systemd[1]: Starting Update the local ESM caches...
Feb 13 16:02:20 localhost agetty[736]: Get:1 http://mirrors.linode.com/ubuntu jammy InRelease
Feb 13 16:02:21 localhost agetty[736]: Get:2 http://mirrors.linode.com/ubuntu jammy-updates InRelease
Feb 13 16:02:21 localhost agetty[736]: Get:3 http://mirrors.linode.com/ubuntu jammy-backports InRelease
Feb 13 16:02:21 localhost agetty[736]: Get:4 http://security.ubuntu.com/ubuntu jammy-security InRelease [129 kB]
Feb 13 16:02:21 localhost agetty[736]: Get:5 http://mirrors.linode.com/ubuntu jammy/main amd64 Packages [1395 kB]
Feb 13 16:02:21 localhost agetty[736]: Get:6 http://mirrors.linode.com/ubuntu jammy/main Translation-en [510 kB]
Feb 13 16:02:21 localhost agetty[736]: Get:7 http://mirrors.linode.com/ubuntu jammy/main amd64 c-n-f Metadata [30.3 kB]
Feb 13 16:02:21 localhost agetty[736]: Get:8 http://mirrors.linode.com/ubuntu jammy/restricted amd64 Packages [129 kB]
Feb 13 16:02:21 localhost agetty[736]: Get:9 http://mirrors.linode.com/ubuntu jammy/restricted Translation-en [18.6 kB]
Feb 13 16:02:21 localhost agetty[736]: Get:10 http://mirrors.linode.com/ubuntu jammy/restricted amd64 c-n-f Metadata [488 B]
Feb 13 16:02:21 localhost agetty[736]: Get:11 http://mirrors.linode.com/ubuntu jammy/universe amd64 Packages [14.1 MB]
Feb 13 16:02:21 localhost agetty[736]: Get:12 http://mirrors.linode.com/ubuntu jammy/universe Translation-en [5652 kB]
Feb 13 16:02:21 localhost agetty[736]: Get:13 http://mirrors.linode.com/ubuntu jammy/universe amd64 c-n-f Metadata [286 kB]
Feb 13 16:02:21 localhost agetty[736]: Get:14 http://mirrors.linode.com/ubuntu jammy/multiverse amd64 Packages [217 kB]
Feb 13 16:02:21 localhost agetty[736]: Get:15 http://mirrors.linode.com/ubuntu jammy/multiverse Translation-en [112 kB]
Feb 13 16:02:21 localhost agetty[736]: Get:16 http://mirrors.linode.com/ubuntu jammy/multiverse amd64 c-n-f Metadata [8372 B]
Feb 13 16:02:21 localhost agetty[736]: Get:17 http://mirrors.linode.com/ubuntu jammy-updates/main amd64 Packages [2316 kB]
Feb 13 16:02:21 localhost agetty[736]: Get:18 http://mirrors.linode.com/ubuntu jammy-updates/main Translation-en [387 kB]
Feb 13 16:02:21 localhost agetty[736]: Get:19 http://mirrors.linode.com/ubuntu jammy-updates/main amd64 c-n-f Metadata [17.9 kB]
Feb 13 16:02:21 localhost agetty[736]: Get:20 http://mirrors.linode.com/ubuntu jammy-updates/restricted amd64 Packages [2944 kB]
Feb 13 16:02:21 localhost agetty[736]: Get:21 http://mirrors.linode.com/ubuntu jammy-updates/restricted Translation-en [515 kB]
Feb 13 16:02:21 localhost agetty[736]: Get:22 http://mirrors.linode.com/ubuntu jammy-updates/restricted amd64 c-n-f Metadata [612 B]
Feb 13 16:02:21 localhost agetty[736]: Get:23 http://mirrors.linode.com/ubuntu jammy-updates/universe amd64 Packages [1187 kB]
Feb 13 16:02:21 localhost agetty[736]: Get:24 http://mirrors.linode.com/ubuntu jammy-updates/universe Translation-en [291 kB]
Feb 13 16:02:21 localhost agetty[736]: Get:25 http://mirrors.linode.com/ubuntu jammy-updates/universe amd64 c-n-f Metadata [26.4 kB]
Feb 13 16:02:21 localhost agetty[736]: Get:26 http://mirrors.linode.com/ubuntu jammy-updates/multiverse amd64 Packages [44.5 kB]
Feb 13 16:02:21 localhost agetty[736]: Get:27 http://mirrors.linode.com/ubuntu jammy-updates/multiverse Translation-en [11.5 kB]
Feb 13 16:02:21 localhost agetty[736]: Get:28 http://mirrors.linode.com/ubuntu jammy-updates/multiverse amd64 c-n-f Metadata [440 B]
Feb 13 16:02:22 localhost agetty[736]: Get:29 http://mirrors.linode.com/ubuntu jammy-backports/main amd64 Packages [67.7 kB]
Feb 13 16:02:22 localhost agetty[736]: Get:30 http://mirrors.linode.com/ubuntu jammy-backports/main Translation-en [11.1 kB]
Feb 13 16:02:22 localhost agetty[736]: Get:31 http://mirrors.linode.com/ubuntu jammy-backports/main amd64 c-n-f Metadata [388 B]
Feb 13 16:02:22 localhost agetty[736]: Get:32 http://mirrors.linode.com/ubuntu jammy-backports/restricted amd64 c-n-f Metadata [116 B]
Feb 13 16:02:22 localhost agetty[736]: Get:33 http://mirrors.linode.com/ubuntu jammy-backports/universe amd64 Packages [30.0 kB]
Feb 13 16:02:22 localhost agetty[736]: Get:34 http://mirrors.linode.com/ubuntu jammy-backports/universe Translation-en [16.6 kB]
Feb 13 16:02:22 localhost agetty[736]: Get:35 http://mirrors.linode.com/ubuntu jammy-backports/universe amd64 c-n-f Metadata [672 B]
Feb 13 16:02:22 localhost agetty[736]: Get:36 http://mirrors.linode.com/ubuntu jammy-backports/multiverse amd64 c-n-f Metadata [116 B]
Feb 13 16:02:22 localhost systemd[1]: esm-cache.service: Deactivated successfully.
Feb 13 16:02:22 localhost systemd[1]: Finished Update the local ESM caches.
Feb 13 16:02:22 localhost agetty[736]: Get:37 http://security.ubuntu.com/ubuntu jammy-security/main amd64 Packages [2079 kB]
Feb 13 16:02:22 localhost agetty[736]: Get:38 http://security.ubuntu.com/ubuntu jammy-security/main Translation-en [325 kB]
Feb 13 16:02:22 localhost agetty[736]: Get:39 http://security.ubuntu.com/ubuntu jammy-security/main amd64 c-n-f Metadata [13.3 kB]
Feb 13 16:02:22 localhost agetty[736]: Get:40 http://security.ubuntu.com/ubuntu jammy-security/restricted amd64 Packages [2839 kB]
Feb 13 16:02:22 localhost agetty[736]: Get:41 http://security.ubuntu.com/ubuntu jammy-security/restricted Translation-en [497 kB]
Feb 13 16:02:22 localhost agetty[736]: Get:42 http://security.ubuntu.com/ubuntu jammy-security/restricted amd64 c-n-f Metadata [580 B]
Feb 13 16:02:22 localhost agetty[736]: Get:43 http://security.ubuntu.com/ubuntu jammy-security/universe amd64 Packages [961 kB]
Feb 13 16:02:22 localhost agetty[736]: Get:44 http://security.ubuntu.com/ubuntu jammy-security/universe Translation-en [205 kB]
Feb 13 16:02:22 localhost agetty[736]: Get:45 http://security.ubuntu.com/ubuntu jammy-security/universe amd64 c-n-f Metadata [19.5 kB]
Feb 13 16:02:22 localhost agetty[736]: Get:46 http://security.ubuntu.com/ubuntu jammy-security/multiverse amd64 Packages [37.6 kB]
Feb 13 16:02:22 localhost agetty[736]: Get:47 http://security.ubuntu.com/ubuntu jammy-security/multiverse Translation-en [8260 B]
Feb 13 16:02:22 localhost agetty[736]: Get:48 http://security.ubuntu.com/ubuntu jammy-security/multiverse amd64 c-n-f Metadata [224 B]
Feb 13 16:02:23 localhost snapd[600]: overlord.go:518: Released state lock file
Feb 13 16:02:23 localhost snapd[600]: daemon stop requested to wait for socket activation
Feb 13 16:02:23 localhost systemd[1]: snapd.service: Deactivated successfully.
Feb 13 16:02:26 localhost dbus-daemon[593]: [system] Activating via systemd: service name='org.freedesktop.PackageKit' unit='packagekit.service' requested by ':1.10' (uid=0 pid=1041 comm="/usr/bin/gdbus call --system --dest org.freedeskto" label="unconfined")
Feb 13 16:02:26 localhost systemd[1]: Starting PackageKit Daemon...
Feb 13 16:02:26 localhost PackageKit: daemon start
Feb 13 16:02:26 localhost dbus-daemon[593]: [system] Activating via systemd: service name='org.freedesktop.PolicyKit1' unit='polkit.service' requested by ':1.11' (uid=0 pid=1044 comm="/usr/libexec/packagekitd " label="unconfined")
Feb 13 16:02:26 localhost systemd[1]: Starting Authorization Manager...
Feb 13 16:02:26 localhost polkitd[1048]: started daemon version 0.105 using authority implementation `local' version `0.105'
Feb 13 16:02:26 localhost dbus-daemon[593]: [system] Successfully activated service 'org.freedesktop.PolicyKit1'
Feb 13 16:02:26 localhost systemd[1]: Started Authorization Manager.
Feb 13 16:02:26 localhost dbus-daemon[593]: [system] Successfully activated service 'org.freedesktop.PackageKit'
Feb 13 16:02:26 localhost systemd[1]: Started PackageKit Daemon.
Feb 13 16:02:30 localhost systemd[1]: apt-news.service: Deactivated successfully.
Feb 13 16:02:30 localhost systemd[1]: Finished Update APT News.
Feb 13 16:02:30 localhost systemd[1]: apt-news.service: Consumed 1.382s CPU time.
Feb 13 16:02:31 localhost agetty[736]: Fetched 38.0 MB in 5s (7084 kB/s)
Feb 13 16:02:32 localhost agetty[736]: Reading package lists...
Feb 13 16:02:32 localhost agetty[736]: Building dependency tree...
Feb 13 16:02:32 localhost agetty[736]: Reading state information...
