Feb  4 15:13:27 localhost kernel: [    0.000000] Linux version 5.15.0-130-generic (buildd@lcy02-amd64-056) (gcc (Ubuntu 11.4.0-1ubuntu1~22.04) 11.4.0, GNU ld (GNU Binutils for Ubuntu) 2.38) #140-Ubuntu SMP Wed Dec 18 17:59:53 UTC 2024 (Ubuntu 5.15.0-130.140-generic 5.15.168)
Feb  4 15:13:27 localhost kernel: [    0.000000] Command line: BOOT_IMAGE=/boot/vmlinuz-5.15.0-130-generic root=UUID=c4b52a3f-818a-c891-ac4a-b949bf511e72 ro console=ttyS0,19200n8 net.ifnames=0
Feb  4 15:13:27 localhost kernel: [    0.000000] KERNEL supported cpus:
Feb  4 15:13:27 localhost kernel: [    0.000000]   Intel GenuineIntel
Feb  4 15:13:27 localhost kernel: [    0.000000]   AMD AuthenticAMD
Feb  4 15:13:27 localhost kernel: [    0.000000]   Hygon HygonGenuine
Feb  4 15:13:27 localhost kernel: [    0.000000]   Centaur CentaurHauls
Feb  4 15:13:27 localhost kernel: [    0.000000]   zhaoxin   Shanghai  
Feb  4 15:13:27 localhost kernel: [    0.000000] BIOS-provided physical RAM map:
Feb  4 15:13:27 localhost kernel: [    0.000000] BIOS-e820: [mem 0x0000000000000000-0x000000000009fbff] usable
Feb  4 15:13:27 localhost kernel: [    0.000000] BIOS-e820: [mem 0x000000000009fc00-0x000000000009ffff] reserved
Feb  4 15:13:27 localhost kernel: [    0.000000] BIOS-e820: [mem 0x00000000000f0000-0x00000000000fffff] reserved
Feb  4 15:13:27 localhost kernel: [    0.000000] BIOS-e820: [mem 0x0000000000100000-0x000000003ffd9fff] usable
Feb  4 15:13:27 localhost kernel: [    0.000000] BIOS-e820: [mem 0x000000003ffda000-0x000000003fffffff] reserved
Feb  4 15:13:27 localhost kernel: [    0.000000] BIOS-e820: [mem 0x00000000b0000000-0x00000000bfffffff] reserved
Feb  4 15:13:27 localhost kernel: [    0.000000] BIOS-e820: [mem 0x00000000fed1c000-0x00000000fed1ffff] reserved
Feb  4 15:13:27 localhost kernel: [    0.000000] BIOS-e820: [mem 0x00000000feffc000-0x00000000feffffff] reserved
Feb  4 15:13:27 localhost kernel: [    0.000000] BIOS-e820: [mem 0x00000000fffc0000-0x00000000ffffffff] reserved
Feb  4 15:13:27 localhost kernel: [    0.000000] BIOS-e820: [mem 0x000000fd00000000-0x000000ffffffffff] reserved
Feb  4 15:13:27 localhost kernel: [    0.000000] NX (Execute Disable) protection: active
Feb  4 15:13:27 localhost kernel: [    0.000000] SMBIOS 2.8 present.
Feb  4 15:13:27 localhost kernel: [    0.000000] DMI: Linode Compute Instance, BIOS Not Specified 
Feb  4 15:13:27 localhost kernel: [    0.000000] Hypervisor detected: KVM
Feb  4 15:13:27 localhost kernel: [    0.000000] kvm-clock: Using msrs 4b564d01 and 4b564d00
Feb  4 15:13:27 localhost kernel: [    0.000000] kvm-clock: cpu 0, msr 36c01001, primary cpu clock
Feb  4 15:13:27 localhost kernel: [    0.000001] kvm-clock: using sched offset of 8366112692 cycles
Feb  4 15:13:27 localhost kernel: [    0.000003] clocksource: kvm-clock: mask: 0xffffffffffffffff max_cycles: 0x1cd42e4dffb, max_idle_ns: 881590591483 ns
Feb  4 15:13:27 localhost kernel: [    0.000006] tsc: Detected 1999.998 MHz processor
Feb  4 15:13:27 localhost kernel: [    0.000977] e820: update [mem 0x00000000-0x00000fff] usable ==> reserved
Feb  4 15:13:27 localhost kernel: [    0.000981] e820: remove [mem 0x000a0000-0x000fffff] usable
Feb  4 15:13:27 localhost kernel: [    0.000986] last_pfn = 0x3ffda max_arch_pfn = 0x400000000
Feb  4 15:13:27 localhost kernel: [    0.001047] x86/PAT: Configuration [0-7]: WB  WC  UC- UC  WB  WP  UC- WT  
Feb  4 15:13:27 localhost kernel: [    0.003350] found SMP MP-table at [mem 0x000f5390-0x000f539f]
Feb  4 15:13:27 localhost kernel: [    0.003366] Using GB pages for direct mapping
Feb  4 15:13:27 localhost kernel: [    0.003449] RAMDISK: [mem 0x2b829000-0x31c0bfff]
Feb  4 15:13:27 localhost kernel: [    0.003465] ACPI: Early table checksum verification disabled
Feb  4 15:13:27 localhost kernel: [    0.003468] ACPI: RSDP 0x00000000000F51D0 000014 (v00 BOCHS )
Feb  4 15:13:27 localhost kernel: [    0.003476] ACPI: RSDT 0x000000003FFE22BD 000038 (v01 BOCHS  BXPC     00000001 BXPC 00000001)
Feb  4 15:13:27 localhost kernel: [    0.003481] ACPI: FACP 0x000000003FFE20B5 0000F4 (v03 BOCHS  BXPC     00000001 BXPC 00000001)
Feb  4 15:13:27 localhost kernel: [    0.003486] ACPI: DSDT 0x000000003FFE0040 002075 (v01 BOCHS  BXPC     00000001 BXPC 00000001)
Feb  4 15:13:27 localhost kernel: [    0.003489] ACPI: FACS 0x000000003FFE0000 000040
Feb  4 15:13:27 localhost kernel: [    0.003492] ACPI: APIC 0x000000003FFE21A9 000078 (v01 BOCHS  BXPC     00000001 BXPC 00000001)
Feb  4 15:13:27 localhost kernel: [    0.003495] ACPI: HPET 0x000000003FFE2221 000038 (v01 BOCHS  BXPC     00000001 BXPC 00000001)
Feb  4 15:13:27 localhost kernel: [    0.003497] ACPI: MCFG 0x000000003FFE2259 00003C (v01 BOCHS  BXPC     00000001 BXPC 00000001)
Feb  4 15:13:27 localhost kernel: [    0.003500] ACPI: WAET 0x000000003FFE2295 000028 (v01 BOCHS  BXPC     00000001 BXPC 00000001)
Feb  4 15:13:27 localhost kernel: [    0.003502] ACPI: Reserving FACP table memory at [mem 0x3ffe20b5-0x3ffe21a8]
Feb  4 15:13:27 localhost kernel: [    0.003504] ACPI: Reserving DSDT table memory at [mem 0x3ffe0040-0x3ffe20b4]
Feb  4 15:13:27 localhost kernel: [    0.003505] ACPI: Reserving FACS table memory at [mem 0x3ffe0000-0x3ffe003f]
Feb  4 15:13:27 localhost kernel: [    0.003506] ACPI: Reserving APIC table memory at [mem 0x3ffe21a9-0x3ffe2220]
Feb  4 15:13:27 localhost kernel: [    0.003507] ACPI: Reserving HPET table memory at [mem 0x3ffe2221-0x3ffe2258]
Feb  4 15:13:27 localhost kernel: [    0.003508] ACPI: Reserving MCFG table memory at [mem 0x3ffe2259-0x3ffe2294]
Feb  4 15:13:27 localhost kernel: [    0.003509] ACPI: Reserving WAET table memory at [mem 0x3ffe2295-0x3ffe22bc]
Feb  4 15:13:27 localhost kernel: [    0.004081] No NUMA configuration found
Feb  4 15:13:27 localhost kernel: [    0.004084] Faking a node at [mem 0x0000000000000000-0x000000003ffd9fff]
Feb  4 15:13:27 localhost kernel: [    0.004093] NODE_DATA(0) allocated [mem 0x3ffb0000-0x3ffd9fff]
Feb  4 15:13:27 localhost kernel: [    0.004420] Zone ranges:
Feb  4 15:13:27 localhost kernel: [    0.004421]   DMA      [mem 0x0000000000001000-0x0000000000ffffff]
Feb  4 15:13:27 localhost kernel: [    0.004423]   DMA32    [mem 0x0000000001000000-0x000000003ffd9fff]
Feb  4 15:13:27 localhost kernel: [    0.004424]   Normal   empty
Feb  4 15:13:27 localhost kernel: [    0.004426]   Device   empty
Feb  4 15:13:27 localhost kernel: [    0.004427] Movable zone start for each node
Feb  4 15:13:27 localhost kernel: [    0.004430] Early memory node ranges
Feb  4 15:13:27 localhost kernel: [    0.004431]   node   0: [mem 0x0000000000001000-0x000000000009efff]
Feb  4 15:13:27 localhost kernel: [    0.004432]   node   0: [mem 0x0000000000100000-0x000000003ffd9fff]
Feb  4 15:13:27 localhost kernel: [    0.004434] Initmem setup node 0 [mem 0x0000000000001000-0x000000003ffd9fff]
Feb  4 15:13:27 localhost kernel: [    0.004495] On node 0, zone DMA: 1 pages in unavailable ranges
Feb  4 15:13:27 localhost kernel: [    0.004526] On node 0, zone DMA: 97 pages in unavailable ranges
Feb  4 15:13:27 localhost kernel: [    0.006488] On node 0, zone DMA32: 38 pages in unavailable ranges
Feb  4 15:13:27 localhost kernel: [    0.007003] ACPI: PM-Timer IO Port: 0x608
Feb  4 15:13:27 localhost kernel: [    0.007012] ACPI: LAPIC_NMI (acpi_id[0xff] dfl dfl lint[0x1])
Feb  4 15:13:27 localhost kernel: [    0.007042] IOAPIC[0]: apic_id 0, version 17, address 0xfec00000, GSI 0-23
Feb  4 15:13:27 localhost kernel: [    0.007045] ACPI: INT_SRC_OVR (bus 0 bus_irq 0 global_irq 2 dfl dfl)
Feb  4 15:13:27 localhost kernel: [    0.007047] ACPI: INT_SRC_OVR (bus 0 bus_irq 5 global_irq 5 high level)
Feb  4 15:13:27 localhost kernel: [    0.007049] ACPI: INT_SRC_OVR (bus 0 bus_irq 9 global_irq 9 high level)
Feb  4 15:13:27 localhost kernel: [    0.007050] ACPI: INT_SRC_OVR (bus 0 bus_irq 10 global_irq 10 high level)
Feb  4 15:13:27 localhost kernel: [    0.007051] ACPI: INT_SRC_OVR (bus 0 bus_irq 11 global_irq 11 high level)
Feb  4 15:13:27 localhost kernel: [    0.007054] ACPI: Using ACPI (MADT) for SMP configuration information
Feb  4 15:13:27 localhost kernel: [    0.007055] ACPI: HPET id: 0x8086a201 base: 0xfed00000
Feb  4 15:13:27 localhost kernel: [    0.007058] TSC deadline timer available
Feb  4 15:13:27 localhost kernel: [    0.007062] smpboot: Allowing 1 CPUs, 0 hotplug CPUs
Feb  4 15:13:27 localhost kernel: [    0.007088] PM: hibernation: Registered nosave memory: [mem 0x00000000-0x00000fff]
Feb  4 15:13:27 localhost kernel: [    0.007090] PM: hibernation: Registered nosave memory: [mem 0x0009f000-0x0009ffff]
Feb  4 15:13:27 localhost kernel: [    0.007092] PM: hibernation: Registered nosave memory: [mem 0x000a0000-0x000effff]
Feb  4 15:13:27 localhost kernel: [    0.007093] PM: hibernation: Registered nosave memory: [mem 0x000f0000-0x000fffff]
Feb  4 15:13:27 localhost kernel: [    0.007094] [mem 0x40000000-0xafffffff] available for PCI devices
Feb  4 15:13:27 localhost kernel: [    0.007095] Booting paravirtualized kernel on KVM
Feb  4 15:13:27 localhost kernel: [    0.007097] clocksource: refined-jiffies: mask: 0xffffffff max_cycles: 0xffffffff, max_idle_ns: 7645519600211568 ns
Feb  4 15:13:27 localhost kernel: [    0.007108] setup_percpu: NR_CPUS:8192 nr_cpumask_bits:1 nr_cpu_ids:1 nr_node_ids:1
Feb  4 15:13:27 localhost kernel: [    0.007243] percpu: Embedded 62 pages/cpu s217088 r8192 d28672 u2097152
Feb  4 15:13:27 localhost kernel: [    0.007248] pcpu-alloc: s217088 r8192 d28672 u2097152 alloc=1*2097152
Feb  4 15:13:27 localhost kernel: [    0.007250] pcpu-alloc: [0] 0 
Feb  4 15:13:27 localhost kernel: [    0.007276] kvm-guest: setup async PF for cpu 0
Feb  4 15:13:27 localhost kernel: [    0.007282] kvm-guest: stealtime: cpu 0, msr 3ec34080
Feb  4 15:13:27 localhost kernel: [    0.007286] kvm-guest: PV spinlocks disabled, single CPU
Feb  4 15:13:27 localhost kernel: [    0.007290] Built 1 zonelists, mobility grouping on.  Total pages: 257754
Feb  4 15:13:27 localhost kernel: [    0.007292] Policy zone: DMA32
Feb  4 15:13:27 localhost kernel: [    0.007293] Kernel command line: BOOT_IMAGE=/boot/vmlinuz-5.15.0-130-generic root=UUID=c4b52a3f-818a-c891-ac4a-b949bf511e72 ro console=ttyS0,19200n8 net.ifnames=0
Feb  4 15:13:27 localhost kernel: [    0.007382] Unknown kernel command line parameters "BOOT_IMAGE=/boot/vmlinuz-5.15.0-130-generic", will be passed to user space.
Feb  4 15:13:27 localhost kernel: [    0.007447] Dentry cache hash table entries: 131072 (order: 8, 1048576 bytes, linear)
Feb  4 15:13:27 localhost kernel: [    0.007482] Inode-cache hash table entries: 65536 (order: 7, 524288 bytes, linear)
Feb  4 15:13:27 localhost kernel: [    0.007503] mem auto-init: stack:off, heap alloc:on, heap free:off
Feb  4 15:13:27 localhost kernel: [    0.009661] Memory: 869056K/1048032K available (16392K kernel code, 4397K rwdata, 10972K rodata, 3372K init, 18696K bss, 178716K reserved, 0K cma-reserved)
Feb  4 15:13:27 localhost kernel: [    0.010406] SLUB: HWalign=64, Order=0-3, MinObjects=0, CPUs=1, Nodes=1
Feb  4 15:13:27 localhost kernel: [    0.010491] ftrace: allocating 50800 entries in 199 pages
Feb  4 15:13:27 localhost kernel: [    0.036268] ftrace: allocated 199 pages with 5 groups
Feb  4 15:13:27 localhost kernel: [    0.036636] rcu: Hierarchical RCU implementation.
Feb  4 15:13:27 localhost kernel: [    0.036638] rcu: 	RCU restricting CPUs from NR_CPUS=8192 to nr_cpu_ids=1.
Feb  4 15:13:27 localhost kernel: [    0.036639] 	Rude variant of Tasks RCU enabled.
Feb  4 15:13:27 localhost kernel: [    0.036640] 	Tracing variant of Tasks RCU enabled.
Feb  4 15:13:27 localhost kernel: [    0.036641] rcu: RCU calculated value of scheduler-enlistment delay is 25 jiffies.
Feb  4 15:13:27 localhost kernel: [    0.036643] rcu: Adjusting geometry for rcu_fanout_leaf=16, nr_cpu_ids=1
Feb  4 15:13:27 localhost kernel: [    0.041140] NR_IRQS: 524544, nr_irqs: 256, preallocated irqs: 16
Feb  4 15:13:27 localhost kernel: [    0.041350] random: crng init done
Feb  4 15:13:27 localhost kernel: [    0.060568] Console: colour VGA+ 80x25
Feb  4 15:13:27 localhost kernel: [    0.190984] printk: console [ttyS0] enabled
Feb  4 15:13:27 localhost kernel: [    0.191780] ACPI: Core revision 20210730
Feb  4 15:13:27 localhost kernel: [    0.192684] clocksource: hpet: mask: 0xffffffff max_cycles: 0xffffffff, max_idle_ns: 19112604467 ns
Feb  4 15:13:27 localhost kernel: [    0.194490] APIC: Switch to symmetric I/O mode setup
Feb  4 15:13:27 localhost kernel: [    0.195659] x2apic enabled
Feb  4 15:13:27 localhost kernel: [    0.196453] Switched APIC routing to physical x2apic.
Feb  4 15:13:27 localhost kernel: [    0.199302] ..TIMER: vector=0x30 apic1=0 pin1=2 apic2=-1 pin2=-1
Feb  4 15:13:27 localhost kernel: [    0.200419] clocksource: tsc-early: mask: 0xffffffffffffffff max_cycles: 0x39a8595ce59, max_idle_ns: 881590778713 ns
Feb  4 15:13:27 localhost kernel: [    0.202308] Calibrating delay loop (skipped) preset value.. 3999.99 BogoMIPS (lpj=7999992)
Feb  4 15:13:27 localhost kernel: [    0.206396] x86/cpu: User Mode Instruction Prevention (UMIP) activated
Feb  4 15:13:27 localhost kernel: [    0.207657] Last level iTLB entries: 4KB 512, 2MB 255, 4MB 127
Feb  4 15:13:27 localhost kernel: [    0.208715] Last level dTLB entries: 4KB 512, 2MB 255, 4MB 127, 1GB 0
Feb  4 15:13:27 localhost kernel: [    0.210313] Spectre V1 : Mitigation: usercopy/swapgs barriers and __user pointer sanitization
Feb  4 15:13:27 localhost kernel: [    0.211830] Spectre V2 : Mitigation: Retpolines
Feb  4 15:13:27 localhost kernel: [    0.212643] Spectre V2 : Spectre v2 / SpectreRSB mitigation: Filling RSB on context switch
Feb  4 15:13:27 localhost kernel: [    0.214307] Spectre V2 : Spectre v2 / SpectreRSB : Filling RSB on VMEXIT
Feb  4 15:13:27 localhost kernel: [    0.215502] Spectre V2 : Enabling Restricted Speculation for firmware calls
Feb  4 15:13:27 localhost kernel: [    0.216741] Spectre V2 : mitigation: Enabling conditional Indirect Branch Prediction Barrier
Feb  4 15:13:27 localhost kernel: [    0.218307] Speculative Store Bypass: Mitigation: Speculative Store Bypass disabled via prctl and seccomp
Feb  4 15:13:27 localhost kernel: [    0.220019] Speculative Return Stack Overflow: IBPB-extending microcode not applied!
Feb  4 15:13:27 localhost kernel: [    0.221394] Speculative Return Stack Overflow: WARNING: See https://kernel.org/doc/html/latest/admin-guide/hw-vuln/srso.html for mitigation options.
Feb  4 15:13:27 localhost kernel: [    0.221395] Speculative Return Stack Overflow: Mitigation: safe RET, no microcode
Feb  4 15:13:27 localhost kernel: [    0.223699] x86/fpu: Supporting XSAVE feature 0x001: 'x87 floating point registers'
Feb  4 15:13:27 localhost kernel: [    0.226306] x86/fpu: Supporting XSAVE feature 0x002: 'SSE registers'
Feb  4 15:13:27 localhost kernel: [    0.227423] x86/fpu: Supporting XSAVE feature 0x004: 'AVX registers'
Feb  4 15:13:27 localhost kernel: [    0.228558] x86/fpu: Supporting XSAVE feature 0x200: 'Protection Keys User registers'
Feb  4 15:13:27 localhost kernel: [    0.230311] x86/fpu: xstate_offset[2]:  576, xstate_sizes[2]:  256
Feb  4 15:13:27 localhost kernel: [    0.231407] x86/fpu: xstate_offset[9]:  832, xstate_sizes[9]:    8
Feb  4 15:13:27 localhost kernel: [    0.232503] x86/fpu: Enabled xstate features 0x207, context size is 840 bytes, using 'compacted' format.
Feb  4 15:13:27 localhost kernel: [    0.267668] Freeing SMP alternatives memory: 44K
Feb  4 15:13:27 localhost kernel: [    0.268508] pid_max: default: 32768 minimum: 301
Feb  4 15:13:27 localhost kernel: [    0.269356] LSM: Security Framework initializing
Feb  4 15:13:27 localhost kernel: [    0.270199] landlock: Up and running.
Feb  4 15:13:27 localhost kernel: [    0.270307] Yama: becoming mindful.
Feb  4 15:13:27 localhost kernel: [    0.271001] AppArmor: AppArmor initialized
Feb  4 15:13:27 localhost kernel: [    0.271785] Mount-cache hash table entries: 2048 (order: 2, 16384 bytes, linear)
Feb  4 15:13:27 localhost kernel: [    0.273107] Mountpoint-cache hash table entries: 2048 (order: 2, 16384 bytes, linear)
Feb  4 15:13:27 localhost kernel: [    0.274847] smpboot: CPU0: AMD EPYC 7713 64-Core Processor (family: 0x19, model: 0x1, stepping: 0x1)
Feb  4 15:13:27 localhost kernel: [    0.276773] Performance Events: Fam17h+ core perfctr, AMD PMU driver.
Feb  4 15:13:27 localhost kernel: [    0.277959] ... version:                0
Feb  4 15:13:27 localhost kernel: [    0.278305] ... bit width:              48
Feb  4 15:13:27 localhost kernel: [    0.278310] ... generic registers:      6
Feb  4 15:13:27 localhost kernel: [    0.279027] ... value mask:             0000ffffffffffff
Feb  4 15:13:27 localhost kernel: [    0.279971] ... max period:             00007fffffffffff
Feb  4 15:13:27 localhost kernel: [    0.280913] ... fixed-purpose events:   0
Feb  4 15:13:27 localhost kernel: [    0.281627] ... event mask:             000000000000003f
Feb  4 15:13:27 localhost kernel: [    0.282368] signal: max sigframe size: 3376
Feb  4 15:13:27 localhost kernel: [    0.283201] rcu: Hierarchical SRCU implementation.
Feb  4 15:13:27 localhost kernel: [    0.284738] smp: Bringing up secondary CPUs ...
Feb  4 15:13:27 localhost kernel: [    0.285555] smp: Brought up 1 node, 1 CPU
Feb  4 15:13:27 localhost kernel: [    0.286271] smpboot: Max logical packages: 1
Feb  4 15:13:27 localhost kernel: [    0.286312] smpboot: Total of 1 processors activated (3999.99 BogoMIPS)
Feb  4 15:13:27 localhost kernel: [    0.287732] devtmpfs: initialized
Feb  4 15:13:27 localhost kernel: [    0.288409] x86/mm: Memory block size: 128MB
Feb  4 15:13:27 localhost kernel: [    0.289627] clocksource: jiffies: mask: 0xffffffff max_cycles: 0xffffffff, max_idle_ns: 7645041785100000 ns
Feb  4 15:13:27 localhost kernel: [    0.290325] futex hash table entries: 256 (order: 2, 16384 bytes, linear)
Feb  4 15:13:27 localhost kernel: [    0.291586] pinctrl core: initialized pinctrl subsystem
Feb  4 15:13:27 localhost kernel: [    0.292721] PM: RTC time: 15:13:12, date: 2025-02-04
Feb  4 15:13:27 localhost kernel: [    0.293800] NET: Registered PF_NETLINK/PF_ROUTE protocol family
Feb  4 15:13:27 localhost kernel: [    0.294561] DMA: preallocated 128 KiB GFP_KERNEL pool for atomic allocations
Feb  4 15:13:27 localhost kernel: [    0.295923] DMA: preallocated 128 KiB GFP_KERNEL|GFP_DMA pool for atomic allocations
Feb  4 15:13:27 localhost kernel: [    0.297385] DMA: preallocated 128 KiB GFP_KERNEL|GFP_DMA32 pool for atomic allocations
Feb  4 15:13:27 localhost kernel: [    0.298319] audit: initializing netlink subsys (disabled)
Feb  4 15:13:27 localhost kernel: [    0.299548] thermal_sys: Registered thermal governor 'fair_share'
Feb  4 15:13:27 localhost kernel: [    0.299550] thermal_sys: Registered thermal governor 'bang_bang'
Feb  4 15:13:27 localhost kernel: [    0.300637] thermal_sys: Registered thermal governor 'step_wise'
Feb  4 15:13:27 localhost kernel: [    0.301700] thermal_sys: Registered thermal governor 'user_space'
Feb  4 15:13:27 localhost kernel: [    0.302310] thermal_sys: Registered thermal governor 'power_allocator'
Feb  4 15:13:27 localhost kernel: [    0.303398] EISA bus registered
Feb  4 15:13:27 localhost kernel: [    0.305129] cpuidle: using governor ladder
Feb  4 15:13:27 localhost kernel: [    0.305861] cpuidle: using governor menu
Feb  4 15:13:27 localhost kernel: [    0.306312] audit: type=2000 audit(1738681992.833:1): state=initialized audit_enabled=0 res=1
Feb  4 15:13:27 localhost kernel: [    0.308650] ACPI: bus type PCI registered
Feb  4 15:13:27 localhost kernel: [    0.309372] acpiphp: ACPI Hot Plug PCI Controller Driver version: 0.5
Feb  4 15:13:27 localhost kernel: [    0.310510] PCI: MMCONFIG for domain 0000 [bus 00-ff] at [mem 0xb0000000-0xbfffffff] (base 0xb0000000)
Feb  4 15:13:27 localhost kernel: [    0.312183] PCI: MMCONFIG at [mem 0xb0000000-0xbfffffff] reserved in E820
Feb  4 15:13:27 localhost kernel: [    0.313402] PCI: Using configuration type 1 for base access
Feb  4 15:13:27 localhost kernel: [    0.316819] kprobes: kprobe jump-optimization is enabled. All kprobes are optimized if possible.
Feb  4 15:13:27 localhost kernel: [    0.318515] HugeTLB registered 1.00 GiB page size, pre-allocated 0 pages
Feb  4 15:13:27 localhost kernel: [    0.319768] HugeTLB registered 2.00 MiB page size, pre-allocated 0 pages
Feb  4 15:13:27 localhost kernel: [    0.322636] ACPI: Added _OSI(Module Device)
Feb  4 15:13:27 localhost kernel: [    0.323419] ACPI: Added _OSI(Processor Device)
Feb  4 15:13:27 localhost kernel: [    0.324210] ACPI: Added _OSI(3.0 _SCP Extensions)
Feb  4 15:13:27 localhost kernel: [    0.325046] ACPI: Added _OSI(Processor Aggregator Device)
Feb  4 15:13:27 localhost kernel: [    0.326002] ACPI: Added _OSI(Linux-Dell-Video)
Feb  4 15:13:27 localhost kernel: [    0.326369] ACPI: Added _OSI(Linux-Lenovo-NV-HDMI-Audio)
Feb  4 15:13:27 localhost kernel: [    0.327316] ACPI: Added _OSI(Linux-HPI-Hybrid-Graphics)
Feb  4 15:13:27 localhost kernel: [    0.331821] ACPI: 1 ACPI AML tables successfully acquired and loaded
Feb  4 15:13:27 localhost kernel: [    0.334657] ACPI: Interpreter enabled
Feb  4 15:13:27 localhost kernel: [    0.335339] ACPI: PM: (supports S0 S3 S4 S5)
Feb  4 15:13:27 localhost kernel: [    0.336102] ACPI: Using IOAPIC for interrupt routing
Feb  4 15:13:27 localhost kernel: [    0.337013] PCI: Using host bridge windows from ACPI; if necessary, use "pci=nocrs" and report a bug
Feb  4 15:13:27 localhost kernel: [    0.338310] PCI: Using E820 reservations for host bridge windows
Feb  4 15:13:27 localhost kernel: [    0.339549] ACPI: Enabled 2 GPEs in block 00 to 3F
Feb  4 15:13:27 localhost kernel: [    0.344081] ACPI: PCI Root Bridge [PCI0] (domain 0000 [bus 00-ff])
Feb  4 15:13:27 localhost kernel: [    0.345194] acpi PNP0A08:00: _OSC: OS supports [ExtendedConfig ASPM ClockPM Segments MSI EDR HPX-Type3]
Feb  4 15:13:27 localhost kernel: [    0.346517] acpi PNP0A08:00: _OSC: platform does not support [PCIeHotplug LTR DPC]
Feb  4 15:13:27 localhost kernel: [    0.348041] acpi PNP0A08:00: _OSC: OS now controls [SHPCHotplug PME AER PCIeCapability]
Feb  4 15:13:27 localhost kernel: [    0.349700] PCI host bridge to bus 0000:00
Feb  4 15:13:27 localhost kernel: [    0.350311] pci_bus 0000:00: root bus resource [bus 00-ff]
Feb  4 15:13:27 localhost kernel: [    0.351294] pci_bus 0000:00: root bus resource [io  0x0000-0x0cf7 window]
Feb  4 15:13:27 localhost kernel: [    0.352497] pci_bus 0000:00: root bus resource [io  0x0d00-0xffff window]
Feb  4 15:13:27 localhost kernel: [    0.353698] pci_bus 0000:00: root bus resource [mem 0x000a0000-0x000bffff window]
Feb  4 15:13:27 localhost kernel: [    0.354309] pci_bus 0000:00: root bus resource [mem 0x40000000-0xafffffff window]
Feb  4 15:13:27 localhost kernel: [    0.355632] pci_bus 0000:00: root bus resource [mem 0xc0000000-0xfebfffff window]
Feb  4 15:13:27 localhost kernel: [    0.356952] pci_bus 0000:00: root bus resource [mem 0x100000000-0x8ffffffff window]
Feb  4 15:13:27 localhost kernel: [    0.358408] pci 0000:00:00.0: [8086:29c0] type 00 class 0x060000
Feb  4 15:13:27 localhost kernel: [    0.360367] pci 0000:00:01.0: [1234:1111] type 00 class 0x030000
Feb  4 15:13:27 localhost kernel: [    0.362940] pci 0000:00:01.0: reg 0x10: [mem 0xfd000000-0xfdffffff pref]
Feb  4 15:13:27 localhost kernel: [    0.366796] pci 0000:00:01.0: reg 0x18: [mem 0xfebd0000-0xfebd0fff]
Feb  4 15:13:27 localhost kernel: [    0.372166] pci 0000:00:01.0: reg 0x30: [mem 0xfebc0000-0xfebcffff pref]
Feb  4 15:13:27 localhost kernel: [    0.373465] pci 0000:00:01.0: Video device with shadowed ROM at [mem 0x000c0000-0x000dffff]
Feb  4 15:13:27 localhost kernel: [    0.375057] pci 0000:00:02.0: [1af4:1004] type 00 class 0x010000
Feb  4 15:13:27 localhost kernel: [    0.378311] pci 0000:00:02.0: reg 0x10: [io  0xc000-0xc03f]
Feb  4 15:13:27 localhost kernel: [    0.380793] pci 0000:00:02.0: reg 0x14: [mem 0xfebd1000-0xfebd1fff]
Feb  4 15:13:27 localhost kernel: [    0.387449] pci 0000:00:02.0: reg 0x20: [mem 0xfe000000-0xfe003fff 64bit pref]
Feb  4 15:13:27 localhost kernel: [    0.391362] pci 0000:00:03.0: [1af4:1004] type 00 class 0x010000
Feb  4 15:13:27 localhost kernel: [    0.393958] pci 0000:00:03.0: reg 0x10: [io  0xc040-0xc07f]
Feb  4 15:13:27 localhost kernel: [    0.395765] pci 0000:00:03.0: reg 0x14: [mem 0xfebd2000-0xfebd2fff]
Feb  4 15:13:27 localhost kernel: [    0.401811] pci 0000:00:03.0: reg 0x20: [mem 0xfe004000-0xfe007fff 64bit pref]
Feb  4 15:13:27 localhost kernel: [    0.404911] pci 0000:00:04.0: [1af4:1000] type 00 class 0x020000
Feb  4 15:13:27 localhost kernel: [    0.407336] pci 0000:00:04.0: reg 0x10: [io  0xc080-0xc0bf]
Feb  4 15:13:27 localhost kernel: [    0.409245] pci 0000:00:04.0: reg 0x14: [mem 0xfebd3000-0xfebd3fff]
Feb  4 15:13:27 localhost kernel: [    0.413395] pci 0000:00:04.0: reg 0x20: [mem 0xfe008000-0xfe00bfff 64bit pref]
Feb  4 15:13:27 localhost kernel: [    0.415697] pci 0000:00:04.0: reg 0x30: [mem 0xfeb80000-0xfebbffff pref]
Feb  4 15:13:27 localhost kernel: [    0.426421] pci 0000:00:1f.0: [8086:2918] type 00 class 0x060100
Feb  4 15:13:27 localhost kernel: [    0.428261] pci 0000:00:1f.0: quirk: [io  0x0600-0x067f] claimed by ICH6 ACPI/GPIO/TCO
Feb  4 15:13:27 localhost kernel: [    0.430521] pci 0000:00:1f.2: [8086:2922] type 00 class 0x010601
Feb  4 15:13:27 localhost kernel: [    0.436996] pci 0000:00:1f.2: reg 0x20: [io  0xc100-0xc11f]
Feb  4 15:13:27 localhost kernel: [    0.438811] pci 0000:00:1f.2: reg 0x24: [mem 0xfebd4000-0xfebd4fff]
Feb  4 15:13:27 localhost kernel: [    0.441399] pci 0000:00:1f.3: [8086:2930] type 00 class 0x0c0500
Feb  4 15:13:27 localhost kernel: [    0.444404] pci 0000:00:1f.3: reg 0x20: [io  0x0700-0x073f]
Feb  4 15:13:27 localhost kernel: [    0.447151] ACPI: PCI: Interrupt link LNKA configured for IRQ 10
Feb  4 15:13:27 localhost kernel: [    0.448374] ACPI: PCI: Interrupt link LNKB configured for IRQ 10
Feb  4 15:13:27 localhost kernel: [    0.449588] ACPI: PCI: Interrupt link LNKC configured for IRQ 11
Feb  4 15:13:27 localhost kernel: [    0.450458] ACPI: PCI: Interrupt link LNKD configured for IRQ 11
Feb  4 15:13:27 localhost kernel: [    0.452764] ACPI: PCI: Interrupt link LNKE configured for IRQ 10
Feb  4 15:13:27 localhost kernel: [    0.454063] ACPI: PCI: Interrupt link LNKF configured for IRQ 10
Feb  4 15:13:27 localhost kernel: [    0.454647] ACPI: PCI: Interrupt link LNKG configured for IRQ 11
Feb  4 15:13:27 localhost kernel: [    0.455920] ACPI: PCI: Interrupt link LNKH configured for IRQ 11
Feb  4 15:13:27 localhost kernel: [    0.457083] ACPI: PCI: Interrupt link GSIA configured for IRQ 16
Feb  4 15:13:27 localhost kernel: [    0.458332] ACPI: PCI: Interrupt link GSIB configured for IRQ 17
Feb  4 15:13:27 localhost kernel: [    0.459633] ACPI: PCI: Interrupt link GSIC configured for IRQ 18
Feb  4 15:13:27 localhost kernel: [    0.460890] ACPI: PCI: Interrupt link GSID configured for IRQ 19
Feb  4 15:13:27 localhost kernel: [    0.461972] ACPI: PCI: Interrupt link GSIE configured for IRQ 20
Feb  4 15:13:27 localhost kernel: [    0.462501] ACPI: PCI: Interrupt link GSIF configured for IRQ 21
Feb  4 15:13:27 localhost kernel: [    0.463598] ACPI: PCI: Interrupt link GSIG configured for IRQ 22
Feb  4 15:13:27 localhost kernel: [    0.464681] ACPI: PCI: Interrupt link GSIH configured for IRQ 23
Feb  4 15:13:27 localhost kernel: [    0.466305] iommu: Default domain type: Translated 
Feb  4 15:13:27 localhost kernel: [    0.466310] iommu: DMA domain TLB invalidation policy: lazy mode 
Feb  4 15:13:27 localhost kernel: [    0.467703] SCSI subsystem initialized
Feb  4 15:13:27 localhost kernel: [    0.468615] libata version 3.00 loaded.
Feb  4 15:13:27 localhost kernel: [    0.468686] pci 0000:00:01.0: vgaarb: setting as boot VGA device
Feb  4 15:13:27 localhost kernel: [    0.469750] pci 0000:00:01.0: vgaarb: VGA device added: decodes=io+mem,owns=io+mem,locks=none
Feb  4 15:13:27 localhost kernel: [    0.470311] pci 0000:00:01.0: vgaarb: bridge control possible
Feb  4 15:13:27 localhost kernel: [    0.471530] vgaarb: loaded
Feb  4 15:13:27 localhost kernel: [    0.472077] ACPI: bus type USB registered
Feb  4 15:13:27 localhost kernel: [    0.473005] usbcore: registered new interface driver usbfs
Feb  4 15:13:27 localhost kernel: [    0.473985] usbcore: registered new interface driver hub
Feb  4 15:13:27 localhost kernel: [    0.474331] usbcore: registered new device driver usb
Feb  4 15:13:27 localhost kernel: [    0.475397] pps_core: LinuxPPS API ver. 1 registered
Feb  4 15:13:27 localhost kernel: [    0.476281] pps_core: Software ver. 5.3.6 - Copyright 2005-2007 Rodolfo Giometti <giometti@linux.it>
Feb  4 15:13:27 localhost kernel: [    0.478267] PTP clock support registered
Feb  4 15:13:27 localhost kernel: [    0.478369] EDAC MC: Ver: 3.0.0
Feb  4 15:13:27 localhost kernel: [    0.479681] NetLabel: Initializing
Feb  4 15:13:27 localhost kernel: [    0.480488] NetLabel:  domain hash size = 128
Feb  4 15:13:27 localhost kernel: [    0.481445] NetLabel:  protocols = UNLABELED CIPSOv4 CALIPSO
Feb  4 15:13:27 localhost kernel: [    0.482331] NetLabel:  unlabeled traffic allowed by default
Feb  4 15:13:27 localhost kernel: [    0.483372] PCI: Using ACPI for IRQ routing
Feb  4 15:13:27 localhost kernel: [    0.626891] PCI: pci_cache_line_size set to 64 bytes
Feb  4 15:13:27 localhost kernel: [    0.627258] e820: reserve RAM buffer [mem 0x0009fc00-0x0009ffff]
Feb  4 15:13:27 localhost kernel: [    0.627262] e820: reserve RAM buffer [mem 0x3ffda000-0x3fffffff]
Feb  4 15:13:27 localhost kernel: [    0.627527] hpet0: at MMIO 0xfed00000, IRQs 2, 8, 0
Feb  4 15:13:27 localhost kernel: [    0.628423] hpet0: 3 comparators, 64-bit 100.000000 MHz counter
Feb  4 15:13:27 localhost kernel: [    0.633483] clocksource: Switched to clocksource kvm-clock
Feb  4 15:13:27 localhost kernel: [    0.656440] VFS: Disk quotas dquot_6.6.0
Feb  4 15:13:27 localhost kernel: [    0.657199] VFS: Dquot-cache hash table entries: 512 (order 0, 4096 bytes)
Feb  4 15:13:27 localhost kernel: [    0.658621] AppArmor: AppArmor Filesystem Enabled
Feb  4 15:13:27 localhost kernel: [    0.659490] pnp: PnP ACPI init
Feb  4 15:13:27 localhost kernel: [    0.660281] system 00:04: [mem 0xb0000000-0xbfffffff window] has been reserved
Feb  4 15:13:27 localhost kernel: [    0.667470] pnp: PnP ACPI: found 5 devices
Feb  4 15:13:27 localhost kernel: [    0.674609] clocksource: acpi_pm: mask: 0xffffff max_cycles: 0xffffff, max_idle_ns: 2085701024 ns
Feb  4 15:13:27 localhost kernel: [    0.676245] NET: Registered PF_INET protocol family
Feb  4 15:13:27 localhost kernel: [    0.677246] IP idents hash table entries: 16384 (order: 5, 131072 bytes, linear)
Feb  4 15:13:27 localhost kernel: [    0.682300] tcp_listen_portaddr_hash hash table entries: 512 (order: 1, 8192 bytes, linear)
Feb  4 15:13:27 localhost kernel: [    0.684163] Table-perturb hash table entries: 65536 (order: 6, 262144 bytes, linear)
Feb  4 15:13:27 localhost kernel: [    0.685808] TCP established hash table entries: 8192 (order: 4, 65536 bytes, linear)
Feb  4 15:13:27 localhost kernel: [    0.687257] TCP bind hash table entries: 8192 (order: 5, 131072 bytes, linear)
Feb  4 15:13:27 localhost kernel: [    0.688729] TCP: Hash tables configured (established 8192 bind 8192)
Feb  4 15:13:27 localhost kernel: [    0.690375] MPTCP token hash table entries: 1024 (order: 2, 24576 bytes, linear)
Feb  4 15:13:27 localhost kernel: [    0.691917] UDP hash table entries: 512 (order: 2, 16384 bytes, linear)
Feb  4 15:13:27 localhost kernel: [    0.693099] UDP-Lite hash table entries: 512 (order: 2, 16384 bytes, linear)
Feb  4 15:13:27 localhost kernel: [    0.694572] NET: Registered PF_UNIX/PF_LOCAL protocol family
Feb  4 15:13:27 localhost kernel: [    0.695753] NET: Registered PF_XDP protocol family
Feb  4 15:13:27 localhost kernel: [    0.696617] pci_bus 0000:00: resource 4 [io  0x0000-0x0cf7 window]
Feb  4 15:13:27 localhost kernel: [    0.697916] pci_bus 0000:00: resource 5 [io  0x0d00-0xffff window]
Feb  4 15:13:27 localhost kernel: [    0.698997] pci_bus 0000:00: resource 6 [mem 0x000a0000-0x000bffff window]
Feb  4 15:13:27 localhost kernel: [    0.700196] pci_bus 0000:00: resource 7 [mem 0x40000000-0xafffffff window]
Feb  4 15:13:27 localhost kernel: [    0.701461] pci_bus 0000:00: resource 8 [mem 0xc0000000-0xfebfffff window]
Feb  4 15:13:27 localhost kernel: [    0.702601] pci_bus 0000:00: resource 9 [mem 0x100000000-0x8ffffffff window]
Feb  4 15:13:27 localhost kernel: [    0.703956] PCI: CLS 0 bytes, default 64
Feb  4 15:13:27 localhost kernel: [    0.704743] Trying to unpack rootfs image as initramfs...
Feb  4 15:13:27 localhost kernel: [    0.709054] clocksource: tsc: mask: 0xffffffffffffffff max_cycles: 0x39a8595ce59, max_idle_ns: 881590778713 ns
Feb  4 15:13:27 localhost kernel: [    0.713395] Initialise system trusted keyrings
Feb  4 15:13:27 localhost kernel: [    0.714198] Key type blacklist registered
Feb  4 15:13:27 localhost kernel: [    0.717017] workingset: timestamp_bits=36 max_order=18 bucket_order=0
Feb  4 15:13:27 localhost kernel: [    0.720921] zbud: loaded
Feb  4 15:13:27 localhost kernel: [    0.729576] squashfs: version 4.0 (2009/01/31) Phillip Lougher
Feb  4 15:13:27 localhost kernel: [    0.731025] fuse: init (API version 7.34)
Feb  4 15:13:27 localhost kernel: [    0.732165] integrity: Platform Keyring initialized
Feb  4 15:13:27 localhost kernel: [    0.745000] Key type asymmetric registered
Feb  4 15:13:27 localhost kernel: [    0.745942] Asymmetric key parser 'x509' registered
Feb  4 15:13:27 localhost kernel: [    0.746827] Block layer SCSI generic (bsg) driver version 0.4 loaded (major 243)
Feb  4 15:13:27 localhost kernel: [    0.748371] io scheduler mq-deadline registered
Feb  4 15:13:27 localhost kernel: [    0.749430] shpchp: Standard Hot Plug PCI Controller Driver version: 0.4
Feb  4 15:13:27 localhost kernel: [    0.750960] input: Power Button as /devices/LNXSYSTM:00/LNXPWRBN:00/input/input0
Feb  4 15:13:27 localhost kernel: [    0.757046] ACPI: button: Power Button [PWRF]
Feb  4 15:13:27 localhost kernel: [    0.761916] ACPI: \_SB_.GSIG: Enabled at IRQ 22
Feb  4 15:13:27 localhost kernel: [    0.764857] ACPI: \_SB_.GSIH: Enabled at IRQ 23
Feb  4 15:13:27 localhost kernel: [    0.770893] ACPI: \_SB_.GSIE: Enabled at IRQ 20
Feb  4 15:13:27 localhost kernel: [    0.777118] Serial: 8250/16550 driver, 32 ports, IRQ sharing enabled
Feb  4 15:13:27 localhost kernel: [    0.829259] 00:02: ttyS0 at I/O 0x3f8 (irq = 4, base_baud = 115200) is a 16550A
Feb  4 15:13:27 localhost kernel: [    0.838589] Linux agpgart interface v0.103
Feb  4 15:13:27 localhost kernel: [    0.845363] loop: module loaded
Feb  4 15:13:27 localhost kernel: [    0.846445] tun: Universal TUN/TAP device driver, 1.6
Feb  4 15:13:27 localhost kernel: [    0.847557] PPP generic driver version 2.4.2
Feb  4 15:13:27 localhost kernel: [    0.848560] VFIO - User Level meta-driver version: 0.3
Feb  4 15:13:27 localhost kernel: [    0.853120] ehci_hcd: USB 2.0 'Enhanced' Host Controller (EHCI) Driver
Feb  4 15:13:27 localhost kernel: [    0.854476] ehci-pci: EHCI PCI platform driver
Feb  4 15:13:27 localhost kernel: [    0.855273] ehci-platform: EHCI generic platform driver
Feb  4 15:13:27 localhost kernel: [    0.856195] ohci_hcd: USB 1.1 'Open' Host Controller (OHCI) Driver
Feb  4 15:13:27 localhost kernel: [    0.860990] ohci-pci: OHCI PCI platform driver
Feb  4 15:13:27 localhost kernel: [    0.861792] ohci-platform: OHCI generic platform driver
Feb  4 15:13:27 localhost kernel: [    0.862907] uhci_hcd: USB Universal Host Controller Interface driver
Feb  4 15:13:27 localhost kernel: [    0.864113] i8042: PNP: PS/2 Controller [PNP0303:KBD,PNP0f13:MOU] at 0x60,0x64 irq 1,12
Feb  4 15:13:27 localhost kernel: [    0.874017] serio: i8042 KBD port at 0x60,0x64 irq 1
Feb  4 15:13:27 localhost kernel: [    0.874912] serio: i8042 AUX port at 0x60,0x64 irq 12
Feb  4 15:13:27 localhost kernel: [    0.876015] mousedev: PS/2 mouse device common for all mice
Feb  4 15:13:27 localhost kernel: [    0.877575] input: AT Translated Set 2 keyboard as /devices/platform/i8042/serio0/input/input1
Feb  4 15:13:27 localhost kernel: [    0.879556] rtc_cmos 00:03: RTC can wake from S4
Feb  4 15:13:27 localhost kernel: [    0.885425] rtc_cmos 00:03: registered as rtc0
Feb  4 15:13:27 localhost kernel: [    0.886313] rtc_cmos 00:03: setting system clock to 2025-02-04T15:13:13 UTC (1738681993)
Feb  4 15:13:27 localhost kernel: [    0.887810] rtc_cmos 00:03: alarms up to one day, y3k, 242 bytes nvram, hpet irqs
Feb  4 15:13:27 localhost kernel: [    0.893042] i2c_dev: i2c /dev entries driver
Feb  4 15:13:27 localhost kernel: [    0.893836] device-mapper: core: CONFIG_IMA_DISABLE_HTABLE is disabled. Duplicate IMA measurements will not be recorded in the IMA log.
Feb  4 15:13:27 localhost kernel: [    0.895994] device-mapper: uevent: version 1.0.3
Feb  4 15:13:27 localhost kernel: [    0.901068] device-mapper: ioctl: 4.45.0-ioctl (2021-03-22) initialised: dm-devel@redhat.com
Feb  4 15:13:27 localhost kernel: [    0.902767] platform eisa.0: Probing EISA bus 0
Feb  4 15:13:27 localhost kernel: [    0.903561] platform eisa.0: EISA: Cannot allocate resource for mainboard
Feb  4 15:13:27 localhost kernel: [    0.909040] platform eisa.0: Cannot allocate resource for EISA slot 1
Feb  4 15:13:27 localhost kernel: [    0.910174] platform eisa.0: Cannot allocate resource for EISA slot 2
Feb  4 15:13:27 localhost kernel: [    0.911294] platform eisa.0: Cannot allocate resource for EISA slot 3
Feb  4 15:13:27 localhost kernel: [    0.912451] platform eisa.0: Cannot allocate resource for EISA slot 4
Feb  4 15:13:27 localhost kernel: [    0.917031] platform eisa.0: Cannot allocate resource for EISA slot 5
Feb  4 15:13:27 localhost kernel: [    0.918166] platform eisa.0: Cannot allocate resource for EISA slot 6
Feb  4 15:13:27 localhost kernel: [    0.919288] platform eisa.0: Cannot allocate resource for EISA slot 7
Feb  4 15:13:27 localhost kernel: [    0.920410] platform eisa.0: Cannot allocate resource for EISA slot 8
Feb  4 15:13:27 localhost kernel: [    0.921543] platform eisa.0: EISA: Detected 0 cards
Feb  4 15:13:27 localhost kernel: [    0.929165] ledtrig-cpu: registered to indicate activity on CPUs
Feb  4 15:13:27 localhost kernel: [    0.930403] drop_monitor: Initializing network drop monitor service
Feb  4 15:13:27 localhost kernel: [    0.931707] NET: Registered PF_INET6 protocol family
Feb  4 15:13:27 localhost kernel: [    1.379691] Freeing initrd memory: 102284K
Feb  4 15:13:27 localhost kernel: [    1.386457] Segment Routing with IPv6
Feb  4 15:13:27 localhost kernel: [    1.387169] In-situ OAM (IOAM) with IPv6
Feb  4 15:13:27 localhost kernel: [    1.387901] NET: Registered PF_PACKET protocol family
Feb  4 15:13:27 localhost kernel: [    1.388857] Key type dns_resolver registered
Feb  4 15:13:27 localhost kernel: [    1.389847] IPI shorthand broadcast: enabled
Feb  4 15:13:27 localhost kernel: [    1.390635] sched_clock: Marking stable (1232656520, 156973061)->(1420207730, -30578149)
Feb  4 15:13:27 localhost kernel: [    1.392182] registered taskstats version 1
Feb  4 15:13:27 localhost kernel: [    1.393012] Loading compiled-in X.509 certificates
Feb  4 15:13:27 localhost kernel: [    1.394348] Loaded X.509 cert 'Build time autogenerated kernel key: 682c6a7f321ac1add9d343d86a326ef485d32cbe'
Feb  4 15:13:27 localhost kernel: [    1.396531] Loaded X.509 cert 'Canonical Ltd. Live Patch Signing: 14df34d1a87cf37625abec039ef2bf521249b969'
Feb  4 15:13:27 localhost kernel: [    1.398692] Loaded X.509 cert 'Canonical Ltd. Kernel Module Signing: 88f752e560a1e0737e31163a466ad7b70a850c19'
Feb  4 15:13:27 localhost kernel: [    1.400442] blacklist: Loading compiled-in revocation X.509 certificates
Feb  4 15:13:27 localhost kernel: [    1.401679] Loaded X.509 cert 'Canonical Ltd. Secure Boot Signing: 61482aa2830d0ab2ad5af10b7250da9033ddcef0'
Feb  4 15:13:27 localhost kernel: [    1.403433] Loaded X.509 cert 'Canonical Ltd. Secure Boot Signing (2017): 242ade75ac4a15e50d50c84b0d45ff3eae707a03'
Feb  4 15:13:27 localhost kernel: [    1.405301] Loaded X.509 cert 'Canonical Ltd. Secure Boot Signing (ESM 2018): 365188c1d374d6b07c3c8f240f8ef722433d6a8b'
Feb  4 15:13:27 localhost kernel: [    1.407206] Loaded X.509 cert 'Canonical Ltd. Secure Boot Signing (2019): c0746fd6c5da3ae827864651ad66ae47fe24b3e8'
Feb  4 15:13:27 localhost kernel: [    1.409104] Loaded X.509 cert 'Canonical Ltd. Secure Boot Signing (2021 v1): a8d54bbb3825cfb94fa13c9f8a594a195c107b8d'
Feb  4 15:13:27 localhost kernel: [    1.411068] Loaded X.509 cert 'Canonical Ltd. Secure Boot Signing (2021 v2): 4cf046892d6fd3c9a5b03f98d845f90851dc6a8c'
Feb  4 15:13:27 localhost kernel: [    1.413001] Loaded X.509 cert 'Canonical Ltd. Secure Boot Signing (2021 v3): 100437bb6de6e469b581e61cd66bce3ef4ed53af'
Feb  4 15:13:27 localhost kernel: [    1.414896] Loaded X.509 cert 'Canonical Ltd. Secure Boot Signing (Ubuntu Core 2019): c1d57b8f6b743f23ee41f4f7ee292f06eecadfb9'
Feb  4 15:13:27 localhost kernel: [    1.416958] zswap: loaded using pool lzo/zbud
Feb  4 15:13:27 localhost kernel: [    1.417880] Key type .fscrypt registered
Feb  4 15:13:27 localhost kernel: [    1.418585] Key type fscrypt-provisioning registered
Feb  4 15:13:27 localhost kernel: [    1.422214] Key type encrypted registered
Feb  4 15:13:27 localhost kernel: [    1.422947] AppArmor: AppArmor sha1 policy hashing enabled
Feb  4 15:13:27 localhost kernel: [    1.423924] ima: No TPM chip found, activating TPM-bypass!
Feb  4 15:13:27 localhost kernel: [    1.424898] Loading compiled-in module X.509 certificates
Feb  4 15:13:27 localhost kernel: [    1.426340] Loaded X.509 cert 'Build time autogenerated kernel key: 682c6a7f321ac1add9d343d86a326ef485d32cbe'
Feb  4 15:13:27 localhost kernel: [    1.428083] ima: Allocated hash algorithm: sha1
Feb  4 15:13:27 localhost kernel: [    1.428901] ima: No architecture policies found
Feb  4 15:13:27 localhost kernel: [    1.429753] evm: Initialising EVM extended attributes:
Feb  4 15:13:27 localhost kernel: [    1.430663] evm: security.selinux
Feb  4 15:13:27 localhost kernel: [    1.431255] evm: security.SMACK64
Feb  4 15:13:27 localhost kernel: [    1.431846] evm: security.SMACK64EXEC
Feb  4 15:13:27 localhost kernel: [    1.432496] evm: security.SMACK64TRANSMUTE
Feb  4 15:13:27 localhost kernel: [    1.433237] evm: security.SMACK64MMAP
Feb  4 15:13:27 localhost kernel: [    1.433890] evm: security.apparmor
Feb  4 15:13:27 localhost kernel: [    1.434496] evm: security.ima
Feb  4 15:13:27 localhost kernel: [    1.435026] evm: security.capability
Feb  4 15:13:27 localhost kernel: [    1.435672] evm: HMAC attrs: 0x1
Feb  4 15:13:27 localhost kernel: [    1.436591] PM:   Magic number: 13:34:234
Feb  4 15:13:27 localhost kernel: [    1.437527] RAS: Correctable Errors collector initialized.
Feb  4 15:13:27 localhost kernel: [    1.438520] clk: Disabling unused clocks
Feb  4 15:13:27 localhost kernel: [    1.440901] Freeing unused decrypted memory: 2036K
Feb  4 15:13:27 localhost kernel: [    1.442388] Freeing unused kernel image (initmem) memory: 3372K
Feb  4 15:13:27 localhost kernel: [    1.443499] Write protecting the kernel read-only data: 30720k
Feb  4 15:13:27 localhost kernel: [    1.445096] Freeing unused kernel image (text/rodata gap) memory: 2036K
Feb  4 15:13:27 localhost kernel: [    1.446581] Freeing unused kernel image (rodata/data gap) memory: 1316K
Feb  4 15:13:27 localhost kernel: [    1.503675] x86/mm: Checked W+X mappings: passed, no W+X pages found.
Feb  4 15:13:27 localhost kernel: [    1.504814] Run /init as init process
Feb  4 15:13:27 localhost kernel: [    1.505488]   with arguments:
Feb  4 15:13:27 localhost kernel: [    1.505490]     /init
Feb  4 15:13:27 localhost kernel: [    1.505491]   with environment:
Feb  4 15:13:27 localhost kernel: [    1.505492]     HOME=/
Feb  4 15:13:27 localhost kernel: [    1.505493]     TERM=linux
Feb  4 15:13:27 localhost kernel: [    1.505495]     BOOT_IMAGE=/boot/vmlinuz-5.15.0-130-generic
Feb  4 15:13:27 localhost kernel: [    1.653786] lpc_ich 0000:00:1f.0: I/O space for GPIO uninitialized
Feb  4 15:13:27 localhost kernel: [    1.656005] input: VirtualPS/2 VMware VMMouse as /devices/platform/i8042/serio1/input/input4
Feb  4 15:13:27 localhost kernel: [    1.657819] input: VirtualPS/2 VMware VMMouse as /devices/platform/i8042/serio1/input/input3
Feb  4 15:13:27 localhost kernel: [    1.660911] ACPI: \_SB_.GSIA: Enabled at IRQ 16
Feb  4 15:13:27 localhost kernel: [    1.663728] ahci 0000:00:1f.2: version 3.0
Feb  4 15:13:27 localhost kernel: [    1.665006] ahci 0000:00:1f.2: AHCI 0001.0000 32 slots 6 ports 1.5 Gbps 0x3f impl SATA mode
Feb  4 15:13:27 localhost kernel: [    1.666507] ahci 0000:00:1f.2: flags: 64bit ncq only 
Feb  4 15:13:27 localhost kernel: [    1.694206] cryptd: max_cpu_qlen set to 1000
Feb  4 15:13:27 localhost kernel: [    1.699383] i801_smbus 0000:00:1f.3: SMBus using PCI interrupt
Feb  4 15:13:27 localhost kernel: [    1.704319] AVX2 version of gcm_enc/dec engaged.
Feb  4 15:13:27 localhost kernel: [    1.709161] i2c i2c-0: 1/1 memory slots populated (from DMI)
Feb  4 15:13:27 localhost kernel: [    1.710196] i2c i2c-0: Memory type 0x07 not supported yet, not instantiating SPD
Feb  4 15:13:27 localhost kernel: [    1.712343] scsi host0: ahci
Feb  4 15:13:27 localhost kernel: [    1.717012] AES CTR mode by8 optimization enabled
Feb  4 15:13:27 localhost kernel: [    1.721015] scsi host1: ahci
Feb  4 15:13:27 localhost kernel: [    1.729047] scsi host2: ahci
Feb  4 15:13:27 localhost kernel: [    1.732730] scsi host3: Virtio SCSI HBA
Feb  4 15:13:27 localhost kernel: [    1.734507] scsi host4: ahci
Feb  4 15:13:27 localhost kernel: [    1.738135] scsi 3:0:0:0: Direct-Access     QEMU     QEMU HARDDISK    2.5+ PQ: 0 ANSI: 5
Feb  4 15:13:27 localhost kernel: [    1.744437] scsi host5: ahci
Feb  4 15:13:27 localhost kernel: [    1.751576] scsi host7: ahci
Feb  4 15:13:27 localhost kernel: [    1.752588] ata1: SATA max UDMA/133 abar m4096@0xfebd4000 port 0xfebd4100 irq 24
Feb  4 15:13:27 localhost kernel: [    1.753748] ata2: SATA max UDMA/133 abar m4096@0xfebd4000 port 0xfebd4180 irq 24
Feb  4 15:13:27 localhost kernel: [    1.754885] ata3: SATA max UDMA/133 abar m4096@0xfebd4000 port 0xfebd4200 irq 24
Feb  4 15:13:27 localhost kernel: [    1.756155] ata4: SATA max UDMA/133 abar m4096@0xfebd4000 port 0xfebd4280 irq 24
Feb  4 15:13:27 localhost kernel: [    1.757506] ata5: SATA max UDMA/133 abar m4096@0xfebd4000 port 0xfebd4300 irq 24
Feb  4 15:13:27 localhost kernel: [    1.758631] ata6: SATA max UDMA/133 abar m4096@0xfebd4000 port 0xfebd4380 irq 24
Feb  4 15:13:27 localhost kernel: [    1.764119] scsi host6: Virtio SCSI HBA
Feb  4 15:13:27 localhost kernel: [    1.769707] scsi 3:0:0:0: Attached scsi generic sg0 type 0
Feb  4 15:13:27 localhost kernel: [    1.771480] scsi 6:0:1:2: Direct-Access     QEMU     QEMU HARDDISK    2.5+ PQ: 0 ANSI: 5
Feb  4 15:13:27 localhost kernel: [    1.772720] sd 3:0:0:0: Power-on or device reset occurred
Feb  4 15:13:27 localhost kernel: [    1.773942] sd 3:0:0:0: [sda] 51380224 512-byte logical blocks: (26.3 GB/24.5 GiB)
Feb  4 15:13:27 localhost kernel: [    1.775216] sd 3:0:0:0: [sda] Write Protect is off
Feb  4 15:13:27 localhost kernel: [    1.776079] sd 3:0:0:0: [sda] Mode Sense: 63 00 00 08
Feb  4 15:13:27 localhost kernel: [    1.777158] sd 3:0:0:0: [sda] Write cache: enabled, read cache: enabled, doesn't support DPO or FUA
Feb  4 15:13:27 localhost kernel: [    1.782568] sd 3:0:0:0: [sda] Attached SCSI disk
Feb  4 15:13:27 localhost kernel: [    1.800630] sd 6:0:1:2: Power-on or device reset occurred
Feb  4 15:13:27 localhost kernel: [    1.801709] sd 6:0:1:2: Attached scsi generic sg1 type 0
Feb  4 15:13:27 localhost kernel: [    1.802590] sd 6:0:1:2: [sdb] 1048576 512-byte logical blocks: (537 MB/512 MiB)
Feb  4 15:13:27 localhost kernel: [    1.803728] sd 6:0:1:2: [sdb] Write Protect is off
Feb  4 15:13:27 localhost kernel: [    1.804470] sd 6:0:1:2: [sdb] Mode Sense: 63 00 00 08
Feb  4 15:13:27 localhost kernel: [    1.805639] sd 6:0:1:2: [sdb] Write cache: enabled, read cache: enabled, doesn't support DPO or FUA
Feb  4 15:13:27 localhost kernel: [    1.810888] sd 6:0:1:2: [sdb] Attached SCSI disk
Feb  4 15:13:27 localhost kernel: [    2.075549] ata1: SATA link down (SStatus 0 SControl 300)
Feb  4 15:13:27 localhost kernel: [    2.076735] ata5: SATA link down (SStatus 0 SControl 300)
Feb  4 15:13:27 localhost kernel: [    2.077834] ata3: SATA link down (SStatus 0 SControl 300)
Feb  4 15:13:27 localhost kernel: [    2.078781] ata2: SATA link down (SStatus 0 SControl 300)
Feb  4 15:13:27 localhost kernel: [    2.079731] ata4: SATA link down (SStatus 0 SControl 300)
Feb  4 15:13:27 localhost kernel: [    2.080669] ata6: SATA link down (SStatus 0 SControl 300)
Feb  4 15:13:27 localhost kernel: [    2.090627] bochs-drm 0000:00:01.0: vgaarb: deactivate vga console
Feb  4 15:13:27 localhost kernel: [    2.116361] Console: switching to colour dummy device 80x25
Feb  4 15:13:27 localhost kernel: [    2.117648] [drm] Found bochs VGA, ID 0xb0c5.
Feb  4 15:13:27 localhost kernel: [    2.118358] [drm] Framebuffer size 16384 kB @ 0xfd000000, mmio @ 0xfebd0000.
Feb  4 15:13:27 localhost kernel: [    2.120806] [drm] Found EDID data blob.
Feb  4 15:13:27 localhost kernel: [    2.121750] [drm] Initialized bochs-drm 1.0.0 20130925 for 0000:00:01.0 on minor 0
Feb  4 15:13:27 localhost kernel: [    2.123816] fbcon: bochs-drmdrmfb (fb0) is primary device
Feb  4 15:13:27 localhost kernel: [    3.035193] clocksource: Long readout interval, skipping watchdog check: cs_nsec: 1298208048 wd_nsec: 1298207928
Feb  4 15:13:27 localhost kernel: [    3.036162] Console: switching to colour frame buffer device 160x50
Feb  4 15:13:27 localhost kernel: [    3.301533] bochs-drm 0000:00:01.0: [drm] fb0: bochs-drmdrmfb frame buffer device
Feb  4 15:13:27 localhost kernel: [    3.652977] raid6: avx2x4   gen() 29919 MB/s
Feb  4 15:13:27 localhost kernel: [    3.720979] raid6: avx2x4   xor()  3421 MB/s
Feb  4 15:13:27 localhost kernel: [    3.788977] raid6: avx2x2   gen() 23999 MB/s
Feb  4 15:13:27 localhost kernel: [    3.856979] raid6: avx2x2   xor() 28922 MB/s
Feb  4 15:13:27 localhost kernel: [    3.924978] raid6: avx2x1   gen() 23561 MB/s
Feb  4 15:13:27 localhost kernel: [    3.992978] raid6: avx2x1   xor() 25246 MB/s
Feb  4 15:13:27 localhost kernel: [    4.060979] raid6: sse2x4   gen() 18366 MB/s
Feb  4 15:13:27 localhost kernel: [    4.128980] raid6: sse2x4   xor()  2370 MB/s
Feb  4 15:13:27 localhost kernel: [    4.196981] raid6: sse2x2   gen() 16710 MB/s
Feb  4 15:13:27 localhost kernel: [    4.264978] raid6: sse2x2   xor() 14669 MB/s
Feb  4 15:13:27 localhost kernel: [    4.332980] raid6: sse2x1   gen()   946 MB/s
Feb  4 15:13:27 localhost kernel: [    4.400978] raid6: sse2x1   xor() 13194 MB/s
Feb  4 15:13:27 localhost kernel: [    4.401721] raid6: using algorithm avx2x4 gen() 29919 MB/s
Feb  4 15:13:27 localhost kernel: [    4.402655] raid6: .... xor() 3421 MB/s, rmw enabled
Feb  4 15:13:27 localhost kernel: [    4.403502] raid6: using avx2x2 recovery algorithm
Feb  4 15:13:27 localhost kernel: [    4.405830] xor: automatically using best checksumming function   avx       
Feb  4 15:13:27 localhost kernel: [    4.407855] async_tx: api initialized (async)
Feb  4 15:13:27 localhost kernel: [    4.470346] Btrfs loaded, crc32c=crc32c-intel, zoned=yes, fsverity=yes
Feb  4 15:13:27 localhost kernel: [    4.541942] EXT4-fs (sda): mounted filesystem with ordered data mode. Opts: (null). Quota mode: none.
Feb  4 15:13:27 localhost kernel: [    5.169204] EXT4-fs (sda): re-mounted. Opts: errors=remount-ro. Quota mode: none.
Feb  4 15:13:27 localhost kernel: [    5.670032] audit: type=1400 audit(1738681998.280:2): apparmor="STATUS" operation="profile_load" profile="unconfined" name="lsb_release" pid=423 comm="apparmor_parser"
Feb  4 15:13:27 localhost kernel: [    5.867263] audit: type=1400 audit(1738681998.476:3): apparmor="STATUS" operation="profile_load" profile="unconfined" name="nvidia_modprobe" pid=432 comm="apparmor_parser"
Feb  4 15:13:27 localhost kernel: [    5.878280] audit: type=1400 audit(1738681998.488:4): apparmor="STATUS" operation="profile_load" profile="unconfined" name="nvidia_modprobe//kmod" pid=432 comm="apparmor_parser"
Feb  4 15:13:27 localhost kernel: [    6.359026] audit: type=1400 audit(1738681998.968:5): apparmor="STATUS" operation="profile_load" profile="unconfined" name="/usr/lib/NetworkManager/nm-dhcp-client.action" pid=444 comm="apparmor_parser"
Feb  4 15:13:27 localhost kernel: [    6.360890] audit: type=1400 audit(1738681998.968:6): apparmor="STATUS" operation="profile_load" profile="unconfined" name="/usr/lib/NetworkManager/nm-dhcp-helper" pid=444 comm="apparmor_parser"
Feb  4 15:13:27 localhost kernel: [    6.368462] audit: type=1400 audit(1738681998.976:7): apparmor="STATUS" operation="profile_load" profile="unconfined" name="/usr/lib/connman/scripts/dhclient-script" pid=444 comm="apparmor_parser"
Feb  4 15:13:27 localhost kernel: [    6.372439] audit: type=1400 audit(1738681998.980:8): apparmor="STATUS" operation="profile_load" profile="unconfined" name="/{,usr/}sbin/dhclient" pid=444 comm="apparmor_parser"
Feb  4 15:13:27 localhost kernel: [    6.660555] audit: type=1400 audit(1738681999.268:9): apparmor="STATUS" operation="profile_load" profile="unconfined" name="ubuntu_pro_apt_news" pid=446 comm="apparmor_parser"
Feb  4 15:13:27 localhost kernel: [    7.309295] Adding 524284k swap on /dev/sdb.  Priority:-2 extents:1 across:524284k SSFS
Feb  4 15:13:27 localhost kernel: [    7.829026] audit: type=1400 audit(1738682000.440:10): apparmor="STATUS" operation="profile_load" profile="unconfined" name="ubuntu_pro_esm_cache" pid=456 comm="apparmor_parser"
Feb  4 15:13:27 localhost kernel: [    7.831914] audit: type=1400 audit(1738682000.440:11): apparmor="STATUS" operation="profile_load" profile="unconfined" name="ubuntu_pro_esm_cache//apt_methods" pid=456 comm="apparmor_parser"
Feb  4 15:13:28 localhost kernel: [   15.502661] loop0: detected capacity change from 0 to 8
Feb  4 15:13:28 localhost kernel: [   15.929166] kauditd_printk_skb: 14 callbacks suppressed
Feb  4 15:13:28 localhost kernel: [   15.929170] audit: type=1400 audit(1738682008.540:26): apparmor="STATUS" operation="profile_replace" profile="unconfined" name="/usr/lib/snapd/snap-confine" pid=676 comm="apparmor_parser"
Feb  4 15:13:28 localhost kernel: [   15.930717] audit: type=1400 audit(1738682008.540:27): apparmor="STATUS" operation="profile_replace" profile="unconfined" name="/usr/lib/snapd/snap-confine//mount-namespace-capture-helper" pid=676 comm="apparmor_parser"
Feb  4 17:08:51 localhost kernel: [    0.000000] Linux version 5.15.0-131-generic (buildd@lcy02-amd64-057) (gcc (Ubuntu 11.4.0-1ubuntu1~22.04) 11.4.0, GNU ld (GNU Binutils for Ubuntu) 2.38) #141-Ubuntu SMP Fri Jan 10 21:18:28 UTC 2025 (Ubuntu 5.15.0-131.141-generic 5.15.168)
Feb  4 17:08:51 localhost kernel: [    0.000000] Command line: BOOT_IMAGE=/boot/vmlinuz-5.15.0-131-generic root=UUID=c4b52a3f-818a-c891-ac4a-b949bf511e72 ro console=ttyS0,19200n8 net.ifnames=0
Feb  4 17:08:51 localhost kernel: [    0.000000] KERNEL supported cpus:
Feb  4 17:08:51 localhost kernel: [    0.000000]   Intel GenuineIntel
Feb  4 17:08:51 localhost kernel: [    0.000000]   AMD AuthenticAMD
Feb  4 17:08:51 localhost kernel: [    0.000000]   Hygon HygonGenuine
Feb  4 17:08:51 localhost kernel: [    0.000000]   Centaur CentaurHauls
Feb  4 17:08:51 localhost kernel: [    0.000000]   zhaoxin   Shanghai  
Feb  4 17:08:51 localhost kernel: [    0.000000] BIOS-provided physical RAM map:
Feb  4 17:08:51 localhost kernel: [    0.000000] BIOS-e820: [mem 0x0000000000000000-0x000000000009fbff] usable
Feb  4 17:08:51 localhost kernel: [    0.000000] BIOS-e820: [mem 0x000000000009fc00-0x000000000009ffff] reserved
Feb  4 17:08:51 localhost kernel: [    0.000000] BIOS-e820: [mem 0x00000000000f0000-0x00000000000fffff] reserved
Feb  4 17:08:51 localhost kernel: [    0.000000] BIOS-e820: [mem 0x0000000000100000-0x000000003ffd9fff] usable
Feb  4 17:08:51 localhost kernel: [    0.000000] BIOS-e820: [mem 0x000000003ffda000-0x000000003fffffff] reserved
Feb  4 17:08:51 localhost kernel: [    0.000000] BIOS-e820: [mem 0x00000000b0000000-0x00000000bfffffff] reserved
Feb  4 17:08:51 localhost kernel: [    0.000000] BIOS-e820: [mem 0x00000000fed1c000-0x00000000fed1ffff] reserved
Feb  4 17:08:51 localhost kernel: [    0.000000] BIOS-e820: [mem 0x00000000feffc000-0x00000000feffffff] reserved
Feb  4 17:08:51 localhost kernel: [    0.000000] BIOS-e820: [mem 0x00000000fffc0000-0x00000000ffffffff] reserved
Feb  4 17:08:51 localhost kernel: [    0.000000] BIOS-e820: [mem 0x000000fd00000000-0x000000ffffffffff] reserved
Feb  4 17:08:51 localhost kernel: [    0.000000] NX (Execute Disable) protection: active
Feb  4 17:08:51 localhost kernel: [    0.000000] SMBIOS 2.8 present.
Feb  4 17:08:51 localhost kernel: [    0.000000] DMI: Linode Compute Instance, BIOS Not Specified 
Feb  4 17:08:51 localhost kernel: [    0.000000] Hypervisor detected: KVM
Feb  4 17:08:51 localhost kernel: [    0.000000] kvm-clock: Using msrs 4b564d01 and 4b564d00
Feb  4 17:08:51 localhost kernel: [    0.000000] kvm-clock: cpu 0, msr 28201001, primary cpu clock
Feb  4 17:08:51 localhost kernel: [    0.000001] kvm-clock: using sched offset of 8399485066 cycles
Feb  4 17:08:51 localhost kernel: [    0.000003] clocksource: kvm-clock: mask: 0xffffffffffffffff max_cycles: 0x1cd42e4dffb, max_idle_ns: 881590591483 ns
Feb  4 17:08:51 localhost kernel: [    0.000006] tsc: Detected 1999.998 MHz processor
Feb  4 17:08:51 localhost kernel: [    0.000956] e820: update [mem 0x00000000-0x00000fff] usable ==> reserved
Feb  4 17:08:51 localhost kernel: [    0.000958] e820: remove [mem 0x000a0000-0x000fffff] usable
Feb  4 17:08:51 localhost kernel: [    0.000964] last_pfn = 0x3ffda max_arch_pfn = 0x400000000
Feb  4 17:08:51 localhost kernel: [    0.001023] x86/PAT: Configuration [0-7]: WB  WC  UC- UC  WB  WP  UC- WT  
Feb  4 17:08:51 localhost kernel: [    0.003242] found SMP MP-table at [mem 0x000f5390-0x000f539f]
Feb  4 17:08:51 localhost kernel: [    0.003256] Using GB pages for direct mapping
Feb  4 17:08:51 localhost kernel: [    0.003442] RAMDISK: [mem 0x2b82b000-0x31c0cfff]
Feb  4 17:08:51 localhost kernel: [    0.003459] ACPI: Early table checksum verification disabled
Feb  4 17:08:51 localhost kernel: [    0.003463] ACPI: RSDP 0x00000000000F51D0 000014 (v00 BOCHS )
Feb  4 17:08:51 localhost kernel: [    0.003470] ACPI: RSDT 0x000000003FFE22BD 000038 (v01 BOCHS  BXPC     00000001 BXPC 00000001)
Feb  4 17:08:51 localhost kernel: [    0.003475] ACPI: FACP 0x000000003FFE20B5 0000F4 (v03 BOCHS  BXPC     00000001 BXPC 00000001)
Feb  4 17:08:51 localhost kernel: [    0.003479] ACPI: DSDT 0x000000003FFE0040 002075 (v01 BOCHS  BXPC     00000001 BXPC 00000001)
Feb  4 17:08:51 localhost kernel: [    0.003483] ACPI: FACS 0x000000003FFE0000 000040
Feb  4 17:08:51 localhost kernel: [    0.003485] ACPI: APIC 0x000000003FFE21A9 000078 (v01 BOCHS  BXPC     00000001 BXPC 00000001)
Feb  4 17:08:51 localhost kernel: [    0.003488] ACPI: HPET 0x000000003FFE2221 000038 (v01 BOCHS  BXPC     00000001 BXPC 00000001)
Feb  4 17:08:51 localhost kernel: [    0.003490] ACPI: MCFG 0x000000003FFE2259 00003C (v01 BOCHS  BXPC     00000001 BXPC 00000001)
Feb  4 17:08:51 localhost kernel: [    0.003493] ACPI: WAET 0x000000003FFE2295 000028 (v01 BOCHS  BXPC     00000001 BXPC 00000001)
Feb  4 17:08:51 localhost kernel: [    0.003495] ACPI: Reserving FACP table memory at [mem 0x3ffe20b5-0x3ffe21a8]
Feb  4 17:08:51 localhost kernel: [    0.003497] ACPI: Reserving DSDT table memory at [mem 0x3ffe0040-0x3ffe20b4]
Feb  4 17:08:51 localhost kernel: [    0.003498] ACPI: Reserving FACS table memory at [mem 0x3ffe0000-0x3ffe003f]
Feb  4 17:08:51 localhost kernel: [    0.003499] ACPI: Reserving APIC table memory at [mem 0x3ffe21a9-0x3ffe2220]
Feb  4 17:08:51 localhost kernel: [    0.003500] ACPI: Reserving HPET table memory at [mem 0x3ffe2221-0x3ffe2258]
Feb  4 17:08:51 localhost kernel: [    0.003501] ACPI: Reserving MCFG table memory at [mem 0x3ffe2259-0x3ffe2294]
Feb  4 17:08:51 localhost kernel: [    0.003502] ACPI: Reserving WAET table memory at [mem 0x3ffe2295-0x3ffe22bc]
Feb  4 17:08:51 localhost kernel: [    0.003994] No NUMA configuration found
Feb  4 17:08:51 localhost kernel: [    0.003996] Faking a node at [mem 0x0000000000000000-0x000000003ffd9fff]
Feb  4 17:08:51 localhost kernel: [    0.004004] NODE_DATA(0) allocated [mem 0x3ffb0000-0x3ffd9fff]
Feb  4 17:08:51 localhost kernel: [    0.004343] Zone ranges:
Feb  4 17:08:51 localhost kernel: [    0.004344]   DMA      [mem 0x0000000000001000-0x0000000000ffffff]
Feb  4 17:08:51 localhost kernel: [    0.004346]   DMA32    [mem 0x0000000001000000-0x000000003ffd9fff]
Feb  4 17:08:51 localhost kernel: [    0.004348]   Normal   empty
Feb  4 17:08:51 localhost kernel: [    0.004349]   Device   empty
Feb  4 17:08:51 localhost kernel: [    0.004350] Movable zone start for each node
Feb  4 17:08:51 localhost kernel: [    0.004354] Early memory node ranges
Feb  4 17:08:51 localhost kernel: [    0.004354]   node   0: [mem 0x0000000000001000-0x000000000009efff]
Feb  4 17:08:51 localhost kernel: [    0.004356]   node   0: [mem 0x0000000000100000-0x000000003ffd9fff]
Feb  4 17:08:51 localhost kernel: [    0.004358] Initmem setup node 0 [mem 0x0000000000001000-0x000000003ffd9fff]
Feb  4 17:08:51 localhost kernel: [    0.004409] On node 0, zone DMA: 1 pages in unavailable ranges
Feb  4 17:08:51 localhost kernel: [    0.004440] On node 0, zone DMA: 97 pages in unavailable ranges
Feb  4 17:08:51 localhost kernel: [    0.006348] On node 0, zone DMA32: 38 pages in unavailable ranges
Feb  4 17:08:51 localhost kernel: [    0.006835] ACPI: PM-Timer IO Port: 0x608
Feb  4 17:08:51 localhost kernel: [    0.006843] ACPI: LAPIC_NMI (acpi_id[0xff] dfl dfl lint[0x1])
Feb  4 17:08:51 localhost kernel: [    0.006873] IOAPIC[0]: apic_id 0, version 17, address 0xfec00000, GSI 0-23
Feb  4 17:08:51 localhost kernel: [    0.006876] ACPI: INT_SRC_OVR (bus 0 bus_irq 0 global_irq 2 dfl dfl)
Feb  4 17:08:51 localhost kernel: [    0.006878] ACPI: INT_SRC_OVR (bus 0 bus_irq 5 global_irq 5 high level)
Feb  4 17:08:51 localhost kernel: [    0.006880] ACPI: INT_SRC_OVR (bus 0 bus_irq 9 global_irq 9 high level)
Feb  4 17:08:51 localhost kernel: [    0.006881] ACPI: INT_SRC_OVR (bus 0 bus_irq 10 global_irq 10 high level)
Feb  4 17:08:51 localhost kernel: [    0.006882] ACPI: INT_SRC_OVR (bus 0 bus_irq 11 global_irq 11 high level)
Feb  4 17:08:51 localhost kernel: [    0.006885] ACPI: Using ACPI (MADT) for SMP configuration information
Feb  4 17:08:51 localhost kernel: [    0.006887] ACPI: HPET id: 0x8086a201 base: 0xfed00000
Feb  4 17:08:51 localhost kernel: [    0.006890] TSC deadline timer available
Feb  4 17:08:51 localhost kernel: [    0.006893] smpboot: Allowing 1 CPUs, 0 hotplug CPUs
Feb  4 17:08:51 localhost kernel: [    0.006919] PM: hibernation: Registered nosave memory: [mem 0x00000000-0x00000fff]
Feb  4 17:08:51 localhost kernel: [    0.006921] PM: hibernation: Registered nosave memory: [mem 0x0009f000-0x0009ffff]
Feb  4 17:08:51 localhost kernel: [    0.006923] PM: hibernation: Registered nosave memory: [mem 0x000a0000-0x000effff]
Feb  4 17:08:51 localhost kernel: [    0.006923] PM: hibernation: Registered nosave memory: [mem 0x000f0000-0x000fffff]
Feb  4 17:08:51 localhost kernel: [    0.006925] [mem 0x40000000-0xafffffff] available for PCI devices
Feb  4 17:08:51 localhost kernel: [    0.006927] Booting paravirtualized kernel on KVM
Feb  4 17:08:51 localhost kernel: [    0.006928] clocksource: refined-jiffies: mask: 0xffffffff max_cycles: 0xffffffff, max_idle_ns: 7645519600211568 ns
Feb  4 17:08:51 localhost kernel: [    0.006940] setup_percpu: NR_CPUS:8192 nr_cpumask_bits:1 nr_cpu_ids:1 nr_node_ids:1
Feb  4 17:08:51 localhost kernel: [    0.007073] percpu: Embedded 62 pages/cpu s217088 r8192 d28672 u2097152
Feb  4 17:08:51 localhost kernel: [    0.007078] pcpu-alloc: s217088 r8192 d28672 u2097152 alloc=1*2097152
Feb  4 17:08:51 localhost kernel: [    0.007081] pcpu-alloc: [0] 0 
Feb  4 17:08:51 localhost kernel: [    0.007108] kvm-guest: setup async PF for cpu 0
Feb  4 17:08:51 localhost kernel: [    0.007114] kvm-guest: stealtime: cpu 0, msr 3ec34080
Feb  4 17:08:51 localhost kernel: [    0.007118] kvm-guest: PV spinlocks disabled, single CPU
Feb  4 17:08:51 localhost kernel: [    0.007122] Built 1 zonelists, mobility grouping on.  Total pages: 257754
Feb  4 17:08:51 localhost kernel: [    0.007124] Policy zone: DMA32
Feb  4 17:08:51 localhost kernel: [    0.007125] Kernel command line: BOOT_IMAGE=/boot/vmlinuz-5.15.0-131-generic root=UUID=c4b52a3f-818a-c891-ac4a-b949bf511e72 ro console=ttyS0,19200n8 net.ifnames=0
Feb  4 17:08:51 localhost kernel: [    0.007183] Unknown kernel command line parameters "BOOT_IMAGE=/boot/vmlinuz-5.15.0-131-generic", will be passed to user space.
Feb  4 17:08:51 localhost kernel: [    0.007250] Dentry cache hash table entries: 131072 (order: 8, 1048576 bytes, linear)
Feb  4 17:08:51 localhost kernel: [    0.007286] Inode-cache hash table entries: 65536 (order: 7, 524288 bytes, linear)
Feb  4 17:08:51 localhost kernel: [    0.007307] mem auto-init: stack:off, heap alloc:on, heap free:off
Feb  4 17:08:51 localhost kernel: [    0.009031] Memory: 869060K/1048032K available (16392K kernel code, 4397K rwdata, 10972K rodata, 3372K init, 18696K bss, 178712K reserved, 0K cma-reserved)
Feb  4 17:08:51 localhost kernel: [    0.009745] SLUB: HWalign=64, Order=0-3, MinObjects=0, CPUs=1, Nodes=1
Feb  4 17:08:51 localhost kernel: [    0.009828] ftrace: allocating 50800 entries in 199 pages
Feb  4 17:08:51 localhost kernel: [    0.034809] ftrace: allocated 199 pages with 5 groups
Feb  4 17:08:51 localhost kernel: [    0.035142] rcu: Hierarchical RCU implementation.
Feb  4 17:08:51 localhost kernel: [    0.035144] rcu: 	RCU restricting CPUs from NR_CPUS=8192 to nr_cpu_ids=1.
Feb  4 17:08:51 localhost kernel: [    0.035146] 	Rude variant of Tasks RCU enabled.
Feb  4 17:08:51 localhost kernel: [    0.035147] 	Tracing variant of Tasks RCU enabled.
Feb  4 17:08:51 localhost kernel: [    0.035148] rcu: RCU calculated value of scheduler-enlistment delay is 25 jiffies.
Feb  4 17:08:51 localhost kernel: [    0.035149] rcu: Adjusting geometry for rcu_fanout_leaf=16, nr_cpu_ids=1
Feb  4 17:08:51 localhost kernel: [    0.039488] NR_IRQS: 524544, nr_irqs: 256, preallocated irqs: 16
Feb  4 17:08:51 localhost kernel: [    0.039696] random: crng init done
Feb  4 17:08:51 localhost kernel: [    0.058873] Console: colour VGA+ 80x25
Feb  4 17:08:51 localhost kernel: [    0.187521] printk: console [ttyS0] enabled
Feb  4 17:08:51 localhost kernel: [    0.188316] ACPI: Core revision 20210730
Feb  4 17:08:51 localhost kernel: [    0.189215] clocksource: hpet: mask: 0xffffffff max_cycles: 0xffffffff, max_idle_ns: 19112604467 ns
Feb  4 17:08:51 localhost kernel: [    0.190996] APIC: Switch to symmetric I/O mode setup
Feb  4 17:08:51 localhost kernel: [    0.192165] x2apic enabled
Feb  4 17:08:51 localhost kernel: [    0.192947] Switched APIC routing to physical x2apic.
Feb  4 17:08:51 localhost kernel: [    0.195818] ..TIMER: vector=0x30 apic1=0 pin1=2 apic2=-1 pin2=-1
Feb  4 17:08:51 localhost kernel: [    0.196931] clocksource: tsc-early: mask: 0xffffffffffffffff max_cycles: 0x39a8595ce59, max_idle_ns: 881590778713 ns
Feb  4 17:08:51 localhost kernel: [    0.198816] Calibrating delay loop (skipped) preset value.. 3999.99 BogoMIPS (lpj=7999992)
Feb  4 17:08:51 localhost kernel: [    0.202903] x86/cpu: User Mode Instruction Prevention (UMIP) activated
Feb  4 17:08:51 localhost kernel: [    0.204165] Last level iTLB entries: 4KB 512, 2MB 255, 4MB 127
Feb  4 17:08:51 localhost kernel: [    0.205218] Last level dTLB entries: 4KB 512, 2MB 255, 4MB 127, 1GB 0
Feb  4 17:08:51 localhost kernel: [    0.206822] Spectre V1 : Mitigation: usercopy/swapgs barriers and __user pointer sanitization
Feb  4 17:08:51 localhost kernel: [    0.208358] Spectre V2 : Mitigation: Retpolines
Feb  4 17:08:51 localhost kernel: [    0.209175] Spectre V2 : Spectre v2 / SpectreRSB mitigation: Filling RSB on context switch
Feb  4 17:08:51 localhost kernel: [    0.210814] Spectre V2 : Spectre v2 / SpectreRSB : Filling RSB on VMEXIT
Feb  4 17:08:51 localhost kernel: [    0.212016] Spectre V2 : Enabling Restricted Speculation for firmware calls
Feb  4 17:08:51 localhost kernel: [    0.213267] Spectre V2 : mitigation: Enabling conditional Indirect Branch Prediction Barrier
Feb  4 17:08:51 localhost kernel: [    0.214815] Speculative Store Bypass: Mitigation: Speculative Store Bypass disabled via prctl and seccomp
Feb  4 17:08:51 localhost kernel: [    0.216530] Speculative Return Stack Overflow: IBPB-extending microcode not applied!
Feb  4 17:08:51 localhost kernel: [    0.217938] Speculative Return Stack Overflow: WARNING: See https://kernel.org/doc/html/latest/admin-guide/hw-vuln/srso.html for mitigation options.
Feb  4 17:08:51 localhost kernel: [    0.217939] Speculative Return Stack Overflow: Mitigation: safe RET, no microcode
Feb  4 17:08:51 localhost kernel: [    0.220189] x86/fpu: Supporting XSAVE feature 0x001: 'x87 floating point registers'
Feb  4 17:08:51 localhost kernel: [    0.222814] x86/fpu: Supporting XSAVE feature 0x002: 'SSE registers'
Feb  4 17:08:51 localhost kernel: [    0.223938] x86/fpu: Supporting XSAVE feature 0x004: 'AVX registers'
Feb  4 17:08:51 localhost kernel: [    0.225059] x86/fpu: Supporting XSAVE feature 0x200: 'Protection Keys User registers'
Feb  4 17:08:51 localhost kernel: [    0.226819] x86/fpu: xstate_offset[2]:  576, xstate_sizes[2]:  256
Feb  4 17:08:51 localhost kernel: [    0.227922] x86/fpu: xstate_offset[9]:  832, xstate_sizes[9]:    8
Feb  4 17:08:51 localhost kernel: [    0.229019] x86/fpu: Enabled xstate features 0x207, context size is 840 bytes, using 'compacted' format.
Feb  4 17:08:51 localhost kernel: [    0.263633] Freeing SMP alternatives memory: 44K
Feb  4 17:08:51 localhost kernel: [    0.264466] pid_max: default: 32768 minimum: 301
Feb  4 17:08:51 localhost kernel: [    0.265311] LSM: Security Framework initializing
Feb  4 17:08:51 localhost kernel: [    0.266142] landlock: Up and running.
Feb  4 17:08:51 localhost kernel: [    0.266796] Yama: becoming mindful.
Feb  4 17:08:51 localhost kernel: [    0.266876] AppArmor: AppArmor initialized
Feb  4 17:08:51 localhost kernel: [    0.267675] Mount-cache hash table entries: 2048 (order: 2, 16384 bytes, linear)
Feb  4 17:08:51 localhost kernel: [    0.269029] Mountpoint-cache hash table entries: 2048 (order: 2, 16384 bytes, linear)
Feb  4 17:08:51 localhost kernel: [    0.271399] smpboot: CPU0: AMD EPYC 7713 64-Core Processor (family: 0x19, model: 0x1, stepping: 0x1)
Feb  4 17:08:51 localhost kernel: [    0.273432] Performance Events: Fam17h+ core perfctr, AMD PMU driver.
Feb  4 17:08:51 localhost kernel: [    0.274665] ... version:                0
Feb  4 17:08:51 localhost kernel: [    0.274819] ... bit width:              48
Feb  4 17:08:51 localhost kernel: [    0.275548] ... generic registers:      6
Feb  4 17:08:51 localhost kernel: [    0.276261] ... value mask:             0000ffffffffffff
Feb  4 17:08:51 localhost kernel: [    0.277225] ... max period:             00007fffffffffff
Feb  4 17:08:51 localhost kernel: [    0.278165] ... fixed-purpose events:   0
Feb  4 17:08:51 localhost kernel: [    0.278817] ... event mask:             000000000000003f
Feb  4 17:08:51 localhost kernel: [    0.279825] signal: max sigframe size: 3376
Feb  4 17:08:51 localhost kernel: [    0.280643] rcu: Hierarchical SRCU implementation.
Feb  4 17:08:51 localhost kernel: [    0.282171] smp: Bringing up secondary CPUs ...
Feb  4 17:08:51 localhost kernel: [    0.282820] smp: Brought up 1 node, 1 CPU
Feb  4 17:08:51 localhost kernel: [    0.283535] smpboot: Max logical packages: 1
Feb  4 17:08:51 localhost kernel: [    0.284293] smpboot: Total of 1 processors activated (3999.99 BogoMIPS)
Feb  4 17:08:51 localhost kernel: [    0.285696] devtmpfs: initialized
Feb  4 17:08:51 localhost kernel: [    0.286372] x86/mm: Memory block size: 128MB
Feb  4 17:08:51 localhost kernel: [    0.287281] clocksource: jiffies: mask: 0xffffffff max_cycles: 0xffffffff, max_idle_ns: 7645041785100000 ns
Feb  4 17:08:51 localhost kernel: [    0.289007] futex hash table entries: 256 (order: 2, 16384 bytes, linear)
Feb  4 17:08:51 localhost kernel: [    0.290257] pinctrl core: initialized pinctrl subsystem
Feb  4 17:08:51 localhost kernel: [    0.291029] PM: RTC time: 17:08:39, date: 2025-02-04
Feb  4 17:08:51 localhost kernel: [    0.292106] NET: Registered PF_NETLINK/PF_ROUTE protocol family
Feb  4 17:08:51 localhost kernel: [    0.293395] DMA: preallocated 128 KiB GFP_KERNEL pool for atomic allocations
Feb  4 17:08:51 localhost kernel: [    0.294740] DMA: preallocated 128 KiB GFP_KERNEL|GFP_DMA pool for atomic allocations
Feb  4 17:08:51 localhost kernel: [    0.294920] DMA: preallocated 128 KiB GFP_KERNEL|GFP_DMA32 pool for atomic allocations
Feb  4 17:08:51 localhost kernel: [    0.296325] audit: initializing netlink subsys (disabled)
Feb  4 17:08:51 localhost kernel: [    0.297548] thermal_sys: Registered thermal governor 'fair_share'
Feb  4 17:08:51 localhost kernel: [    0.297550] thermal_sys: Registered thermal governor 'bang_bang'
Feb  4 17:08:51 localhost kernel: [    0.298633] thermal_sys: Registered thermal governor 'step_wise'
Feb  4 17:08:51 localhost kernel: [    0.298818] thermal_sys: Registered thermal governor 'user_space'
Feb  4 17:08:51 localhost kernel: [    0.299881] thermal_sys: Registered thermal governor 'power_allocator'
Feb  4 17:08:51 localhost kernel: [    0.300964] EISA bus registered
Feb  4 17:08:51 localhost kernel: [    0.302681] cpuidle: using governor ladder
Feb  4 17:08:51 localhost kernel: [    0.302820] audit: type=2000 audit(1738688920.373:1): state=initialized audit_enabled=0 res=1
Feb  4 17:08:51 localhost kernel: [    0.304333] cpuidle: using governor menu
Feb  4 17:08:51 localhost kernel: [    0.305832] ACPI: bus type PCI registered
Feb  4 17:08:51 localhost kernel: [    0.306555] acpiphp: ACPI Hot Plug PCI Controller Driver version: 0.5
Feb  4 17:08:51 localhost kernel: [    0.307005] PCI: MMCONFIG for domain 0000 [bus 00-ff] at [mem 0xb0000000-0xbfffffff] (base 0xb0000000)
Feb  4 17:08:51 localhost kernel: [    0.308648] PCI: MMCONFIG at [mem 0xb0000000-0xbfffffff] reserved in E820
Feb  4 17:08:51 localhost kernel: [    0.309863] PCI: Using configuration type 1 for base access
Feb  4 17:08:51 localhost kernel: [    0.313277] kprobes: kprobe jump-optimization is enabled. All kprobes are optimized if possible.
Feb  4 17:08:51 localhost kernel: [    0.315022] HugeTLB registered 1.00 GiB page size, pre-allocated 0 pages
Feb  4 17:08:51 localhost kernel: [    0.316211] HugeTLB registered 2.00 MiB page size, pre-allocated 0 pages
Feb  4 17:08:51 localhost kernel: [    0.319079] ACPI: Added _OSI(Module Device)
Feb  4 17:08:51 localhost kernel: [    0.319837] ACPI: Added _OSI(Processor Device)
Feb  4 17:08:51 localhost kernel: [    0.320632] ACPI: Added _OSI(3.0 _SCP Extensions)
Feb  4 17:08:51 localhost kernel: [    0.321476] ACPI: Added _OSI(Processor Aggregator Device)
Feb  4 17:08:51 localhost kernel: [    0.322445] ACPI: Added _OSI(Linux-Dell-Video)
Feb  4 17:08:51 localhost kernel: [    0.322876] ACPI: Added _OSI(Linux-Lenovo-NV-HDMI-Audio)
Feb  4 17:08:51 localhost kernel: [    0.323827] ACPI: Added _OSI(Linux-HPI-Hybrid-Graphics)
Feb  4 17:08:51 localhost kernel: [    0.328312] ACPI: 1 ACPI AML tables successfully acquired and loaded
Feb  4 17:08:51 localhost kernel: [    0.331164] ACPI: Interpreter enabled
Feb  4 17:08:51 localhost kernel: [    0.331860] ACPI: PM: (supports S0 S3 S4 S5)
Feb  4 17:08:51 localhost kernel: [    0.332633] ACPI: Using IOAPIC for interrupt routing
Feb  4 17:08:51 localhost kernel: [    0.333544] PCI: Using host bridge windows from ACPI; if necessary, use "pci=nocrs" and report a bug
Feb  4 17:08:51 localhost kernel: [    0.334819] PCI: Using E820 reservations for host bridge windows
Feb  4 17:08:51 localhost kernel: [    0.336057] ACPI: Enabled 2 GPEs in block 00 to 3F
Feb  4 17:08:51 localhost kernel: [    0.340568] ACPI: PCI Root Bridge [PCI0] (domain 0000 [bus 00-ff])
Feb  4 17:08:51 localhost kernel: [    0.341683] acpi PNP0A08:00: _OSC: OS supports [ExtendedConfig ASPM ClockPM Segments MSI EDR HPX-Type3]
Feb  4 17:08:51 localhost kernel: [    0.343026] acpi PNP0A08:00: _OSC: platform does not support [PCIeHotplug LTR DPC]
Feb  4 17:08:51 localhost kernel: [    0.344550] acpi PNP0A08:00: _OSC: OS now controls [SHPCHotplug PME AER PCIeCapability]
Feb  4 17:08:51 localhost kernel: [    0.346199] PCI host bridge to bus 0000:00
Feb  4 17:08:51 localhost kernel: [    0.346820] pci_bus 0000:00: root bus resource [bus 00-ff]
Feb  4 17:08:51 localhost kernel: [    0.347791] pci_bus 0000:00: root bus resource [io  0x0000-0x0cf7 window]
Feb  4 17:08:51 localhost kernel: [    0.348984] pci_bus 0000:00: root bus resource [io  0x0d00-0xffff window]
Feb  4 17:08:51 localhost kernel: [    0.350175] pci_bus 0000:00: root bus resource [mem 0x000a0000-0x000bffff window]
Feb  4 17:08:51 localhost kernel: [    0.350818] pci_bus 0000:00: root bus resource [mem 0x40000000-0xafffffff window]
Feb  4 17:08:51 localhost kernel: [    0.352134] pci_bus 0000:00: root bus resource [mem 0xc0000000-0xfebfffff window]
Feb  4 17:08:51 localhost kernel: [    0.353453] pci_bus 0000:00: root bus resource [mem 0x100000000-0x8ffffffff window]
Feb  4 17:08:51 localhost kernel: [    0.354905] pci 0000:00:00.0: [8086:29c0] type 00 class 0x060000
Feb  4 17:08:51 localhost kernel: [    0.356863] pci 0000:00:01.0: [1234:1111] type 00 class 0x030000
Feb  4 17:08:51 localhost kernel: [    0.359427] pci 0000:00:01.0: reg 0x10: [mem 0xfd000000-0xfdffffff pref]
Feb  4 17:08:51 localhost kernel: [    0.363253] pci 0000:00:01.0: reg 0x18: [mem 0xfebd0000-0xfebd0fff]
Feb  4 17:08:51 localhost kernel: [    0.368737] pci 0000:00:01.0: reg 0x30: [mem 0xfebc0000-0xfebcffff pref]
Feb  4 17:08:51 localhost kernel: [    0.370016] pci 0000:00:01.0: Video device with shadowed ROM at [mem 0x000c0000-0x000dffff]
Feb  4 17:08:51 localhost kernel: [    0.371561] pci 0000:00:02.0: [1af4:1004] type 00 class 0x010000
Feb  4 17:08:51 localhost kernel: [    0.374819] pci 0000:00:02.0: reg 0x10: [io  0xc000-0xc03f]
Feb  4 17:08:51 localhost kernel: [    0.377194] pci 0000:00:02.0: reg 0x14: [mem 0xfebd1000-0xfebd1fff]
Feb  4 17:08:51 localhost kernel: [    0.383563] pci 0000:00:02.0: reg 0x20: [mem 0xfe000000-0xfe003fff 64bit pref]
Feb  4 17:08:51 localhost kernel: [    0.387444] pci 0000:00:03.0: [1af4:1004] type 00 class 0x010000
Feb  4 17:08:51 localhost kernel: [    0.389926] pci 0000:00:03.0: reg 0x10: [io  0xc040-0xc07f]
Feb  4 17:08:51 localhost kernel: [    0.392267] pci 0000:00:03.0: reg 0x14: [mem 0xfebd2000-0xfebd2fff]
Feb  4 17:08:51 localhost kernel: [    0.397492] pci 0000:00:03.0: reg 0x20: [mem 0xfe004000-0xfe007fff 64bit pref]
Feb  4 17:08:51 localhost kernel: [    0.400660] pci 0000:00:04.0: [1af4:1000] type 00 class 0x020000
Feb  4 17:08:51 localhost kernel: [    0.403515] pci 0000:00:04.0: reg 0x10: [io  0xc080-0xc0bf]
Feb  4 17:08:51 localhost kernel: [    0.405300] pci 0000:00:04.0: reg 0x14: [mem 0xfebd3000-0xfebd3fff]
Feb  4 17:08:51 localhost kernel: [    0.408805] pci 0000:00:04.0: reg 0x20: [mem 0xfe008000-0xfe00bfff 64bit pref]
Feb  4 17:08:51 localhost kernel: [    0.410819] pci 0000:00:04.0: reg 0x30: [mem 0xfeb80000-0xfebbffff pref]
Feb  4 17:08:51 localhost kernel: [    0.420865] pci 0000:00:1f.0: [8086:2918] type 00 class 0x060100
Feb  4 17:08:51 localhost kernel: [    0.422516] pci 0000:00:1f.0: quirk: [io  0x0600-0x067f] claimed by ICH6 ACPI/GPIO/TCO
Feb  4 17:08:51 localhost kernel: [    0.423214] pci 0000:00:1f.2: [8086:2922] type 00 class 0x010601
Feb  4 17:08:51 localhost kernel: [    0.429809] pci 0000:00:1f.2: reg 0x20: [io  0xc100-0xc11f]
Feb  4 17:08:51 localhost kernel: [    0.431664] pci 0000:00:1f.2: reg 0x24: [mem 0xfebd4000-0xfebd4fff]
Feb  4 17:08:51 localhost kernel: [    0.434125] pci 0000:00:1f.3: [8086:2930] type 00 class 0x0c0500
Feb  4 17:08:51 localhost kernel: [    0.437857] pci 0000:00:1f.3: reg 0x20: [io  0x0700-0x073f]
Feb  4 17:08:51 localhost kernel: [    0.440325] ACPI: PCI: Interrupt link LNKA configured for IRQ 10
Feb  4 17:08:51 localhost kernel: [    0.441543] ACPI: PCI: Interrupt link LNKB configured for IRQ 10
Feb  4 17:08:51 localhost kernel: [    0.442768] ACPI: PCI: Interrupt link LNKC configured for IRQ 11
Feb  4 17:08:51 localhost kernel: [    0.442967] ACPI: PCI: Interrupt link LNKD configured for IRQ 11
Feb  4 17:08:51 localhost kernel: [    0.444176] ACPI: PCI: Interrupt link LNKE configured for IRQ 10
Feb  4 17:08:51 localhost kernel: [    0.445386] ACPI: PCI: Interrupt link LNKF configured for IRQ 10
Feb  4 17:08:51 localhost kernel: [    0.446970] ACPI: PCI: Interrupt link LNKG configured for IRQ 11
Feb  4 17:08:51 localhost kernel: [    0.448177] ACPI: PCI: Interrupt link LNKH configured for IRQ 11
Feb  4 17:08:51 localhost kernel: [    0.449286] ACPI: PCI: Interrupt link GSIA configured for IRQ 16
Feb  4 17:08:51 localhost kernel: [    0.450361] ACPI: PCI: Interrupt link GSIB configured for IRQ 17
Feb  4 17:08:51 localhost kernel: [    0.450834] ACPI: PCI: Interrupt link GSIC configured for IRQ 18
Feb  4 17:08:51 localhost kernel: [    0.451911] ACPI: PCI: Interrupt link GSID configured for IRQ 19
Feb  4 17:08:51 localhost kernel: [    0.452985] ACPI: PCI: Interrupt link GSIE configured for IRQ 20
Feb  4 17:08:51 localhost kernel: [    0.454061] ACPI: PCI: Interrupt link GSIF configured for IRQ 21
Feb  4 17:08:51 localhost kernel: [    0.454833] ACPI: PCI: Interrupt link GSIG configured for IRQ 22
Feb  4 17:08:51 localhost kernel: [    0.455916] ACPI: PCI: Interrupt link GSIH configured for IRQ 23
Feb  4 17:08:51 localhost kernel: [    0.457512] iommu: Default domain type: Translated 
Feb  4 17:08:51 localhost kernel: [    0.458387] iommu: DMA domain TLB invalidation policy: lazy mode 
Feb  4 17:08:51 localhost kernel: [    0.459134] SCSI subsystem initialized
Feb  4 17:08:51 localhost kernel: [    0.459858] libata version 3.00 loaded.
Feb  4 17:08:51 localhost kernel: [    0.459928] pci 0000:00:01.0: vgaarb: setting as boot VGA device
Feb  4 17:08:51 localhost kernel: [    0.460991] pci 0000:00:01.0: vgaarb: VGA device added: decodes=io+mem,owns=io+mem,locks=none
Feb  4 17:08:51 localhost kernel: [    0.462504] pci 0000:00:01.0: vgaarb: bridge control possible
Feb  4 17:08:51 localhost kernel: [    0.462818] vgaarb: loaded
Feb  4 17:08:51 localhost kernel: [    0.463341] ACPI: bus type USB registered
Feb  4 17:08:51 localhost kernel: [    0.464073] usbcore: registered new interface driver usbfs
Feb  4 17:08:51 localhost kernel: [    0.465059] usbcore: registered new interface driver hub
Feb  4 17:08:51 localhost kernel: [    0.466017] usbcore: registered new device driver usb
Feb  4 17:08:51 localhost kernel: [    0.466848] pps_core: LinuxPPS API ver. 1 registered
Feb  4 17:08:51 localhost kernel: [    0.467729] pps_core: Software ver. 5.3.6 - Copyright 2005-2007 Rodolfo Giometti <giometti@linux.it>
Feb  4 17:08:51 localhost kernel: [    0.469333] PTP clock support registered
Feb  4 17:08:51 localhost kernel: [    0.470086] EDAC MC: Ver: 3.0.0
Feb  4 17:08:51 localhost kernel: [    0.471198] NetLabel: Initializing
Feb  4 17:08:51 localhost kernel: [    0.471814] NetLabel:  domain hash size = 128
Feb  4 17:08:51 localhost kernel: [    0.472585] NetLabel:  protocols = UNLABELED CIPSOv4 CALIPSO
Feb  4 17:08:51 localhost kernel: [    0.473602] NetLabel:  unlabeled traffic allowed by default
Feb  4 17:08:51 localhost kernel: [    0.474642] PCI: Using ACPI for IRQ routing
Feb  4 17:08:51 localhost kernel: [    0.616852] PCI: pci_cache_line_size set to 64 bytes
Feb  4 17:08:51 localhost kernel: [    0.617012] e820: reserve RAM buffer [mem 0x0009fc00-0x0009ffff]
Feb  4 17:08:51 localhost kernel: [    0.617016] e820: reserve RAM buffer [mem 0x3ffda000-0x3fffffff]
Feb  4 17:08:51 localhost kernel: [    0.617211] hpet0: at MMIO 0xfed00000, IRQs 2, 8, 0
Feb  4 17:08:51 localhost kernel: [    0.618086] hpet0: 3 comparators, 64-bit 100.000000 MHz counter
Feb  4 17:08:51 localhost kernel: [    0.620949] clocksource: Switched to clocksource kvm-clock
Feb  4 17:08:51 localhost kernel: [    0.644457] VFS: Disk quotas dquot_6.6.0
Feb  4 17:08:51 localhost kernel: [    0.645199] VFS: Dquot-cache hash table entries: 512 (order 0, 4096 bytes)
Feb  4 17:08:51 localhost kernel: [    0.646616] AppArmor: AppArmor Filesystem Enabled
Feb  4 17:08:51 localhost kernel: [    0.652486] pnp: PnP ACPI init
Feb  4 17:08:51 localhost kernel: [    0.653263] system 00:04: [mem 0xb0000000-0xbfffffff window] has been reserved
Feb  4 17:08:51 localhost kernel: [    0.654995] pnp: PnP ACPI: found 5 devices
Feb  4 17:08:51 localhost kernel: [    0.662069] clocksource: acpi_pm: mask: 0xffffff max_cycles: 0xffffff, max_idle_ns: 2085701024 ns
Feb  4 17:08:51 localhost kernel: [    0.663707] NET: Registered PF_INET protocol family
Feb  4 17:08:51 localhost kernel: [    0.664698] IP idents hash table entries: 16384 (order: 5, 131072 bytes, linear)
Feb  4 17:08:51 localhost kernel: [    0.669290] tcp_listen_portaddr_hash hash table entries: 512 (order: 1, 8192 bytes, linear)
Feb  4 17:08:51 localhost kernel: [    0.670961] Table-perturb hash table entries: 65536 (order: 6, 262144 bytes, linear)
Feb  4 17:08:51 localhost kernel: [    0.672445] TCP established hash table entries: 8192 (order: 4, 65536 bytes, linear)
Feb  4 17:08:51 localhost kernel: [    0.673923] TCP bind hash table entries: 8192 (order: 5, 131072 bytes, linear)
Feb  4 17:08:51 localhost kernel: [    0.675237] TCP: Hash tables configured (established 8192 bind 8192)
Feb  4 17:08:51 localhost kernel: [    0.676518] MPTCP token hash table entries: 1024 (order: 2, 24576 bytes, linear)
Feb  4 17:08:51 localhost kernel: [    0.677864] UDP hash table entries: 512 (order: 2, 16384 bytes, linear)
Feb  4 17:08:51 localhost kernel: [    0.679061] UDP-Lite hash table entries: 512 (order: 2, 16384 bytes, linear)
Feb  4 17:08:51 localhost kernel: [    0.680367] NET: Registered PF_UNIX/PF_LOCAL protocol family
Feb  4 17:08:51 localhost kernel: [    0.681401] NET: Registered PF_XDP protocol family
Feb  4 17:08:51 localhost kernel: [    0.682270] pci_bus 0000:00: resource 4 [io  0x0000-0x0cf7 window]
Feb  4 17:08:51 localhost kernel: [    0.683387] pci_bus 0000:00: resource 5 [io  0x0d00-0xffff window]
Feb  4 17:08:51 localhost kernel: [    0.684488] pci_bus 0000:00: resource 6 [mem 0x000a0000-0x000bffff window]
Feb  4 17:08:51 localhost kernel: [    0.685709] pci_bus 0000:00: resource 7 [mem 0x40000000-0xafffffff window]
Feb  4 17:08:51 localhost kernel: [    0.686931] pci_bus 0000:00: resource 8 [mem 0xc0000000-0xfebfffff window]
Feb  4 17:08:51 localhost kernel: [    0.688167] pci_bus 0000:00: resource 9 [mem 0x100000000-0x8ffffffff window]
Feb  4 17:08:51 localhost kernel: [    0.689526] PCI: CLS 0 bytes, default 64
Feb  4 17:08:51 localhost kernel: [    0.690295] Trying to unpack rootfs image as initramfs...
Feb  4 17:08:51 localhost kernel: [    0.695201] clocksource: tsc: mask: 0xffffffffffffffff max_cycles: 0x39a8595ce59, max_idle_ns: 881590778713 ns
Feb  4 17:08:51 localhost kernel: [    0.699520] Initialise system trusted keyrings
Feb  4 17:08:51 localhost kernel: [    0.700342] Key type blacklist registered
Feb  4 17:08:51 localhost kernel: [    0.703173] workingset: timestamp_bits=36 max_order=18 bucket_order=0
Feb  4 17:08:51 localhost kernel: [    0.706670] zbud: loaded
Feb  4 17:08:51 localhost kernel: [    0.711630] squashfs: version 4.0 (2009/01/31) Phillip Lougher
Feb  4 17:08:51 localhost kernel: [    0.715223] fuse: init (API version 7.34)
Feb  4 17:08:51 localhost kernel: [    0.716137] integrity: Platform Keyring initialized
Feb  4 17:08:51 localhost kernel: [    0.723302] Key type asymmetric registered
Feb  4 17:08:51 localhost kernel: [    0.724055] Asymmetric key parser 'x509' registered
Feb  4 17:08:51 localhost kernel: [    0.724942] Block layer SCSI generic (bsg) driver version 0.4 loaded (major 243)
Feb  4 17:08:51 localhost kernel: [    0.731169] io scheduler mq-deadline registered
Feb  4 17:08:51 localhost kernel: [    0.732184] shpchp: Standard Hot Plug PCI Controller Driver version: 0.4
Feb  4 17:08:51 localhost kernel: [    0.733545] input: Power Button as /devices/LNXSYSTM:00/LNXPWRBN:00/input/input0
Feb  4 17:08:51 localhost kernel: [    0.739182] ACPI: button: Power Button [PWRF]
Feb  4 17:08:51 localhost kernel: [    0.740839] ACPI: \_SB_.GSIG: Enabled at IRQ 22
Feb  4 17:08:51 localhost kernel: [    0.747617] ACPI: \_SB_.GSIH: Enabled at IRQ 23
Feb  4 17:08:51 localhost kernel: [    0.750245] ACPI: \_SB_.GSIE: Enabled at IRQ 20
Feb  4 17:08:51 localhost kernel: [    0.756019] Serial: 8250/16550 driver, 32 ports, IRQ sharing enabled
Feb  4 17:08:51 localhost kernel: [    0.807577] 00:02: ttyS0 at I/O 0x3f8 (irq = 4, base_baud = 115200) is a 16550A
Feb  4 17:08:51 localhost kernel: [    0.811968] Linux agpgart interface v0.103
Feb  4 17:08:51 localhost kernel: [    0.816974] loop: module loaded
Feb  4 17:08:51 localhost kernel: [    0.819392] tun: Universal TUN/TAP device driver, 1.6
Feb  4 17:08:51 localhost kernel: [    0.823158] PPP generic driver version 2.4.2
Feb  4 17:08:51 localhost kernel: [    0.823995] VFIO - User Level meta-driver version: 0.3
Feb  4 17:08:51 localhost kernel: [    0.827362] ehci_hcd: USB 2.0 'Enhanced' Host Controller (EHCI) Driver
Feb  4 17:08:51 localhost kernel: [    0.828533] ehci-pci: EHCI PCI platform driver
Feb  4 17:08:51 localhost kernel: [    0.829337] ehci-platform: EHCI generic platform driver
Feb  4 17:08:51 localhost kernel: [    0.830275] ohci_hcd: USB 1.1 'Open' Host Controller (OHCI) Driver
Feb  4 17:08:51 localhost kernel: [    0.835232] ohci-pci: OHCI PCI platform driver
Feb  4 17:08:51 localhost kernel: [    0.836052] ohci-platform: OHCI generic platform driver
Feb  4 17:08:51 localhost kernel: [    0.837001] uhci_hcd: USB Universal Host Controller Interface driver
Feb  4 17:08:51 localhost kernel: [    0.838193] i8042: PNP: PS/2 Controller [PNP0303:KBD,PNP0f13:MOU] at 0x60,0x64 irq 1,12
Feb  4 17:08:51 localhost kernel: [    0.843945] serio: i8042 KBD port at 0x60,0x64 irq 1
Feb  4 17:08:51 localhost kernel: [    0.844851] serio: i8042 AUX port at 0x60,0x64 irq 12
Feb  4 17:08:51 localhost kernel: [    0.847421] mousedev: PS/2 mouse device common for all mice
Feb  4 17:08:51 localhost kernel: [    0.848768] input: AT Translated Set 2 keyboard as /devices/platform/i8042/serio0/input/input1
Feb  4 17:08:51 localhost kernel: [    0.850534] rtc_cmos 00:03: RTC can wake from S4
Feb  4 17:08:51 localhost kernel: [    0.855745] rtc_cmos 00:03: registered as rtc0
Feb  4 17:08:51 localhost kernel: [    0.856636] rtc_cmos 00:03: setting system clock to 2025-02-04T17:08:40 UTC (1738688920)
Feb  4 17:08:51 localhost kernel: [    0.858141] rtc_cmos 00:03: alarms up to one day, y3k, 242 bytes nvram, hpet irqs
Feb  4 17:08:51 localhost kernel: [    0.863225] i2c_dev: i2c /dev entries driver
Feb  4 17:08:51 localhost kernel: [    0.864031] device-mapper: core: CONFIG_IMA_DISABLE_HTABLE is disabled. Duplicate IMA measurements will not be recorded in the IMA log.
Feb  4 17:08:51 localhost kernel: [    0.866207] device-mapper: uevent: version 1.0.3
Feb  4 17:08:51 localhost kernel: [    0.871177] device-mapper: ioctl: 4.45.0-ioctl (2021-03-22) initialised: dm-devel@redhat.com
Feb  4 17:08:51 localhost kernel: [    0.872703] platform eisa.0: Probing EISA bus 0
Feb  4 17:08:51 localhost kernel: [    0.873516] platform eisa.0: EISA: Cannot allocate resource for mainboard
Feb  4 17:08:51 localhost kernel: [    0.874720] platform eisa.0: Cannot allocate resource for EISA slot 1
Feb  4 17:08:51 localhost kernel: [    0.879239] platform eisa.0: Cannot allocate resource for EISA slot 2
Feb  4 17:08:51 localhost kernel: [    0.880392] platform eisa.0: Cannot allocate resource for EISA slot 3
Feb  4 17:08:51 localhost kernel: [    0.881545] platform eisa.0: Cannot allocate resource for EISA slot 4
Feb  4 17:08:51 localhost kernel: [    0.882689] platform eisa.0: Cannot allocate resource for EISA slot 5
Feb  4 17:08:51 localhost kernel: [    0.891170] platform eisa.0: Cannot allocate resource for EISA slot 6
Feb  4 17:08:51 localhost kernel: [    0.892332] platform eisa.0: Cannot allocate resource for EISA slot 7
Feb  4 17:08:51 localhost kernel: [    0.893477] platform eisa.0: Cannot allocate resource for EISA slot 8
Feb  4 17:08:51 localhost kernel: [    0.894624] platform eisa.0: EISA: Detected 0 cards
Feb  4 17:08:51 localhost kernel: [    0.899265] ledtrig-cpu: registered to indicate activity on CPUs
Feb  4 17:08:51 localhost kernel: [    0.900439] drop_monitor: Initializing network drop monitor service
Feb  4 17:08:51 localhost kernel: [    0.901761] NET: Registered PF_INET6 protocol family
Feb  4 17:08:51 localhost kernel: [    1.329506] Freeing initrd memory: 102280K
Feb  4 17:08:51 localhost kernel: [    1.336610] Segment Routing with IPv6
Feb  4 17:08:51 localhost kernel: [    1.337314] In-situ OAM (IOAM) with IPv6
Feb  4 17:08:51 localhost kernel: [    1.338052] NET: Registered PF_PACKET protocol family
Feb  4 17:08:51 localhost kernel: [    1.339013] Key type dns_resolver registered
Feb  4 17:08:51 localhost kernel: [    1.340005] IPI shorthand broadcast: enabled
Feb  4 17:08:51 localhost kernel: [    1.340809] sched_clock: Marking stable (1184654029, 155135849)->(1363070752, -23280874)
Feb  4 17:08:51 localhost kernel: [    1.342360] registered taskstats version 1
Feb  4 17:08:51 localhost kernel: [    1.343181] Loading compiled-in X.509 certificates
Feb  4 17:08:51 localhost kernel: [    1.344518] Loaded X.509 cert 'Build time autogenerated kernel key: bc78271084e1c922e7a575c8f81a7e84b9e26812'
Feb  4 17:08:51 localhost kernel: [    1.346684] Loaded X.509 cert 'Canonical Ltd. Live Patch Signing: 14df34d1a87cf37625abec039ef2bf521249b969'
Feb  4 17:08:51 localhost kernel: [    1.348858] Loaded X.509 cert 'Canonical Ltd. Kernel Module Signing: 88f752e560a1e0737e31163a466ad7b70a850c19'
Feb  4 17:08:51 localhost kernel: [    1.350626] blacklist: Loading compiled-in revocation X.509 certificates
Feb  4 17:08:51 localhost kernel: [    1.351862] Loaded X.509 cert 'Canonical Ltd. Secure Boot Signing: 61482aa2830d0ab2ad5af10b7250da9033ddcef0'
Feb  4 17:08:51 localhost kernel: [    1.353616] Loaded X.509 cert 'Canonical Ltd. Secure Boot Signing (2017): 242ade75ac4a15e50d50c84b0d45ff3eae707a03'
Feb  4 17:08:51 localhost kernel: [    1.355489] Loaded X.509 cert 'Canonical Ltd. Secure Boot Signing (ESM 2018): 365188c1d374d6b07c3c8f240f8ef722433d6a8b'
Feb  4 17:08:51 localhost kernel: [    1.357410] Loaded X.509 cert 'Canonical Ltd. Secure Boot Signing (2019): c0746fd6c5da3ae827864651ad66ae47fe24b3e8'
Feb  4 17:08:51 localhost kernel: [    1.359287] Loaded X.509 cert 'Canonical Ltd. Secure Boot Signing (2021 v1): a8d54bbb3825cfb94fa13c9f8a594a195c107b8d'
Feb  4 17:08:51 localhost kernel: [    1.361239] Loaded X.509 cert 'Canonical Ltd. Secure Boot Signing (2021 v2): 4cf046892d6fd3c9a5b03f98d845f90851dc6a8c'
Feb  4 17:08:51 localhost kernel: [    1.363177] Loaded X.509 cert 'Canonical Ltd. Secure Boot Signing (2021 v3): 100437bb6de6e469b581e61cd66bce3ef4ed53af'
Feb  4 17:08:51 localhost kernel: [    1.365083] Loaded X.509 cert 'Canonical Ltd. Secure Boot Signing (Ubuntu Core 2019): c1d57b8f6b743f23ee41f4f7ee292f06eecadfb9'
Feb  4 17:08:51 localhost kernel: [    1.367154] zswap: loaded using pool lzo/zbud
Feb  4 17:08:51 localhost kernel: [    1.368059] Key type .fscrypt registered
Feb  4 17:08:51 localhost kernel: [    1.368766] Key type fscrypt-provisioning registered
Feb  4 17:08:51 localhost kernel: [    1.372393] Key type encrypted registered
Feb  4 17:08:51 localhost kernel: [    1.373137] AppArmor: AppArmor sha1 policy hashing enabled
Feb  4 17:08:51 localhost kernel: [    1.374115] ima: No TPM chip found, activating TPM-bypass!
Feb  4 17:08:51 localhost kernel: [    1.375093] Loading compiled-in module X.509 certificates
Feb  4 17:08:51 localhost kernel: [    1.376505] Loaded X.509 cert 'Build time autogenerated kernel key: bc78271084e1c922e7a575c8f81a7e84b9e26812'
Feb  4 17:08:51 localhost kernel: [    1.378259] ima: Allocated hash algorithm: sha1
Feb  4 17:08:51 localhost kernel: [    1.379071] ima: No architecture policies found
Feb  4 17:08:51 localhost kernel: [    1.379926] evm: Initialising EVM extended attributes:
Feb  4 17:08:51 localhost kernel: [    1.380840] evm: security.selinux
Feb  4 17:08:51 localhost kernel: [    1.381444] evm: security.SMACK64
Feb  4 17:08:51 localhost kernel: [    1.382038] evm: security.SMACK64EXEC
Feb  4 17:08:51 localhost kernel: [    1.382698] evm: security.SMACK64TRANSMUTE
Feb  4 17:08:51 localhost kernel: [    1.383447] evm: security.SMACK64MMAP
Feb  4 17:08:51 localhost kernel: [    1.384107] evm: security.apparmor
Feb  4 17:08:51 localhost kernel: [    1.384720] evm: security.ima
Feb  4 17:08:51 localhost kernel: [    1.385256] evm: security.capability
Feb  4 17:08:51 localhost kernel: [    1.385898] evm: HMAC attrs: 0x1
Feb  4 17:08:51 localhost kernel: [    1.386819] PM:   Magic number: 13:143:137
Feb  4 17:08:51 localhost kernel: [    1.387764] RAS: Correctable Errors collector initialized.
Feb  4 17:08:51 localhost kernel: [    1.388763] clk: Disabling unused clocks
Feb  4 17:08:51 localhost kernel: [    1.391177] Freeing unused decrypted memory: 2036K
Feb  4 17:08:51 localhost kernel: [    1.392621] Freeing unused kernel image (initmem) memory: 3372K
Feb  4 17:08:51 localhost kernel: [    1.393716] Write protecting the kernel read-only data: 30720k
Feb  4 17:08:51 localhost kernel: [    1.395346] Freeing unused kernel image (text/rodata gap) memory: 2036K
Feb  4 17:08:51 localhost kernel: [    1.396741] Freeing unused kernel image (rodata/data gap) memory: 1316K
Feb  4 17:08:51 localhost kernel: [    1.453786] x86/mm: Checked W+X mappings: passed, no W+X pages found.
Feb  4 17:08:51 localhost kernel: [    1.454950] Run /init as init process
Feb  4 17:08:51 localhost kernel: [    1.455622]   with arguments:
Feb  4 17:08:51 localhost kernel: [    1.455623]     /init
Feb  4 17:08:51 localhost kernel: [    1.455625]   with environment:
Feb  4 17:08:51 localhost kernel: [    1.455626]     HOME=/
Feb  4 17:08:51 localhost kernel: [    1.455627]     TERM=linux
Feb  4 17:08:51 localhost kernel: [    1.455628]     BOOT_IMAGE=/boot/vmlinuz-5.15.0-131-generic
Feb  4 17:08:51 localhost kernel: [    1.607540] lpc_ich 0000:00:1f.0: I/O space for GPIO uninitialized
Feb  4 17:08:51 localhost kernel: [    1.609653] input: VirtualPS/2 VMware VMMouse as /devices/platform/i8042/serio1/input/input4
Feb  4 17:08:51 localhost kernel: [    1.611459] input: VirtualPS/2 VMware VMMouse as /devices/platform/i8042/serio1/input/input3
Feb  4 17:08:51 localhost kernel: [    1.615276] cryptd: max_cpu_qlen set to 1000
Feb  4 17:08:51 localhost kernel: [    1.617610] ACPI: \_SB_.GSIA: Enabled at IRQ 16
Feb  4 17:08:51 localhost kernel: [    1.618567] i801_smbus 0000:00:1f.3: SMBus using PCI interrupt
Feb  4 17:08:51 localhost kernel: [    1.620727] ahci 0000:00:1f.2: version 3.0
Feb  4 17:08:51 localhost kernel: [    1.621945] ahci 0000:00:1f.2: AHCI 0001.0000 32 slots 6 ports 1.5 Gbps 0x3f impl SATA mode
